=== Начало массового парсинга ЕГЭ: Wed Aug  5 08:36:55 UTC 2026 ===

=== [Химия] старт: Wed Aug  5 08:36:55 UTC 2026 ===
🚀 Запуск умного парсинга ФИПИ [chem_ege] | Домен: https://ege.fipi.ru | Проект: EA45D8517ABEB35140D0D83E76F14A41
✅ Сессия ФИПИ успешно получена!
⏳ Скачиваем страницу 1 из 80...
✅ Страница 1 готова! Всего собрано: 20 задач.
⏳ Скачиваем страницу 2 из 80...
✅ Страница 2 готова! Всего собрано: 40 задач.
⏳ Скачиваем страницу 3 из 80...
✅ Страница 3 готова! Всего собрано: 60 задач.
⏳ Скачиваем страницу 4 из 80...
✅ Страница 4 готова! Всего собрано: 80 задач.
⏳ Скачиваем страницу 5 из 80...
✅ Страница 5 готова! Всего собрано: 100 задач.
⏳ Скачиваем страницу 6 из 80...
✅ Страница 6 готова! Всего собрано: 120 задач.
⏳ Скачиваем страницу 7 из 80...
✅ Страница 7 готова! Всего собрано: 140 задач.
⏳ Скачиваем страницу 8 из 80...
✅ Страница 8 готова! Всего собрано: 160 задач.
⏳ Скачиваем страницу 9 из 80...
✅ Страница 9 готова! Всего собрано: 180 задач.
⏳ Скачиваем страницу 10 из 80...
✅ Страница 10 готова! Всего собрано: 200 задач.
⏳ Скачиваем страницу 11 из 80...
✅ Страница 11 готова! Всего собрано: 220 задач.
⏳ Скачиваем страницу 12 из 80...
✅ Страница 12 готова! Всего собрано: 240 задач.
⏳ Скачиваем страницу 13 из 80...
✅ Страница 13 готова! Всего собрано: 260 задач.
⏳ Скачиваем страницу 14 из 80...
✅ Страница 14 готова! Всего собрано: 280 задач.
⏳ Скачиваем страницу 15 из 80...
✅ Страница 15 готова! Всего собрано: 300 задач.
⏳ Скачиваем страницу 16 из 80...
✅ Страница 16 готова! Всего собрано: 320 задач.
⏳ Скачиваем страницу 17 из 80...
✅ Страница 17 готова! Всего собрано: 340 задач.
⏳ Скачиваем страницу 18 из 80...
✅ Страница 18 готова! Всего собрано: 360 задач.
⏳ Скачиваем страницу 19 из 80...
✅ Страница 19 готова! Всего собрано: 380 задач.
⏳ Скачиваем страницу 20 из 80...
✅ Страница 20 готова! Всего собрано: 400 задач.
⏳ Скачиваем страницу 21 из 80...
✅ Страница 21 готова! Всего собрано: 420 задач.
⏳ Скачиваем страницу 22 из 80...
✅ Страница 22 готова! Всего собрано: 440 задач.
⏳ Скачиваем страницу 23 из 80...
✅ Страница 23 готова! Всего собрано: 460 задач.
⏳ Скачиваем страницу 24 из 80...
✅ Страница 24 готова! Всего собрано: 480 задач.
⏳ Скачиваем страницу 25 из 80...
✅ Страница 25 готова! Всего собрано: 500 задач.
⏳ Скачиваем страницу 26 из 80...
✅ Страница 26 готова! Всего собрано: 520 задач.
⏳ Скачиваем страницу 27 из 80...
✅ Страница 27 готова! Всего собрано: 540 задач.
⏳ Скачиваем страницу 28 из 80...
✅ Страница 28 готова! Всего собрано: 560 задач.
⏳ Скачиваем страницу 29 из 80...
✅ Страница 29 готова! Всего собрано: 580 задач.
⏳ Скачиваем страницу 30 из 80...
✅ Страница 30 готова! Всего собрано: 600 задач.
⏳ Скачиваем страницу 31 из 80...
✅ Страница 31 готова! Всего собрано: 620 задач.
⏳ Скачиваем страницу 32 из 80...
✅ Страница 32 готова! Всего собрано: 640 задач.
⏳ Скачиваем страницу 33 из 80...
✅ Страница 33 готова! Всего собрано: 660 задач.
⏳ Скачиваем страницу 34 из 80...
✅ Страница 34 готова! Всего собрано: 680 задач.
⏳ Скачиваем страницу 35 из 80...
✅ Страница 35 готова! Всего собрано: 700 задач.
⏳ Скачиваем страницу 36 из 80...
✅ Страница 36 готова! Всего собрано: 720 задач.
⏳ Скачиваем страницу 37 из 80...
✅ Страница 37 готова! Всего собрано: 740 задач.
⏳ Скачиваем страницу 38 из 80...
✅ Страница 38 готова! Всего собрано: 760 задач.
⏳ Скачиваем страницу 39 из 80...
✅ Страница 39 готова! Всего собрано: 780 задач.
⏳ Скачиваем страницу 40 из 80...
✅ Страница 40 готова! Всего собрано: 800 задач.
⏳ Скачиваем страницу 41 из 80...
✅ Страница 41 готова! Всего собрано: 820 задач.
⏳ Скачиваем страницу 42 из 80...
✅ Страница 42 готова! Всего собрано: 840 задач.
⏳ Скачиваем страницу 43 из 80...
✅ Страница 43 готова! Всего собрано: 860 задач.
⏳ Скачиваем страницу 44 из 80...
✅ Страница 44 готова! Всего собрано: 880 задач.
⏳ Скачиваем страницу 45 из 80...
✅ Страница 45 готова! Всего собрано: 900 задач.
⏳ Скачиваем страницу 46 из 80...
✅ Страница 46 готова! Всего собрано: 920 задач.
⏳ Скачиваем страницу 47 из 80...
✅ Страница 47 готова! Всего собрано: 940 задач.
⏳ Скачиваем страницу 48 из 80...
✅ Страница 48 готова! Всего собрано: 960 задач.
⏳ Скачиваем страницу 49 из 80...
✅ Страница 49 готова! Всего собрано: 980 задач.
⏳ Скачиваем страницу 50 из 80...
✅ Страница 50 готова! Всего собрано: 1000 задач.
⏳ Скачиваем страницу 51 из 80...
✅ Страница 51 готова! Всего собрано: 1020 задач.
⏳ Скачиваем страницу 52 из 80...
✅ Страница 52 готова! Всего собрано: 1040 задач.
⏳ Скачиваем страницу 53 из 80...
✅ Страница 53 готова! Всего собрано: 1060 задач.
⏳ Скачиваем страницу 54 из 80...
✅ Страница 54 готова! Всего собрано: 1080 задач.
⏳ Скачиваем страницу 55 из 80...
✅ Страница 55 готова! Всего собрано: 1100 задач.
⏳ Скачиваем страницу 56 из 80...
✅ Страница 56 готова! Всего собрано: 1120 задач.
⏳ Скачиваем страницу 57 из 80...
✅ Страница 57 готова! Всего собрано: 1140 задач.
⏳ Скачиваем страницу 58 из 80...
✅ Страница 58 готова! Всего собрано: 1160 задач.
⏳ Скачиваем страницу 59 из 80...
✅ Страница 59 готова! Всего собрано: 1180 задач.
⏳ Скачиваем страницу 60 из 80...
✅ Страница 60 готова! Всего собрано: 1200 задач.
⏳ Скачиваем страницу 61 из 80...
✅ Страница 61 готова! Всего собрано: 1220 задач.
⏳ Скачиваем страницу 62 из 80...
✅ Страница 62 готова! Всего собрано: 1240 задач.
⏳ Скачиваем страницу 63 из 80...
✅ Страница 63 готова! Всего собрано: 1260 задач.
⏳ Скачиваем страницу 64 из 80...
✅ Страница 64 готова! Всего собрано: 1280 задач.
⏳ Скачиваем страницу 65 из 80...
✅ Страница 65 готова! Всего собрано: 1300 задач.
⏳ Скачиваем страницу 66 из 80...
✅ Страница 66 готова! Всего собрано: 1320 задач.
⏳ Скачиваем страницу 67 из 80...
✅ Страница 67 готова! Всего собрано: 1340 задач.
⏳ Скачиваем страницу 68 из 80...
✅ Страница 68 готова! Всего собрано: 1360 задач.
⏳ Скачиваем страницу 69 из 80...
✅ Страница 69 готова! Всего собрано: 1380 задач.
⏳ Скачиваем страницу 70 из 80...
✅ Страница 70 готова! Всего собрано: 1400 задач.
⏳ Скачиваем страницу 71 из 80...
✅ Страница 71 готова! Всего собрано: 1420 задач.
⏳ Скачиваем страницу 72 из 80...
✅ Страница 72 готова! Всего собрано: 1440 задач.
⏳ Скачиваем страницу 73 из 80...
✅ Страница 73 готова! Всего собрано: 1460 задач.
⏳ Скачиваем страницу 74 из 80...
✅ Страница 74 готова! Всего собрано: 1480 задач.
⏳ Скачиваем страницу 75 из 80...
✅ Страница 75 готова! Всего собрано: 1500 задач.
⏳ Скачиваем страницу 76 из 80...
✅ Страница 76 готова! Всего собрано: 1520 задач.
⏳ Скачиваем страницу 77 из 80...
✅ Страница 77 готова! Всего собрано: 1540 задач.
⏳ Скачиваем страницу 78 из 80...
✅ Страница 78 готова! Всего собрано: 1560 задач.
⏳ Скачиваем страницу 79 из 80...
✅ Страница 79 готова! Всего собрано: 1580 задач.
⏳ Скачиваем страницу 80 из 80...
✅ Страница 80 готова! Всего собрано: 1600 задач.

🎉 СБОР ЗАВЕРШЕН! Сохранено 1600 задач в файл: questions/chem_ege.json
=== [Химия] готово: Wed Aug  5 08:38:03 UTC 2026 ===

=== [Физика] старт: Wed Aug  5 08:38:03 UTC 2026 ===
🚀 Запуск умного парсинга ФИПИ [phys_ege] | Домен: https://ege.fipi.ru | Проект: BA1F39653304A5B041B656915DC36B38
✅ Сессия ФИПИ успешно получена!
⏳ Скачиваем страницу 1 из 100...
✅ Страница 1 готова! Всего собрано: 20 задач.
⏳ Скачиваем страницу 2 из 100...
✅ Страница 2 готова! Всего собрано: 40 задач.
⏳ Скачиваем страницу 3 из 100...
✅ Страница 3 готова! Всего собрано: 60 задач.
⏳ Скачиваем страницу 4 из 100...
✅ Страница 4 готова! Всего собрано: 80 задач.
⏳ Скачиваем страницу 5 из 100...
✅ Страница 5 готова! Всего собрано: 100 задач.
⏳ Скачиваем страницу 6 из 100...
✅ Страница 6 готова! Всего собрано: 120 задач.
⏳ Скачиваем страницу 7 из 100...
✅ Страница 7 готова! Всего собрано: 140 задач.
⏳ Скачиваем страницу 8 из 100...
✅ Страница 8 готова! Всего собрано: 160 задач.
⏳ Скачиваем страницу 9 из 100...
✅ Страница 9 готова! Всего собрано: 180 задач.
⏳ Скачиваем страницу 10 из 100...
✅ Страница 10 готова! Всего собрано: 200 задач.
⏳ Скачиваем страницу 11 из 100...
✅ Страница 11 готова! Всего собрано: 220 задач.
⏳ Скачиваем страницу 12 из 100...
✅ Страница 12 готова! Всего собрано: 240 задач.
⏳ Скачиваем страницу 13 из 100...
✅ Страница 13 готова! Всего собрано: 260 задач.
⏳ Скачиваем страницу 14 из 100...
✅ Страница 14 готова! Всего собрано: 280 задач.
⏳ Скачиваем страницу 15 из 100...
✅ Страница 15 готова! Всего собрано: 300 задач.
⏳ Скачиваем страницу 16 из 100...
✅ Страница 16 готова! Всего собрано: 320 задач.
⏳ Скачиваем страницу 17 из 100...
✅ Страница 17 готова! Всего собрано: 340 задач.
⏳ Скачиваем страницу 18 из 100...
✅ Страница 18 готова! Всего собрано: 360 задач.
⏳ Скачиваем страницу 19 из 100...
✅ Страница 19 готова! Всего собрано: 380 задач.
⏳ Скачиваем страницу 20 из 100...
✅ Страница 20 готова! Всего собрано: 400 задач.
⏳ Скачиваем страницу 21 из 100...
✅ Страница 21 готова! Всего собрано: 420 задач.
⏳ Скачиваем страницу 22 из 100...
✅ Страница 22 готова! Всего собрано: 440 задач.
⏳ Скачиваем страницу 23 из 100...
✅ Страница 23 готова! Всего собрано: 460 задач.
⏳ Скачиваем страницу 24 из 100...
✅ Страница 24 готова! Всего собрано: 480 задач.
⏳ Скачиваем страницу 25 из 100...
✅ Страница 25 готова! Всего собрано: 500 задач.
⏳ Скачиваем страницу 26 из 100...
✅ Страница 26 готова! Всего собрано: 520 задач.
⏳ Скачиваем страницу 27 из 100...
✅ Страница 27 готова! Всего собрано: 540 задач.
⏳ Скачиваем страницу 28 из 100...
✅ Страница 28 готова! Всего собрано: 560 задач.
⏳ Скачиваем страницу 29 из 100...
✅ Страница 29 готова! Всего собрано: 580 задач.
⏳ Скачиваем страницу 30 из 100...
✅ Страница 30 готова! Всего собрано: 600 задач.
⏳ Скачиваем страницу 31 из 100...
✅ Страница 31 готова! Всего собрано: 620 задач.
⏳ Скачиваем страницу 32 из 100...
✅ Страница 32 готова! Всего собрано: 640 задач.
⏳ Скачиваем страницу 33 из 100...
✅ Страница 33 готова! Всего собрано: 660 задач.
⏳ Скачиваем страницу 34 из 100...
✅ Страница 34 готова! Всего собрано: 680 задач.
⏳ Скачиваем страницу 35 из 100...
✅ Страница 35 готова! Всего собрано: 700 задач.
⏳ Скачиваем страницу 36 из 100...
✅ Страница 36 готова! Всего собрано: 720 задач.
⏳ Скачиваем страницу 37 из 100...
✅ Страница 37 готова! Всего собрано: 740 задач.
⏳ Скачиваем страницу 38 из 100...
✅ Страница 38 готова! Всего собрано: 760 задач.
⏳ Скачиваем страницу 39 из 100...
✅ Страница 39 готова! Всего собрано: 780 задач.
⏳ Скачиваем страницу 40 из 100...
✅ Страница 40 готова! Всего собрано: 800 задач.
⏳ Скачиваем страницу 41 из 100...
✅ Страница 41 готова! Всего собрано: 820 задач.
⏳ Скачиваем страницу 42 из 100...
✅ Страница 42 готова! Всего собрано: 840 задач.
⏳ Скачиваем страницу 43 из 100...
✅ Страница 43 готова! Всего собрано: 860 задач.
⏳ Скачиваем страницу 44 из 100...
✅ Страница 44 готова! Всего собрано: 880 задач.
⏳ Скачиваем страницу 45 из 100...
✅ Страница 45 готова! Всего собрано: 900 задач.
⏳ Скачиваем страницу 46 из 100...
✅ Страница 46 готова! Всего собрано: 920 задач.
⏳ Скачиваем страницу 47 из 100...
✅ Страница 47 готова! Всего собрано: 940 задач.
⏳ Скачиваем страницу 48 из 100...
✅ Страница 48 готова! Всего собрано: 960 задач.
⏳ Скачиваем страницу 49 из 100...
✅ Страница 49 готова! Всего собрано: 980 задач.
⏳ Скачиваем страницу 50 из 100...
✅ Страница 50 готова! Всего собрано: 1000 задач.
⏳ Скачиваем страницу 51 из 100...
✅ Страница 51 готова! Всего собрано: 1020 задач.
⏳ Скачиваем страницу 52 из 100...
✅ Страница 52 готова! Всего собрано: 1040 задач.
⏳ Скачиваем страницу 53 из 100...
✅ Страница 53 готова! Всего собрано: 1060 задач.
⏳ Скачиваем страницу 54 из 100...
✅ Страница 54 готова! Всего собрано: 1080 задач.
⏳ Скачиваем страницу 55 из 100...
✅ Страница 55 готова! Всего собрано: 1100 задач.
⏳ Скачиваем страницу 56 из 100...
✅ Страница 56 готова! Всего собрано: 1120 задач.
⏳ Скачиваем страницу 57 из 100...
✅ Страница 57 готова! Всего собрано: 1140 задач.
⏳ Скачиваем страницу 58 из 100...
✅ Страница 58 готова! Всего собрано: 1160 задач.
⏳ Скачиваем страницу 59 из 100...
✅ Страница 59 готова! Всего собрано: 1180 задач.
⏳ Скачиваем страницу 60 из 100...
✅ Страница 60 готова! Всего собрано: 1200 задач.
⏳ Скачиваем страницу 61 из 100...
✅ Страница 61 готова! Всего собрано: 1220 задач.
⏳ Скачиваем страницу 62 из 100...
✅ Страница 62 готова! Всего собрано: 1240 задач.
⏳ Скачиваем страницу 63 из 100...
✅ Страница 63 готова! Всего собрано: 1260 задач.
⏳ Скачиваем страницу 64 из 100...
✅ Страница 64 готова! Всего собрано: 1280 задач.
⏳ Скачиваем страницу 65 из 100...
✅ Страница 65 готова! Всего собрано: 1300 задач.
⏳ Скачиваем страницу 66 из 100...
✅ Страница 66 готова! Всего собрано: 1320 задач.
⏳ Скачиваем страницу 67 из 100...
✅ Страница 67 готова! Всего собрано: 1340 задач.
⏳ Скачиваем страницу 68 из 100...
✅ Страница 68 готова! Всего собрано: 1360 задач.
⏳ Скачиваем страницу 69 из 100...
✅ Страница 69 готова! Всего собрано: 1380 задач.
⏳ Скачиваем страницу 70 из 100...
✅ Страница 70 готова! Всего собрано: 1400 задач.
⏳ Скачиваем страницу 71 из 100...
✅ Страница 71 готова! Всего собрано: 1420 задач.
⏳ Скачиваем страницу 72 из 100...
✅ Страница 72 готова! Всего собрано: 1440 задач.
⏳ Скачиваем страницу 73 из 100...
✅ Страница 73 готова! Всего собрано: 1460 задач.
⏳ Скачиваем страницу 74 из 100...
✅ Страница 74 готова! Всего собрано: 1480 задач.
⏳ Скачиваем страницу 75 из 100...
✅ Страница 75 готова! Всего собрано: 1500 задач.
⏳ Скачиваем страницу 76 из 100...
✅ Страница 76 готова! Всего собрано: 1520 задач.
⏳ Скачиваем страницу 77 из 100...
✅ Страница 77 готова! Всего собрано: 1540 задач.
⏳ Скачиваем страницу 78 из 100...
✅ Страница 78 готова! Всего собрано: 1560 задач.
⏳ Скачиваем страницу 79 из 100...
✅ Страница 79 готова! Всего собрано: 1580 задач.
⏳ Скачиваем страницу 80 из 100...
✅ Страница 80 готова! Всего собрано: 1600 задач.
⏳ Скачиваем страницу 81 из 100...
✅ Страница 81 готова! Всего собрано: 1620 задач.
⏳ Скачиваем страницу 82 из 100...
✅ Страница 82 готова! Всего собрано: 1640 задач.
⏳ Скачиваем страницу 83 из 100...
✅ Страница 83 готова! Всего собрано: 1660 задач.
⏳ Скачиваем страницу 84 из 100...
✅ Страница 84 готова! Всего собрано: 1680 задач.
⏳ Скачиваем страницу 85 из 100...
✅ Страница 85 готова! Всего собрано: 1700 задач.
⏳ Скачиваем страницу 86 из 100...
✅ Страница 86 готова! Всего собрано: 1720 задач.
⏳ Скачиваем страницу 87 из 100...
✅ Страница 87 готова! Всего собрано: 1740 задач.
⏳ Скачиваем страницу 88 из 100...
✅ Страница 88 готова! Всего собрано: 1760 задач.
⏳ Скачиваем страницу 89 из 100...
✅ Страница 89 готова! Всего собрано: 1780 задач.
⏳ Скачиваем страницу 90 из 100...
✅ Страница 90 готова! Всего собрано: 1800 задач.
⏳ Скачиваем страницу 91 из 100...
✅ Страница 91 готова! Всего собрано: 1820 задач.
⏳ Скачиваем страницу 92 из 100...
✅ Страница 92 готова! Всего собрано: 1840 задач.
⏳ Скачиваем страницу 93 из 100...
✅ Страница 93 готова! Всего собрано: 1860 задач.
⏳ Скачиваем страницу 94 из 100...
✅ Страница 94 готова! Всего собрано: 1880 задач.
⏳ Скачиваем страницу 95 из 100...
✅ Страница 95 готова! Всего собрано: 1900 задач.
⏳ Скачиваем страницу 96 из 100...
✅ Страница 96 готова! Всего собрано: 1920 задач.
⏳ Скачиваем страницу 97 из 100...
✅ Страница 97 готова! Всего собрано: 1940 задач.
⏳ Скачиваем страницу 98 из 100...
✅ Страница 98 готова! Всего собрано: 1960 задач.
⏳ Скачиваем страницу 99 из 100...
✅ Страница 99 готова! Всего собрано: 1980 задач.
⏳ Скачиваем страницу 100 из 100...
✅ Страница 100 готова! Всего собрано: 2000 задач.

🎉 СБОР ЗАВЕРШЕН! Сохранено 2000 задач в файл: questions/phys_ege.json
=== [Физика] готово: Wed Aug  5 08:39:28 UTC 2026 ===

=== [Русский] старт: Wed Aug  5 08:39:28 UTC 2026 ===
🚀 Запуск умного парсинга ФИПИ [russian_ege] | Домен: https://ege.fipi.ru | Проект: AF0ED3F2557F8FFC4C06F80B6803FD26
✅ Сессия ФИПИ успешно получена!
⏳ Скачиваем страницу 1 из 100...
✅ Страница 1 готова! Всего собрано: 20 задач.
⏳ Скачиваем страницу 2 из 100...
✅ Страница 2 готова! Всего собрано: 40 задач.
⏳ Скачиваем страницу 3 из 100...
✅ Страница 3 готова! Всего собрано: 60 задач.
⏳ Скачиваем страницу 4 из 100...
✅ Страница 4 готова! Всего собрано: 80 задач.
⏳ Скачиваем страницу 5 из 100...
✅ Страница 5 готова! Всего собрано: 100 задач.
⏳ Скачиваем страницу 6 из 100...
✅ Страница 6 готова! Всего собрано: 120 задач.
⏳ Скачиваем страницу 7 из 100...
✅ Страница 7 готова! Всего собрано: 140 задач.
⏳ Скачиваем страницу 8 из 100...
✅ Страница 8 готова! Всего собрано: 160 задач.
⏳ Скачиваем страницу 9 из 100...
✅ Страница 9 готова! Всего собрано: 180 задач.
⏳ Скачиваем страницу 10 из 100...
✅ Страница 10 готова! Всего собрано: 200 задач.
⏳ Скачиваем страницу 11 из 100...
✅ Страница 11 готова! Всего собрано: 220 задач.
⏳ Скачиваем страницу 12 из 100...
✅ Страница 12 готова! Всего собрано: 240 задач.
⏳ Скачиваем страницу 13 из 100...
✅ Страница 13 готова! Всего собрано: 260 задач.
⏳ Скачиваем страницу 14 из 100...
✅ Страница 14 готова! Всего собрано: 280 задач.
⏳ Скачиваем страницу 15 из 100...
✅ Страница 15 готова! Всего собрано: 300 задач.
⏳ Скачиваем страницу 16 из 100...
✅ Страница 16 готова! Всего собрано: 320 задач.
⏳ Скачиваем страницу 17 из 100...
✅ Страница 17 готова! Всего собрано: 340 задач.
⏳ Скачиваем страницу 18 из 100...
✅ Страница 18 готова! Всего собрано: 360 задач.
⏳ Скачиваем страницу 19 из 100...
✅ Страница 19 готова! Всего собрано: 380 задач.
⏳ Скачиваем страницу 20 из 100...
✅ Страница 20 готова! Всего собрано: 400 задач.
⏳ Скачиваем страницу 21 из 100...
✅ Страница 21 готова! Всего собрано: 420 задач.
⏳ Скачиваем страницу 22 из 100...
✅ Страница 22 готова! Всего собрано: 440 задач.
⏳ Скачиваем страницу 23 из 100...
✅ Страница 23 готова! Всего собрано: 460 задач.
⏳ Скачиваем страницу 24 из 100...
✅ Страница 24 готова! Всего собрано: 480 задач.
⏳ Скачиваем страницу 25 из 100...
✅ Страница 25 готова! Всего собрано: 500 задач.
⏳ Скачиваем страницу 26 из 100...
✅ Страница 26 готова! Всего собрано: 520 задач.
⏳ Скачиваем страницу 27 из 100...
✅ Страница 27 готова! Всего собрано: 540 задач.
⏳ Скачиваем страницу 28 из 100...
✅ Страница 28 готова! Всего собрано: 560 задач.
⏳ Скачиваем страницу 29 из 100...
✅ Страница 29 готова! Всего собрано: 580 задач.
⏳ Скачиваем страницу 30 из 100...
✅ Страница 30 готова! Всего собрано: 600 задач.
⏳ Скачиваем страницу 31 из 100...
✅ Страница 31 готова! Всего собрано: 620 задач.
⏳ Скачиваем страницу 32 из 100...
✅ Страница 32 готова! Всего собрано: 640 задач.
⏳ Скачиваем страницу 33 из 100...
✅ Страница 33 готова! Всего собрано: 660 задач.
⏳ Скачиваем страницу 34 из 100...
✅ Страница 34 готова! Всего собрано: 680 задач.
⏳ Скачиваем страницу 35 из 100...
✅ Страница 35 готова! Всего собрано: 700 задач.
⏳ Скачиваем страницу 36 из 100...
✅ Страница 36 готова! Всего собрано: 720 задач.
⏳ Скачиваем страницу 37 из 100...
✅ Страница 37 готова! Всего собрано: 740 задач.
⏳ Скачиваем страницу 38 из 100...
✅ Страница 38 готова! Всего собрано: 760 задач.
⏳ Скачиваем страницу 39 из 100...
✅ Страница 39 готова! Всего собрано: 780 задач.
⏳ Скачиваем страницу 40 из 100...
✅ Страница 40 готова! Всего собрано: 800 задач.
⏳ Скачиваем страницу 41 из 100...
✅ Страница 41 готова! Всего собрано: 820 задач.
⏳ Скачиваем страницу 42 из 100...
✅ Страница 42 готова! Всего собрано: 840 задач.
⏳ Скачиваем страницу 43 из 100...
✅ Страница 43 готова! Всего собрано: 860 задач.
⏳ Скачиваем страницу 44 из 100...
✅ Страница 44 готова! Всего собрано: 880 задач.
⏳ Скачиваем страницу 45 из 100...
✅ Страница 45 готова! Всего собрано: 900 задач.
⏳ Скачиваем страницу 46 из 100...
✅ Страница 46 готова! Всего собрано: 920 задач.
⏳ Скачиваем страницу 47 из 100...
✅ Страница 47 готова! Всего собрано: 940 задач.
⏳ Скачиваем страницу 48 из 100...
✅ Страница 48 готова! Всего собрано: 960 задач.
⏳ Скачиваем страницу 49 из 100...
✅ Страница 49 готова! Всего собрано: 980 задач.
⏳ Скачиваем страницу 50 из 100...
✅ Страница 50 готова! Всего собрано: 1000 задач.
⏳ Скачиваем страницу 51 из 100...
✅ Страница 51 готова! Всего собрано: 1020 задач.
⏳ Скачиваем страницу 52 из 100...
✅ Страница 52 готова! Всего собрано: 1040 задач.
⏳ Скачиваем страницу 53 из 100...
✅ Страница 53 готова! Всего собрано: 1060 задач.
⏳ Скачиваем страницу 54 из 100...
✅ Страница 54 готова! Всего собрано: 1080 задач.
⏳ Скачиваем страницу 55 из 100...
✅ Страница 55 готова! Всего собрано: 1100 задач.
⏳ Скачиваем страницу 56 из 100...
✅ Страница 56 готова! Всего собрано: 1120 задач.
⏳ Скачиваем страницу 57 из 100...
✅ Страница 57 готова! Всего собрано: 1140 задач.
⏳ Скачиваем страницу 58 из 100...
✅ Страница 58 готова! Всего собрано: 1160 задач.
⏳ Скачиваем страницу 59 из 100...
✅ Страница 59 готова! Всего собрано: 1180 задач.
⏳ Скачиваем страницу 60 из 100...
✅ Страница 60 готова! Всего собрано: 1200 задач.
⏳ Скачиваем страницу 61 из 100...
✅ Страница 61 готова! Всего собрано: 1220 задач.
⏳ Скачиваем страницу 62 из 100...
✅ Страница 62 готова! Всего собрано: 1240 задач.
⏳ Скачиваем страницу 63 из 100...
✅ Страница 63 готова! Всего собрано: 1260 задач.
⏳ Скачиваем страницу 64 из 100...
✅ Страница 64 готова! Всего собрано: 1280 задач.
⏳ Скачиваем страницу 65 из 100...
✅ Страница 65 готова! Всего собрано: 1300 задач.
⏳ Скачиваем страницу 66 из 100...
✅ Страница 66 готова! Всего собрано: 1320 задач.
⏳ Скачиваем страницу 67 из 100...
✅ Страница 67 готова! Всего собрано: 1340 задач.
⏳ Скачиваем страницу 68 из 100...
✅ Страница 68 готова! Всего собрано: 1360 задач.
⏳ Скачиваем страницу 69 из 100...
✅ Страница 69 готова! Всего собрано: 1380 задач.
⏳ Скачиваем страницу 70 из 100...
✅ Страница 70 готова! Всего собрано: 1400 задач.
⏳ Скачиваем страницу 71 из 100...
✅ Страница 71 готова! Всего собрано: 1420 задач.
⏳ Скачиваем страницу 72 из 100...
✅ Страница 72 готова! Всего собрано: 1440 задач.
⏳ Скачиваем страницу 73 из 100...
✅ Страница 73 готова! Всего собрано: 1460 задач.
⏳ Скачиваем страницу 74 из 100...
✅ Страница 74 готова! Всего собрано: 1480 задач.
⏳ Скачиваем страницу 75 из 100...
✅ Страница 75 готова! Всего собрано: 1500 задач.
⏳ Скачиваем страницу 76 из 100...
✅ Страница 76 готова! Всего собрано: 1520 задач.
⏳ Скачиваем страницу 77 из 100...
✅ Страница 77 готова! Всего собрано: 1540 задач.
⏳ Скачиваем страницу 78 из 100...
✅ Страница 78 готова! Всего собрано: 1560 задач.
⏳ Скачиваем страницу 79 из 100...
✅ Страница 79 готова! Всего собрано: 1580 задач.
⏳ Скачиваем страницу 80 из 100...
✅ Страница 80 готова! Всего собрано: 1600 задач.
⏳ Скачиваем страницу 81 из 100...
✅ Страница 81 готова! Всего собрано: 1620 задач.
⏳ Скачиваем страницу 82 из 100...
✅ Страница 82 готова! Всего собрано: 1640 задач.
⏳ Скачиваем страницу 83 из 100...
✅ Страница 83 готова! Всего собрано: 1660 задач.
⏳ Скачиваем страницу 84 из 100...
✅ Страница 84 готова! Всего собрано: 1680 задач.
⏳ Скачиваем страницу 85 из 100...
✅ Страница 85 готова! Всего собрано: 1700 задач.
⏳ Скачиваем страницу 86 из 100...
✅ Страница 86 готова! Всего собрано: 1720 задач.
⏳ Скачиваем страницу 87 из 100...
✅ Страница 87 готова! Всего собрано: 1740 задач.
⏳ Скачиваем страницу 88 из 100...
✅ Страница 88 готова! Всего собрано: 1760 задач.
⏳ Скачиваем страницу 89 из 100...
✅ Страница 89 готова! Всего собрано: 1780 задач.
⏳ Скачиваем страницу 90 из 100...
✅ Страница 90 готова! Всего собрано: 1800 задач.
⏳ Скачиваем страницу 91 из 100...
✅ Страница 91 готова! Всего собрано: 1820 задач.
⏳ Скачиваем страницу 92 из 100...
✅ Страница 92 готова! Всего собрано: 1840 задач.
⏳ Скачиваем страницу 93 из 100...
✅ Страница 93 готова! Всего собрано: 1860 задач.
⏳ Скачиваем страницу 94 из 100...
✅ Страница 94 готова! Всего собрано: 1880 задач.
⏳ Скачиваем страницу 95 из 100...
✅ Страница 95 готова! Всего собрано: 1900 задач.
⏳ Скачиваем страницу 96 из 100...
✅ Страница 96 готова! Всего собрано: 1920 задач.
⏳ Скачиваем страницу 97 из 100...
✅ Страница 97 готова! Всего собрано: 1940 задач.
⏳ Скачиваем страницу 98 из 100...
✅ Страница 98 готова! Всего собрано: 1960 задач.
⏳ Скачиваем страницу 99 из 100...
✅ Страница 99 готова! Всего собрано: 1980 задач.
⏳ Скачиваем страницу 100 из 100...
✅ Страница 100 готова! Всего собрано: 2000 задач.

🎉 СБОР ЗАВЕРШЕН! Сохранено 2000 задач в файл: questions/russian_ege.json
=== [Русский] готово: Wed Aug  5 08:40:43 UTC 2026 ===

=== [Обществознание] старт: Wed Aug  5 08:40:43 UTC 2026 ===
🚀 Запуск умного парсинга ФИПИ [social_ege] | Домен: https://ege.fipi.ru | Проект: 756DF168F63F9A6341711C61AA5EC578
✅ Сессия ФИПИ успешно получена!
⏳ Скачиваем страницу 1 из 100...
✅ Страница 1 готова! Всего собрано: 20 задач.
⏳ Скачиваем страницу 2 из 100...
✅ Страница 2 готова! Всего собрано: 40 задач.
⏳ Скачиваем страницу 3 из 100...
✅ Страница 3 готова! Всего собрано: 60 задач.
⏳ Скачиваем страницу 4 из 100...
✅ Страница 4 готова! Всего собрано: 80 задач.
⏳ Скачиваем страницу 5 из 100...
✅ Страница 5 готова! Всего собрано: 100 задач.
⏳ Скачиваем страницу 6 из 100...
✅ Страница 6 готова! Всего собрано: 120 задач.
⏳ Скачиваем страницу 7 из 100...
✅ Страница 7 готова! Всего собрано: 140 задач.
⏳ Скачиваем страницу 8 из 100...
✅ Страница 8 готова! Всего собрано: 160 задач.
⏳ Скачиваем страницу 9 из 100...
✅ Страница 9 готова! Всего собрано: 180 задач.
⏳ Скачиваем страницу 10 из 100...
✅ Страница 10 готова! Всего собрано: 200 задач.
⏳ Скачиваем страницу 11 из 100...
✅ Страница 11 готова! Всего собрано: 220 задач.
⏳ Скачиваем страницу 12 из 100...
✅ Страница 12 готова! Всего собрано: 240 задач.
⏳ Скачиваем страницу 13 из 100...
✅ Страница 13 готова! Всего собрано: 260 задач.
⏳ Скачиваем страницу 14 из 100...
✅ Страница 14 готова! Всего собрано: 280 задач.
⏳ Скачиваем страницу 15 из 100...
✅ Страница 15 готова! Всего собрано: 300 задач.
⏳ Скачиваем страницу 16 из 100...
✅ Страница 16 готова! Всего собрано: 320 задач.
⏳ Скачиваем страницу 17 из 100...
✅ Страница 17 готова! Всего собрано: 340 задач.
⏳ Скачиваем страницу 18 из 100...
✅ Страница 18 готова! Всего собрано: 360 задач.
⏳ Скачиваем страницу 19 из 100...
✅ Страница 19 готова! Всего собрано: 380 задач.
⏳ Скачиваем страницу 20 из 100...
✅ Страница 20 готова! Всего собрано: 400 задач.
⏳ Скачиваем страницу 21 из 100...
✅ Страница 21 готова! Всего собрано: 420 задач.
⏳ Скачиваем страницу 22 из 100...
✅ Страница 22 готова! Всего собрано: 440 задач.
⏳ Скачиваем страницу 23 из 100...
✅ Страница 23 готова! Всего собрано: 460 задач.
⏳ Скачиваем страницу 24 из 100...
✅ Страница 24 готова! Всего собрано: 480 задач.
⏳ Скачиваем страницу 25 из 100...
✅ Страница 25 готова! Всего собрано: 500 задач.
⏳ Скачиваем страницу 26 из 100...
✅ Страница 26 готова! Всего собрано: 520 задач.
⏳ Скачиваем страницу 27 из 100...
✅ Страница 27 готова! Всего собрано: 540 задач.
⏳ Скачиваем страницу 28 из 100...
✅ Страница 28 готова! Всего собрано: 560 задач.
⏳ Скачиваем страницу 29 из 100...
✅ Страница 29 готова! Всего собрано: 580 задач.
⏳ Скачиваем страницу 30 из 100...
✅ Страница 30 готова! Всего собрано: 600 задач.
⏳ Скачиваем страницу 31 из 100...
✅ Страница 31 готова! Всего собрано: 620 задач.
⏳ Скачиваем страницу 32 из 100...
✅ Страница 32 готова! Всего собрано: 640 задач.
⏳ Скачиваем страницу 33 из 100...
✅ Страница 33 готова! Всего собрано: 660 задач.
⏳ Скачиваем страницу 34 из 100...
✅ Страница 34 готова! Всего собрано: 680 задач.
⏳ Скачиваем страницу 35 из 100...
✅ Страница 35 готова! Всего собрано: 700 задач.
⏳ Скачиваем страницу 36 из 100...
✅ Страница 36 готова! Всего собрано: 720 задач.
⏳ Скачиваем страницу 37 из 100...
✅ Страница 37 готова! Всего собрано: 740 задач.
⏳ Скачиваем страницу 38 из 100...
✅ Страница 38 готова! Всего собрано: 760 задач.
⏳ Скачиваем страницу 39 из 100...
✅ Страница 39 готова! Всего собрано: 780 задач.
⏳ Скачиваем страницу 40 из 100...
✅ Страница 40 готова! Всего собрано: 800 задач.
⏳ Скачиваем страницу 41 из 100...
✅ Страница 41 готова! Всего собрано: 820 задач.
⏳ Скачиваем страницу 42 из 100...
✅ Страница 42 готова! Всего собрано: 840 задач.
⏳ Скачиваем страницу 43 из 100...
✅ Страница 43 готова! Всего собрано: 860 задач.
⏳ Скачиваем страницу 44 из 100...
✅ Страница 44 готова! Всего собрано: 880 задач.
⏳ Скачиваем страницу 45 из 100...
✅ Страница 45 готова! Всего собрано: 900 задач.
⏳ Скачиваем страницу 46 из 100...
✅ Страница 46 готова! Всего собрано: 920 задач.
⏳ Скачиваем страницу 47 из 100...
✅ Страница 47 готова! Всего собрано: 940 задач.
⏳ Скачиваем страницу 48 из 100...
✅ Страница 48 готова! Всего собрано: 960 задач.
⏳ Скачиваем страницу 49 из 100...
✅ Страница 49 готова! Всего собрано: 980 задач.
⏳ Скачиваем страницу 50 из 100...
✅ Страница 50 готова! Всего собрано: 1000 задач.
⏳ Скачиваем страницу 51 из 100...
✅ Страница 51 готова! Всего собрано: 1020 задач.
⏳ Скачиваем страницу 52 из 100...
✅ Страница 52 готова! Всего собрано: 1040 задач.
⏳ Скачиваем страницу 53 из 100...
✅ Страница 53 готова! Всего собрано: 1060 задач.
⏳ Скачиваем страницу 54 из 100...
✅ Страница 54 готова! Всего собрано: 1080 задач.
⏳ Скачиваем страницу 55 из 100...
✅ Страница 55 готова! Всего собрано: 1100 задач.
⏳ Скачиваем страницу 56 из 100...
✅ Страница 56 готова! Всего собрано: 1120 задач.
⏳ Скачиваем страницу 57 из 100...
✅ Страница 57 готова! Всего собрано: 1140 задач.
⏳ Скачиваем страницу 58 из 100...
✅ Страница 58 готова! Всего собрано: 1160 задач.
⏳ Скачиваем страницу 59 из 100...
✅ Страница 59 готова! Всего собрано: 1180 задач.
⏳ Скачиваем страницу 60 из 100...
✅ Страница 60 готова! Всего собрано: 1200 задач.
⏳ Скачиваем страницу 61 из 100...
✅ Страница 61 готова! Всего собрано: 1220 задач.
⏳ Скачиваем страницу 62 из 100...
✅ Страница 62 готова! Всего собрано: 1240 задач.
⏳ Скачиваем страницу 63 из 100...
✅ Страница 63 готова! Всего собрано: 1260 задач.
⏳ Скачиваем страницу 64 из 100...
✅ Страница 64 готова! Всего собрано: 1280 задач.
⏳ Скачиваем страницу 65 из 100...
✅ Страница 65 готова! Всего собрано: 1300 задач.
⏳ Скачиваем страницу 66 из 100...
✅ Страница 66 готова! Всего собрано: 1320 задач.
⏳ Скачиваем страницу 67 из 100...
✅ Страница 67 готова! Всего собрано: 1340 задач.
⏳ Скачиваем страницу 68 из 100...
✅ Страница 68 готова! Всего собрано: 1360 задач.
⏳ Скачиваем страницу 69 из 100...
✅ Страница 69 готова! Всего собрано: 1380 задач.
⏳ Скачиваем страницу 70 из 100...
✅ Страница 70 готова! Всего собрано: 1400 задач.
⏳ Скачиваем страницу 71 из 100...
✅ Страница 71 готова! Всего собрано: 1420 задач.
⏳ Скачиваем страницу 72 из 100...
✅ Страница 72 готова! Всего собрано: 1440 задач.
⏳ Скачиваем страницу 73 из 100...
✅ Страница 73 готова! Всего собрано: 1460 задач.
⏳ Скачиваем страницу 74 из 100...
✅ Страница 74 готова! Всего собрано: 1480 задач.
⏳ Скачиваем страницу 75 из 100...
✅ Страница 75 готова! Всего собрано: 1500 задач.
⏳ Скачиваем страницу 76 из 100...
✅ Страница 76 готова! Всего собрано: 1520 задач.
⏳ Скачиваем страницу 77 из 100...
✅ Страница 77 готова! Всего собрано: 1540 задач.
⏳ Скачиваем страницу 78 из 100...
✅ Страница 78 готова! Всего собрано: 1560 задач.
⏳ Скачиваем страницу 79 из 100...
✅ Страница 79 готова! Всего собрано: 1580 задач.
⏳ Скачиваем страницу 80 из 100...
✅ Страница 80 готова! Всего собрано: 1600 задач.
⏳ Скачиваем страницу 81 из 100...
✅ Страница 81 готова! Всего собрано: 1620 задач.
⏳ Скачиваем страницу 82 из 100...
✅ Страница 82 готова! Всего собрано: 1640 задач.
⏳ Скачиваем страницу 83 из 100...
✅ Страница 83 готова! Всего собрано: 1660 задач.
⏳ Скачиваем страницу 84 из 100...
✅ Страница 84 готова! Всего собрано: 1680 задач.
⏳ Скачиваем страницу 85 из 100...
✅ Страница 85 готова! Всего собрано: 1700 задач.
⏳ Скачиваем страницу 86 из 100...
✅ Страница 86 готова! Всего собрано: 1720 задач.
⏳ Скачиваем страницу 87 из 100...
✅ Страница 87 готова! Всего собрано: 1740 задач.
⏳ Скачиваем страницу 88 из 100...
✅ Страница 88 готова! Всего собрано: 1760 задач.
⏳ Скачиваем страницу 89 из 100...
✅ Страница 89 готова! Всего собрано: 1780 задач.
⏳ Скачиваем страницу 90 из 100...
✅ Страница 90 готова! Всего собрано: 1800 задач.
⏳ Скачиваем страницу 91 из 100...
✅ Страница 91 готова! Всего собрано: 1820 задач.
⏳ Скачиваем страницу 92 из 100...
✅ Страница 92 готова! Всего собрано: 1840 задач.
⏳ Скачиваем страницу 93 из 100...
✅ Страница 93 готова! Всего собрано: 1860 задач.
⏳ Скачиваем страницу 94 из 100...
✅ Страница 94 готова! Всего собрано: 1880 задач.
⏳ Скачиваем страницу 95 из 100...
✅ Страница 95 готова! Всего собрано: 1900 задач.
⏳ Скачиваем страницу 96 из 100...
✅ Страница 96 готова! Всего собрано: 1920 задач.
⏳ Скачиваем страницу 97 из 100...
✅ Страница 97 готова! Всего собрано: 1940 задач.
⏳ Скачиваем страницу 98 из 100...
✅ Страница 98 готова! Всего собрано: 1960 задач.
⏳ Скачиваем страницу 99 из 100...
✅ Страница 99 готова! Всего собрано: 1980 задач.
⏳ Скачиваем страницу 100 из 100...
✅ Страница 100 готова! Всего собрано: 2000 задач.

🎉 СБОР ЗАВЕРШЕН! Сохранено 2000 задач в файл: questions/social_ege.json
=== [Обществознание] готово: Wed Aug  5 08:42:16 UTC 2026 ===

=== [Литература] старт: Wed Aug  5 08:42:16 UTC 2026 ===
🚀 Запуск умного парсинга ФИПИ [ege_literature] | Домен: https://ege.fipi.ru | Проект: 4F431E63B9C9B25246F00AD7B5253996
✅ Сессия ФИПИ успешно получена!
⏳ Скачиваем страницу 1 из 80...
✅ Страница 1 готова! Всего собрано: 20 задач.
⏳ Скачиваем страницу 2 из 80...
✅ Страница 2 готова! Всего собрано: 40 задач.
⏳ Скачиваем страницу 3 из 80...
✅ Страница 3 готова! Всего собрано: 60 задач.
⏳ Скачиваем страницу 4 из 80...
✅ Страница 4 готова! Всего собрано: 80 задач.
⏳ Скачиваем страницу 5 из 80...
✅ Страница 5 готова! Всего собрано: 100 задач.
⏳ Скачиваем страницу 6 из 80...
✅ Страница 6 готова! Всего собрано: 120 задач.
⏳ Скачиваем страницу 7 из 80...
✅ Страница 7 готова! Всего собрано: 140 задач.
⏳ Скачиваем страницу 8 из 80...
✅ Страница 8 готова! Всего собрано: 160 задач.
⏳ Скачиваем страницу 9 из 80...
✅ Страница 9 готова! Всего собрано: 180 задач.
⏳ Скачиваем страницу 10 из 80...
✅ Страница 10 готова! Всего собрано: 200 задач.
⏳ Скачиваем страницу 11 из 80...
✅ Страница 11 готова! Всего собрано: 220 задач.
⏳ Скачиваем страницу 12 из 80...
✅ Страница 12 готова! Всего собрано: 240 задач.
⏳ Скачиваем страницу 13 из 80...
✅ Страница 13 готова! Всего собрано: 260 задач.
⏳ Скачиваем страницу 14 из 80...
✅ Страница 14 готова! Всего собрано: 280 задач.
⏳ Скачиваем страницу 15 из 80...
✅ Страница 15 готова! Всего собрано: 300 задач.
⏳ Скачиваем страницу 16 из 80...
✅ Страница 16 готова! Всего собрано: 320 задач.
⏳ Скачиваем страницу 17 из 80...
✅ Страница 17 готова! Всего собрано: 340 задач.
⏳ Скачиваем страницу 18 из 80...
✅ Страница 18 готова! Всего собрано: 360 задач.
⏳ Скачиваем страницу 19 из 80...
✅ Страница 19 готова! Всего собрано: 380 задач.
⏳ Скачиваем страницу 20 из 80...
✅ Страница 20 готова! Всего собрано: 400 задач.
⏳ Скачиваем страницу 21 из 80...
✅ Страница 21 готова! Всего собрано: 420 задач.
⏳ Скачиваем страницу 22 из 80...
✅ Страница 22 готова! Всего собрано: 440 задач.
⏳ Скачиваем страницу 23 из 80...
✅ Страница 23 готова! Всего собрано: 460 задач.
⏳ Скачиваем страницу 24 из 80...
✅ Страница 24 готова! Всего собрано: 480 задач.
⏳ Скачиваем страницу 25 из 80...
✅ Страница 25 готова! Всего собрано: 500 задач.
⏳ Скачиваем страницу 26 из 80...
✅ Страница 26 готова! Всего собрано: 520 задач.
⏳ Скачиваем страницу 27 из 80...
✅ Страница 27 готова! Всего собрано: 540 задач.
⏳ Скачиваем страницу 28 из 80...
✅ Страница 28 готова! Всего собрано: 560 задач.
⏳ Скачиваем страницу 29 из 80...
✅ Страница 29 готова! Всего собрано: 580 задач.
⏳ Скачиваем страницу 30 из 80...
✅ Страница 30 готова! Всего собрано: 600 задач.
⏳ Скачиваем страницу 31 из 80...
✅ Страница 31 готова! Всего собрано: 620 задач.
⏳ Скачиваем страницу 32 из 80...
✅ Страница 32 готова! Всего собрано: 640 задач.
⏳ Скачиваем страницу 33 из 80...
✅ Страница 33 готова! Всего собрано: 660 задач.
⏳ Скачиваем страницу 34 из 80...
✅ Страница 34 готова! Всего собрано: 680 задач.
⏳ Скачиваем страницу 35 из 80...
✅ Страница 35 готова! Всего собрано: 700 задач.
⏳ Скачиваем страницу 36 из 80...
✅ Страница 36 готова! Всего собрано: 720 задач.
⏳ Скачиваем страницу 37 из 80...
✅ Страница 37 готова! Всего собрано: 740 задач.
⏳ Скачиваем страницу 38 из 80...
✅ Страница 38 готова! Всего собрано: 760 задач.
⏳ Скачиваем страницу 39 из 80...
✅ Страница 39 готова! Всего собрано: 780 задач.
⏳ Скачиваем страницу 40 из 80...
✅ Страница 40 готова! Всего собрано: 800 задач.
⏳ Скачиваем страницу 41 из 80...
✅ Страница 41 готова! Всего собрано: 820 задач.
⏳ Скачиваем страницу 42 из 80...
✅ Страница 42 готова! Всего собрано: 840 задач.
⏳ Скачиваем страницу 43 из 80...
✅ Страница 43 готова! Всего собрано: 860 задач.
⏳ Скачиваем страницу 44 из 80...
✅ Страница 44 готова! Всего собрано: 880 задач.
⏳ Скачиваем страницу 45 из 80...
✅ Страница 45 готова! Всего собрано: 900 задач.
⏳ Скачиваем страницу 46 из 80...
✅ Страница 46 готова! Всего собрано: 920 задач.
⏳ Скачиваем страницу 47 из 80...
✅ Страница 47 готова! Всего собрано: 940 задач.
⏳ Скачиваем страницу 48 из 80...
✅ Страница 48 готова! Всего собрано: 960 задач.
⏳ Скачиваем страницу 49 из 80...
✅ Страница 49 готова! Всего собрано: 980 задач.
⏳ Скачиваем страницу 50 из 80...
✅ Страница 50 готова! Всего собрано: 1000 задач.
⏳ Скачиваем страницу 51 из 80...
✅ Страница 51 готова! Всего собрано: 1020 задач.
⏳ Скачиваем страницу 52 из 80...
✅ Страница 52 готова! Всего собрано: 1040 задач.
⏳ Скачиваем страницу 53 из 80...
✅ Страница 53 готова! Всего собрано: 1060 задач.
⏳ Скачиваем страницу 54 из 80...
✅ Страница 54 готова! Всего собрано: 1080 задач.
⏳ Скачиваем страницу 55 из 80...
✅ Страница 55 готова! Всего собрано: 1100 задач.
⏳ Скачиваем страницу 56 из 80...
✅ Страница 56 готова! Всего собрано: 1120 задач.
⏳ Скачиваем страницу 57 из 80...
✅ Страница 57 готова! Всего собрано: 1140 задач.
⏳ Скачиваем страницу 58 из 80...
✅ Страница 58 готова! Всего собрано: 1160 задач.
⏳ Скачиваем страницу 59 из 80...
✅ Страница 59 готова! Всего собрано: 1180 задач.
⏳ Скачиваем страницу 60 из 80...
✅ Страница 60 готова! Всего собрано: 1200 задач.
⏳ Скачиваем страницу 61 из 80...
✅ Страница 61 готова! Всего собрано: 1220 задач.
⏳ Скачиваем страницу 62 из 80...
✅ Страница 62 готова! Всего собрано: 1240 задач.
⏳ Скачиваем страницу 63 из 80...
✅ Страница 63 готова! Всего собрано: 1260 задач.
⏳ Скачиваем страницу 64 из 80...
✅ Страница 64 готова! Всего собрано: 1280 задач.
⏳ Скачиваем страницу 65 из 80...
✅ Страница 65 готова! Всего собрано: 1300 задач.
⏳ Скачиваем страницу 66 из 80...
✅ Страница 66 готова! Всего собрано: 1320 задач.
⏳ Скачиваем страницу 67 из 80...
✅ Страница 67 готова! Всего собрано: 1340 задач.
⏳ Скачиваем страницу 68 из 80...
✅ Страница 68 готова! Всего собрано: 1360 задач.
⏳ Скачиваем страницу 69 из 80...
✅ Страница 69 готова! Всего собрано: 1380 задач.
⏳ Скачиваем страницу 70 из 80...
✅ Страница 70 готова! Всего собрано: 1400 задач.
⏳ Скачиваем страницу 71 из 80...
✅ Страница 71 готова! Всего собрано: 1420 задач.
⏳ Скачиваем страницу 72 из 80...
✅ Страница 72 готова! Всего собрано: 1440 задач.
⏳ Скачиваем страницу 73 из 80...
✅ Страница 73 готова! Всего собрано: 1460 задач.
⏳ Скачиваем страницу 74 из 80...
✅ Страница 74 готова! Всего собрано: 1480 задач.
⏳ Скачиваем страницу 75 из 80...
✅ Страница 75 готова! Всего собрано: 1500 задач.
⏳ Скачиваем страницу 76 из 80...
✅ Страница 76 готова! Всего собрано: 1520 задач.
⏳ Скачиваем страницу 77 из 80...
✅ Страница 77 готова! Всего собрано: 1540 задач.
⏳ Скачиваем страницу 78 из 80...
✅ Страница 78 готова! Всего собрано: 1560 задач.
⏳ Скачиваем страницу 79 из 80...
✅ Страница 79 готова! Всего собрано: 1580 задач.
⏳ Скачиваем страницу 80 из 80...
✅ Страница 80 готова! Всего собрано: 1600 задач.

🎉 СБОР ЗАВЕРШЕН! Сохранено 1600 задач в файл: questions/ege_literature.json
=== [Литература] готово: Wed Aug  5 08:43:05 UTC 2026 ===

=== [История] старт: Wed Aug  5 08:43:05 UTC 2026 ===
🚀 Запуск умного парсинга ФИПИ [history_ege] | Домен: https://ege.fipi.ru | Проект: 068A227D253BA6C04D0C832387FD0D89
✅ Сессия ФИПИ успешно получена!
⏳ Скачиваем страницу 1 из 120...
✅ Страница 1 готова! Всего собрано: 20 задач.
⏳ Скачиваем страницу 2 из 120...
✅ Страница 2 готова! Всего собрано: 40 задач.
⏳ Скачиваем страницу 3 из 120...
✅ Страница 3 готова! Всего собрано: 60 задач.
⏳ Скачиваем страницу 4 из 120...
✅ Страница 4 готова! Всего собрано: 80 задач.
⏳ Скачиваем страницу 5 из 120...
✅ Страница 5 готова! Всего собрано: 100 задач.
⏳ Скачиваем страницу 6 из 120...
✅ Страница 6 готова! Всего собрано: 120 задач.
⏳ Скачиваем страницу 7 из 120...
✅ Страница 7 готова! Всего собрано: 140 задач.
⏳ Скачиваем страницу 8 из 120...
✅ Страница 8 готова! Всего собрано: 160 задач.
⏳ Скачиваем страницу 9 из 120...
✅ Страница 9 готова! Всего собрано: 180 задач.
⏳ Скачиваем страницу 10 из 120...
✅ Страница 10 готова! Всего собрано: 200 задач.
⏳ Скачиваем страницу 11 из 120...
✅ Страница 11 готова! Всего собрано: 220 задач.
⏳ Скачиваем страницу 12 из 120...
✅ Страница 12 готова! Всего собрано: 240 задач.
⏳ Скачиваем страницу 13 из 120...
✅ Страница 13 готова! Всего собрано: 260 задач.
⏳ Скачиваем страницу 14 из 120...
✅ Страница 14 готова! Всего собрано: 280 задач.
⏳ Скачиваем страницу 15 из 120...
✅ Страница 15 готова! Всего собрано: 300 задач.
⏳ Скачиваем страницу 16 из 120...
✅ Страница 16 готова! Всего собрано: 320 задач.
⏳ Скачиваем страницу 17 из 120...
✅ Страница 17 готова! Всего собрано: 340 задач.
⏳ Скачиваем страницу 18 из 120...
✅ Страница 18 готова! Всего собрано: 360 задач.
⏳ Скачиваем страницу 19 из 120...
✅ Страница 19 готова! Всего собрано: 380 задач.
⏳ Скачиваем страницу 20 из 120...
✅ Страница 20 готова! Всего собрано: 400 задач.
⏳ Скачиваем страницу 21 из 120...
✅ Страница 21 готова! Всего собрано: 420 задач.
⏳ Скачиваем страницу 22 из 120...
✅ Страница 22 готова! Всего собрано: 440 задач.
⏳ Скачиваем страницу 23 из 120...
✅ Страница 23 готова! Всего собрано: 460 задач.
⏳ Скачиваем страницу 24 из 120...
✅ Страница 24 готова! Всего собрано: 480 задач.
⏳ Скачиваем страницу 25 из 120...
✅ Страница 25 готова! Всего собрано: 500 задач.
⏳ Скачиваем страницу 26 из 120...
✅ Страница 26 готова! Всего собрано: 520 задач.
⏳ Скачиваем страницу 27 из 120...
✅ Страница 27 готова! Всего собрано: 540 задач.
⏳ Скачиваем страницу 28 из 120...
✅ Страница 28 готова! Всего собрано: 560 задач.
⏳ Скачиваем страницу 29 из 120...
✅ Страница 29 готова! Всего собрано: 580 задач.
⏳ Скачиваем страницу 30 из 120...
✅ Страница 30 готова! Всего собрано: 600 задач.
⏳ Скачиваем страницу 31 из 120...
✅ Страница 31 готова! Всего собрано: 620 задач.
⏳ Скачиваем страницу 32 из 120...
✅ Страница 32 готова! Всего собрано: 640 задач.
⏳ Скачиваем страницу 33 из 120...
✅ Страница 33 готова! Всего собрано: 660 задач.
⏳ Скачиваем страницу 34 из 120...
✅ Страница 34 готова! Всего собрано: 680 задач.
⏳ Скачиваем страницу 35 из 120...
✅ Страница 35 готова! Всего собрано: 700 задач.
⏳ Скачиваем страницу 36 из 120...
✅ Страница 36 готова! Всего собрано: 720 задач.
⏳ Скачиваем страницу 37 из 120...
✅ Страница 37 готова! Всего собрано: 740 задач.
⏳ Скачиваем страницу 38 из 120...
✅ Страница 38 готова! Всего собрано: 760 задач.
⏳ Скачиваем страницу 39 из 120...
✅ Страница 39 готова! Всего собрано: 780 задач.
⏳ Скачиваем страницу 40 из 120...
✅ Страница 40 готова! Всего собрано: 800 задач.
⏳ Скачиваем страницу 41 из 120...
✅ Страница 41 готова! Всего собрано: 820 задач.
⏳ Скачиваем страницу 42 из 120...
✅ Страница 42 готова! Всего собрано: 840 задач.
⏳ Скачиваем страницу 43 из 120...
✅ Страница 43 готова! Всего собрано: 860 задач.
⏳ Скачиваем страницу 44 из 120...
✅ Страница 44 готова! Всего собрано: 880 задач.
⏳ Скачиваем страницу 45 из 120...
✅ Страница 45 готова! Всего собрано: 900 задач.
⏳ Скачиваем страницу 46 из 120...
✅ Страница 46 готова! Всего собрано: 920 задач.
⏳ Скачиваем страницу 47 из 120...
✅ Страница 47 готова! Всего собрано: 940 задач.
⏳ Скачиваем страницу 48 из 120...
✅ Страница 48 готова! Всего собрано: 960 задач.
⏳ Скачиваем страницу 49 из 120...
✅ Страница 49 готова! Всего собрано: 980 задач.
⏳ Скачиваем страницу 50 из 120...
✅ Страница 50 готова! Всего собрано: 1000 задач.
⏳ Скачиваем страницу 51 из 120...
✅ Страница 51 готова! Всего собрано: 1020 задач.
⏳ Скачиваем страницу 52 из 120...
✅ Страница 52 готова! Всего собрано: 1040 задач.
⏳ Скачиваем страницу 53 из 120...
✅ Страница 53 готова! Всего собрано: 1060 задач.
⏳ Скачиваем страницу 54 из 120...
✅ Страница 54 готова! Всего собрано: 1080 задач.
⏳ Скачиваем страницу 55 из 120...
✅ Страница 55 готова! Всего собрано: 1100 задач.
⏳ Скачиваем страницу 56 из 120...
✅ Страница 56 готова! Всего собрано: 1120 задач.
⏳ Скачиваем страницу 57 из 120...
✅ Страница 57 готова! Всего собрано: 1140 задач.
⏳ Скачиваем страницу 58 из 120...
✅ Страница 58 готова! Всего собрано: 1160 задач.
⏳ Скачиваем страницу 59 из 120...
✅ Страница 59 готова! Всего собрано: 1180 задач.
⏳ Скачиваем страницу 60 из 120...
✅ Страница 60 готова! Всего собрано: 1200 задач.
⏳ Скачиваем страницу 61 из 120...
✅ Страница 61 готова! Всего собрано: 1220 задач.
⏳ Скачиваем страницу 62 из 120...
✅ Страница 62 готова! Всего собрано: 1240 задач.
⏳ Скачиваем страницу 63 из 120...
✅ Страница 63 готова! Всего собрано: 1260 задач.
⏳ Скачиваем страницу 64 из 120...
✅ Страница 64 готова! Всего собрано: 1280 задач.
⏳ Скачиваем страницу 65 из 120...
✅ Страница 65 готова! Всего собрано: 1300 задач.
⏳ Скачиваем страницу 66 из 120...
✅ Страница 66 готова! Всего собрано: 1320 задач.
⏳ Скачиваем страницу 67 из 120...
✅ Страница 67 готова! Всего собрано: 1340 задач.
⏳ Скачиваем страницу 68 из 120...
✅ Страница 68 готова! Всего собрано: 1360 задач.
⏳ Скачиваем страницу 69 из 120...
✅ Страница 69 готова! Всего собрано: 1380 задач.
⏳ Скачиваем страницу 70 из 120...
✅ Страница 70 готова! Всего собрано: 1400 задач.
⏳ Скачиваем страницу 71 из 120...
✅ Страница 71 готова! Всего собрано: 1420 задач.
⏳ Скачиваем страницу 72 из 120...
✅ Страница 72 готова! Всего собрано: 1440 задач.
⏳ Скачиваем страницу 73 из 120...
✅ Страница 73 готова! Всего собрано: 1460 задач.
⏳ Скачиваем страницу 74 из 120...
✅ Страница 74 готова! Всего собрано: 1480 задач.
⏳ Скачиваем страницу 75 из 120...
✅ Страница 75 готова! Всего собрано: 1500 задач.
⏳ Скачиваем страницу 76 из 120...
✅ Страница 76 готова! Всего собрано: 1520 задач.
⏳ Скачиваем страницу 77 из 120...
✅ Страница 77 готова! Всего собрано: 1540 задач.
⏳ Скачиваем страницу 78 из 120...
✅ Страница 78 готова! Всего собрано: 1560 задач.
⏳ Скачиваем страницу 79 из 120...
✅ Страница 79 готова! Всего собрано: 1580 задач.
⏳ Скачиваем страницу 80 из 120...
✅ Страница 80 готова! Всего собрано: 1600 задач.
⏳ Скачиваем страницу 81 из 120...
✅ Страница 81 готова! Всего собрано: 1620 задач.
⏳ Скачиваем страницу 82 из 120...
✅ Страница 82 готова! Всего собрано: 1640 задач.
⏳ Скачиваем страницу 83 из 120...
✅ Страница 83 готова! Всего собрано: 1660 задач.
⏳ Скачиваем страницу 84 из 120...
✅ Страница 84 готова! Всего собрано: 1680 задач.
⏳ Скачиваем страницу 85 из 120...
✅ Страница 85 готова! Всего собрано: 1700 задач.
⏳ Скачиваем страницу 86 из 120...
✅ Страница 86 готова! Всего собрано: 1720 задач.
⏳ Скачиваем страницу 87 из 120...
✅ Страница 87 готова! Всего собрано: 1740 задач.
⏳ Скачиваем страницу 88 из 120...
✅ Страница 88 готова! Всего собрано: 1760 задач.
⏳ Скачиваем страницу 89 из 120...
✅ Страница 89 готова! Всего собрано: 1780 задач.
⏳ Скачиваем страницу 90 из 120...
✅ Страница 90 готова! Всего собрано: 1800 задач.
⏳ Скачиваем страницу 91 из 120...
✅ Страница 91 готова! Всего собрано: 1820 задач.
⏳ Скачиваем страницу 92 из 120...
✅ Страница 92 готова! Всего собрано: 1840 задач.
⏳ Скачиваем страницу 93 из 120...
✅ Страница 93 готова! Всего собрано: 1860 задач.
⏳ Скачиваем страницу 94 из 120...
✅ Страница 94 готова! Всего собрано: 1880 задач.
⏳ Скачиваем страницу 95 из 120...
✅ Страница 95 готова! Всего собрано: 1900 задач.
⏳ Скачиваем страницу 96 из 120...
✅ Страница 96 готова! Всего собрано: 1920 задач.
⏳ Скачиваем страницу 97 из 120...
✅ Страница 97 готова! Всего собрано: 1940 задач.
⏳ Скачиваем страницу 98 из 120...
✅ Страница 98 готова! Всего собрано: 1960 задач.
⏳ Скачиваем страницу 99 из 120...
✅ Страница 99 готова! Всего собрано: 1980 задач.
⏳ Скачиваем страницу 100 из 120...
✅ Страница 100 готова! Всего собрано: 2000 задач.
⏳ Скачиваем страницу 101 из 120...
✅ Страница 101 готова! Всего собрано: 2020 задач.
⏳ Скачиваем страницу 102 из 120...
✅ Страница 102 готова! Всего собрано: 2040 задач.
⏳ Скачиваем страницу 103 из 120...
✅ Страница 103 готова! Всего собрано: 2060 задач.
⏳ Скачиваем страницу 104 из 120...
✅ Страница 104 готова! Всего собрано: 2080 задач.
⏳ Скачиваем страницу 105 из 120...
✅ Страница 105 готова! Всего собрано: 2100 задач.
⏳ Скачиваем страницу 106 из 120...
✅ Страница 106 готова! Всего собрано: 2120 задач.
⏳ Скачиваем страницу 107 из 120...
✅ Страница 107 готова! Всего собрано: 2140 задач.
⏳ Скачиваем страницу 108 из 120...
✅ Страница 108 готова! Всего собрано: 2160 задач.
⏳ Скачиваем страницу 109 из 120...
✅ Страница 109 готова! Всего собрано: 2180 задач.
⏳ Скачиваем страницу 110 из 120...
✅ Страница 110 готова! Всего собрано: 2200 задач.
⏳ Скачиваем страницу 111 из 120...
✅ Страница 111 готова! Всего собрано: 2220 задач.
⏳ Скачиваем страницу 112 из 120...
✅ Страница 112 готова! Всего собрано: 2240 задач.
⏳ Скачиваем страницу 113 из 120...
✅ Страница 113 готова! Всего собрано: 2260 задач.
⏳ Скачиваем страницу 114 из 120...
✅ Страница 114 готова! Всего собрано: 2280 задач.
⏳ Скачиваем страницу 115 из 120...
✅ Страница 115 готова! Всего собрано: 2300 задач.
⏳ Скачиваем страницу 116 из 120...
✅ Страница 116 готова! Всего собрано: 2320 задач.
⏳ Скачиваем страницу 117 из 120...
✅ Страница 117 готова! Всего собрано: 2340 задач.
⏳ Скачиваем страницу 118 из 120...
✅ Страница 118 готова! Всего собрано: 2360 задач.
⏳ Скачиваем страницу 119 из 120...
✅ Страница 119 готова! Всего собрано: 2380 задач.
⏳ Скачиваем страницу 120 из 120...
✅ Страница 120 готова! Всего собрано: 2400 задач.

🎉 СБОР ЗАВЕРШЕН! Сохранено 2400 задач в файл: questions/history_ege.json
=== [История] готово: Wed Aug  5 08:45:01 UTC 2026 ===

=== [Английский] старт: Wed Aug  5 08:45:01 UTC 2026 ===
🚀 Запуск умного парсинга ФИПИ [ege_english] | Домен: https://ege.fipi.ru | Проект: 4B53A6CB75B0B5E1427E596EB4931A2A
✅ Сессия ФИПИ успешно получена!
⏳ Скачиваем страницу 1 из 80...
✅ Страница 1 готова! Всего собрано: 20 задач.
⏳ Скачиваем страницу 2 из 80...
✅ Страница 2 готова! Всего собрано: 40 задач.
⏳ Скачиваем страницу 3 из 80...
✅ Страница 3 готова! Всего собрано: 60 задач.
⏳ Скачиваем страницу 4 из 80...
✅ Страница 4 готова! Всего собрано: 80 задач.
⏳ Скачиваем страницу 5 из 80...
✅ Страница 5 готова! Всего собрано: 100 задач.
⏳ Скачиваем страницу 6 из 80...
✅ Страница 6 готова! Всего собрано: 120 задач.
⏳ Скачиваем страницу 7 из 80...
✅ Страница 7 готова! Всего собрано: 140 задач.
⏳ Скачиваем страницу 8 из 80...
✅ Страница 8 готова! Всего собрано: 160 задач.
⏳ Скачиваем страницу 9 из 80...
✅ Страница 9 готова! Всего собрано: 180 задач.
⏳ Скачиваем страницу 10 из 80...
✅ Страница 10 готова! Всего собрано: 200 задач.
⏳ Скачиваем страницу 11 из 80...
✅ Страница 11 готова! Всего собрано: 220 задач.
⏳ Скачиваем страницу 12 из 80...
✅ Страница 12 готова! Всего собрано: 240 задач.
⏳ Скачиваем страницу 13 из 80...
✅ Страница 13 готова! Всего собрано: 260 задач.
⏳ Скачиваем страницу 14 из 80...
✅ Страница 14 готова! Всего собрано: 280 задач.
⏳ Скачиваем страницу 15 из 80...
✅ Страница 15 готова! Всего собрано: 300 задач.
⏳ Скачиваем страницу 16 из 80...
✅ Страница 16 готова! Всего собрано: 320 задач.
⏳ Скачиваем страницу 17 из 80...
✅ Страница 17 готова! Всего собрано: 340 задач.
⏳ Скачиваем страницу 18 из 80...
✅ Страница 18 готова! Всего собрано: 360 задач.
⏳ Скачиваем страницу 19 из 80...
✅ Страница 19 готова! Всего собрано: 380 задач.
⏳ Скачиваем страницу 20 из 80...
✅ Страница 20 готова! Всего собрано: 400 задач.
⏳ Скачиваем страницу 21 из 80...
✅ Страница 21 готова! Всего собрано: 420 задач.
⏳ Скачиваем страницу 22 из 80...
✅ Страница 22 готова! Всего собрано: 440 задач.
⏳ Скачиваем страницу 23 из 80...
✅ Страница 23 готова! Всего собрано: 460 задач.
⏳ Скачиваем страницу 24 из 80...
✅ Страница 24 готова! Всего собрано: 480 задач.
⏳ Скачиваем страницу 25 из 80...
✅ Страница 25 готова! Всего собрано: 500 задач.
⏳ Скачиваем страницу 26 из 80...
✅ Страница 26 готова! Всего собрано: 520 задач.
⏳ Скачиваем страницу 27 из 80...
✅ Страница 27 готова! Всего собрано: 540 задач.
⏳ Скачиваем страницу 28 из 80...
✅ Страница 28 готова! Всего собрано: 560 задач.
⏳ Скачиваем страницу 29 из 80...
✅ Страница 29 готова! Всего собрано: 580 задач.
⏳ Скачиваем страницу 30 из 80...
✅ Страница 30 готова! Всего собрано: 600 задач.
⏳ Скачиваем страницу 31 из 80...
✅ Страница 31 готова! Всего собрано: 620 задач.
⏳ Скачиваем страницу 32 из 80...
✅ Страница 32 готова! Всего собрано: 640 задач.
⏳ Скачиваем страницу 33 из 80...
✅ Страница 33 готова! Всего собрано: 660 задач.
⏳ Скачиваем страницу 34 из 80...
✅ Страница 34 готова! Всего собрано: 680 задач.
⏳ Скачиваем страницу 35 из 80...
✅ Страница 35 готова! Всего собрано: 700 задач.
⏳ Скачиваем страницу 36 из 80...
✅ Страница 36 готова! Всего собрано: 720 задач.
⏳ Скачиваем страницу 37 из 80...
✅ Страница 37 готова! Всего собрано: 740 задач.
⏳ Скачиваем страницу 38 из 80...
✅ Страница 38 готова! Всего собрано: 760 задач.
⏳ Скачиваем страницу 39 из 80...
✅ Страница 39 готова! Всего собрано: 780 задач.
⏳ Скачиваем страницу 40 из 80...
✅ Страница 40 готова! Всего собрано: 800 задач.
⏳ Скачиваем страницу 41 из 80...
✅ Страница 41 готова! Всего собрано: 820 задач.
⏳ Скачиваем страницу 42 из 80...
✅ Страница 42 готова! Всего собрано: 840 задач.
⏳ Скачиваем страницу 43 из 80...
✅ Страница 43 готова! Всего собрано: 860 задач.
⏳ Скачиваем страницу 44 из 80...
✅ Страница 44 готова! Всего собрано: 880 задач.
⏳ Скачиваем страницу 45 из 80...
✅ Страница 45 готова! Всего собрано: 900 задач.
⏳ Скачиваем страницу 46 из 80...
✅ Страница 46 готова! Всего собрано: 920 задач.
⏳ Скачиваем страницу 47 из 80...
✅ Страница 47 готова! Всего собрано: 940 задач.
⏳ Скачиваем страницу 48 из 80...
✅ Страница 48 готова! Всего собрано: 960 задач.
⏳ Скачиваем страницу 49 из 80...
✅ Страница 49 готова! Всего собрано: 980 задач.
⏳ Скачиваем страницу 50 из 80...
✅ Страница 50 готова! Всего собрано: 1000 задач.
⏳ Скачиваем страницу 51 из 80...
✅ Страница 51 готова! Всего собрано: 1020 задач.
⏳ Скачиваем страницу 52 из 80...
✅ Страница 52 готова! Всего собрано: 1040 задач.
⏳ Скачиваем страницу 53 из 80...
✅ Страница 53 готова! Всего собрано: 1060 задач.
⏳ Скачиваем страницу 54 из 80...
✅ Страница 54 готова! Всего собрано: 1080 задач.
⏳ Скачиваем страницу 55 из 80...
✅ Страница 55 готова! Всего собрано: 1100 задач.
⏳ Скачиваем страницу 56 из 80...
✅ Страница 56 готова! Всего собрано: 1120 задач.
⏳ Скачиваем страницу 57 из 80...
✅ Страница 57 готова! Всего собрано: 1140 задач.
⏳ Скачиваем страницу 58 из 80...
✅ Страница 58 готова! Всего собрано: 1160 задач.
⏳ Скачиваем страницу 59 из 80...
✅ Страница 59 готова! Всего собрано: 1180 задач.
⏳ Скачиваем страницу 60 из 80...
✅ Страница 60 готова! Всего собрано: 1200 задач.
⏳ Скачиваем страницу 61 из 80...
✅ Страница 61 готова! Всего собрано: 1220 задач.
⏳ Скачиваем страницу 62 из 80...
✅ Страница 62 готова! Всего собрано: 1240 задач.
⏳ Скачиваем страницу 63 из 80...
✅ Страница 63 готова! Всего собрано: 1260 задач.
⏳ Скачиваем страницу 64 из 80...
✅ Страница 64 готова! Всего собрано: 1280 задач.
⏳ Скачиваем страницу 65 из 80...
✅ Страница 65 готова! Всего собрано: 1300 задач.
⏳ Скачиваем страницу 66 из 80...
✅ Страница 66 готова! Всего собрано: 1320 задач.
⏳ Скачиваем страницу 67 из 80...
✅ Страница 67 готова! Всего собрано: 1340 задач.
⏳ Скачиваем страницу 68 из 80...
✅ Страница 68 готова! Всего собрано: 1360 задач.
⏳ Скачиваем страницу 69 из 80...
✅ Страница 69 готова! Всего собрано: 1380 задач.
⏳ Скачиваем страницу 70 из 80...
✅ Страница 70 готова! Всего собрано: 1400 задач.
⏳ Скачиваем страницу 71 из 80...
✅ Страница 71 готова! Всего собрано: 1420 задач.
⏳ Скачиваем страницу 72 из 80...
✅ Страница 72 готова! Всего собрано: 1440 задач.
⏳ Скачиваем страницу 73 из 80...
✅ Страница 73 готова! Всего собрано: 1460 задач.
⏳ Скачиваем страницу 74 из 80...
✅ Страница 74 готова! Всего собрано: 1480 задач.
⏳ Скачиваем страницу 75 из 80...
✅ Страница 75 готова! Всего собрано: 1500 задач.
⏳ Скачиваем страницу 76 из 80...
✅ Страница 76 готова! Всего собрано: 1520 задач.
⏳ Скачиваем страницу 77 из 80...
✅ Страница 77 готова! Всего собрано: 1540 задач.
⏳ Скачиваем страницу 78 из 80...
✅ Страница 78 готова! Всего собрано: 1560 задач.
⏳ Скачиваем страницу 79 из 80...
✅ Страница 79 готова! Всего собрано: 1580 задач.
⏳ Скачиваем страницу 80 из 80...
✅ Страница 80 готова! Всего собрано: 1600 задач.

🎉 СБОР ЗАВЕРШЕН! Сохранено 1600 задач в файл: questions/ege_english.json
=== [Английский] готово: Wed Aug  5 08:46:22 UTC 2026 ===

=== [Информатика] старт: Wed Aug  5 08:46:22 UTC 2026 ===
🚀 Запуск умного парсинга ФИПИ [inf_ege] | Домен: https://ege.fipi.ru | Проект: B9ACA5BBB2E19E434CD6BEC25284C67F
✅ Сессия ФИПИ успешно получена!
⏳ Скачиваем страницу 1 из 80...
✅ Страница 1 готова! Всего собрано: 20 задач.
⏳ Скачиваем страницу 2 из 80...
✅ Страница 2 готова! Всего собрано: 40 задач.
⏳ Скачиваем страницу 3 из 80...
✅ Страница 3 готова! Всего собрано: 60 задач.
⏳ Скачиваем страницу 4 из 80...
✅ Страница 4 готова! Всего собрано: 80 задач.
⏳ Скачиваем страницу 5 из 80...
✅ Страница 5 готова! Всего собрано: 100 задач.
⏳ Скачиваем страницу 6 из 80...
✅ Страница 6 готова! Всего собрано: 120 задач.
⏳ Скачиваем страницу 7 из 80...
✅ Страница 7 готова! Всего собрано: 140 задач.
⏳ Скачиваем страницу 8 из 80...
✅ Страница 8 готова! Всего собрано: 160 задач.
⏳ Скачиваем страницу 9 из 80...
✅ Страница 9 готова! Всего собрано: 180 задач.
⏳ Скачиваем страницу 10 из 80...
✅ Страница 10 готова! Всего собрано: 200 задач.
⏳ Скачиваем страницу 11 из 80...
✅ Страница 11 готова! Всего собрано: 220 задач.
⏳ Скачиваем страницу 12 из 80...
✅ Страница 12 готова! Всего собрано: 240 задач.
⏳ Скачиваем страницу 13 из 80...
✅ Страница 13 готова! Всего собрано: 260 задач.
⏳ Скачиваем страницу 14 из 80...
✅ Страница 14 готова! Всего собрано: 280 задач.
⏳ Скачиваем страницу 15 из 80...
✅ Страница 15 готова! Всего собрано: 300 задач.
⏳ Скачиваем страницу 16 из 80...
✅ Страница 16 готова! Всего собрано: 320 задач.
⏳ Скачиваем страницу 17 из 80...
✅ Страница 17 готова! Всего собрано: 340 задач.
⏳ Скачиваем страницу 18 из 80...
✅ Страница 18 готова! Всего собрано: 360 задач.
⏳ Скачиваем страницу 19 из 80...
✅ Страница 19 готова! Всего собрано: 380 задач.
⏳ Скачиваем страницу 20 из 80...
✅ Страница 20 готова! Всего собрано: 400 задач.
⏳ Скачиваем страницу 21 из 80...
✅ Страница 21 готова! Всего собрано: 420 задач.
⏳ Скачиваем страницу 22 из 80...
✅ Страница 22 готова! Всего собрано: 440 задач.
⏳ Скачиваем страницу 23 из 80...
✅ Страница 23 готова! Всего собрано: 460 задач.
⏳ Скачиваем страницу 24 из 80...
✅ Страница 24 готова! Всего собрано: 480 задач.
⏳ Скачиваем страницу 25 из 80...
✅ Страница 25 готова! Всего собрано: 500 задач.
⏳ Скачиваем страницу 26 из 80...
✅ Страница 26 готова! Всего собрано: 520 задач.
⏳ Скачиваем страницу 27 из 80...
✅ Страница 27 готова! Всего собрано: 540 задач.
⏳ Скачиваем страницу 28 из 80...
✅ Страница 28 готова! Всего собрано: 560 задач.
⏳ Скачиваем страницу 29 из 80...
✅ Страница 29 готова! Всего собрано: 580 задач.
⏳ Скачиваем страницу 30 из 80...
✅ Страница 30 готова! Всего собрано: 600 задач.
⏳ Скачиваем страницу 31 из 80...
✅ Страница 31 готова! Всего собрано: 620 задач.
⏳ Скачиваем страницу 32 из 80...
✅ Страница 32 готова! Всего собрано: 640 задач.
⏳ Скачиваем страницу 33 из 80...
✅ Страница 33 готова! Всего собрано: 660 задач.
⏳ Скачиваем страницу 34 из 80...
✅ Страница 34 готова! Всего собрано: 680 задач.
⏳ Скачиваем страницу 35 из 80...
✅ Страница 35 готова! Всего собрано: 700 задач.
⏳ Скачиваем страницу 36 из 80...
✅ Страница 36 готова! Всего собрано: 720 задач.
⏳ Скачиваем страницу 37 из 80...
✅ Страница 37 готова! Всего собрано: 740 задач.
⏳ Скачиваем страницу 38 из 80...
✅ Страница 38 готова! Всего собрано: 760 задач.
⏳ Скачиваем страницу 39 из 80...
✅ Страница 39 готова! Всего собрано: 780 задач.
⏳ Скачиваем страницу 40 из 80...
✅ Страница 40 готова! Всего собрано: 800 задач.
⏳ Скачиваем страницу 41 из 80...
✅ Страница 41 готова! Всего собрано: 820 задач.
⏳ Скачиваем страницу 42 из 80...
✅ Страница 42 готова! Всего собрано: 840 задач.
⏳ Скачиваем страницу 43 из 80...
✅ Страница 43 готова! Всего собрано: 860 задач.
⏳ Скачиваем страницу 44 из 80...
✅ Страница 44 готова! Всего собрано: 880 задач.
⏳ Скачиваем страницу 45 из 80...
✅ Страница 45 готова! Всего собрано: 900 задач.
⏳ Скачиваем страницу 46 из 80...
✅ Страница 46 готова! Всего собрано: 920 задач.
⏳ Скачиваем страницу 47 из 80...
✅ Страница 47 готова! Всего собрано: 940 задач.
⏳ Скачиваем страницу 48 из 80...
✅ Страница 48 готова! Всего собрано: 960 задач.
⏳ Скачиваем страницу 49 из 80...
✅ Страница 49 готова! Всего собрано: 980 задач.
⏳ Скачиваем страницу 50 из 80...
✅ Страница 50 готова! Всего собрано: 1000 задач.
⏳ Скачиваем страницу 51 из 80...
✅ Страница 51 готова! Всего собрано: 1020 задач.
⏳ Скачиваем страницу 52 из 80...
✅ Страница 52 готова! Всего собрано: 1040 задач.
⏳ Скачиваем страницу 53 из 80...
✅ Страница 53 готова! Всего собрано: 1060 задач.
⏳ Скачиваем страницу 54 из 80...
✅ Страница 54 готова! Всего собрано: 1080 задач.
⏳ Скачиваем страницу 55 из 80...
✅ Страница 55 готова! Всего собрано: 1100 задач.
⏳ Скачиваем страницу 56 из 80...
✅ Страница 56 готова! Всего собрано: 1120 задач.
⏳ Скачиваем страницу 57 из 80...
✅ Страница 57 готова! Всего собрано: 1140 задач.
⏳ Скачиваем страницу 58 из 80...
✅ Страница 58 готова! Всего собрано: 1160 задач.
⏳ Скачиваем страницу 59 из 80...
✅ Страница 59 готова! Всего собрано: 1180 задач.
⏳ Скачиваем страницу 60 из 80...
✅ Страница 60 готова! Всего собрано: 1200 задач.
⏳ Скачиваем страницу 61 из 80...
✅ Страница 61 готова! Всего собрано: 1220 задач.
⏳ Скачиваем страницу 62 из 80...
✅ Страница 62 готова! Всего собрано: 1240 задач.
⏳ Скачиваем страницу 63 из 80...
✅ Страница 63 готова! Всего собрано: 1260 задач.
⏳ Скачиваем страницу 64 из 80...
✅ Страница 64 готова! Всего собрано: 1280 задач.
⏳ Скачиваем страницу 65 из 80...
✅ Страница 65 готова! Всего собрано: 1300 задач.
⏳ Скачиваем страницу 66 из 80...
✅ Страница 66 готова! Всего собрано: 1320 задач.
⏳ Скачиваем страницу 67 из 80...
✅ Страница 67 готова! Всего собрано: 1340 задач.
⏳ Скачиваем страницу 68 из 80...
✅ Страница 68 готова! Всего собрано: 1360 задач.
⏳ Скачиваем страницу 69 из 80...
✅ Страница 69 готова! Всего собрано: 1380 задач.
⏳ Скачиваем страницу 70 из 80...
✅ Страница 70 готова! Всего собрано: 1400 задач.
⏳ Скачиваем страницу 71 из 80...
✅ Страница 71 готова! Всего собрано: 1420 задач.
⏳ Скачиваем страницу 72 из 80...
✅ Страница 72 готова! Всего собрано: 1440 задач.
⏳ Скачиваем страницу 73 из 80...
✅ Страница 73 готова! Всего собрано: 1460 задач.
⏳ Скачиваем страницу 74 из 80...
✅ Страница 74 готова! Всего собрано: 1480 задач.
⏳ Скачиваем страницу 75 из 80...
✅ Страница 75 готова! Всего собрано: 1500 задач.
⏳ Скачиваем страницу 76 из 80...
✅ Страница 76 готова! Всего собрано: 1520 задач.
⏳ Скачиваем страницу 77 из 80...
✅ Страница 77 готова! Всего собрано: 1540 задач.
⏳ Скачиваем страницу 78 из 80...
✅ Страница 78 готова! Всего собрано: 1560 задач.
⏳ Скачиваем страницу 79 из 80...
✅ Страница 79 готова! Всего собрано: 1580 задач.
⏳ Скачиваем страницу 80 из 80...
✅ Страница 80 готова! Всего собрано: 1600 задач.

🎉 СБОР ЗАВЕРШЕН! Сохранено 1600 задач в файл: questions/inf_ege.json
=== [Информатика] готово: Wed Aug  5 08:47:56 UTC 2026 ===

=== [География] старт: Wed Aug  5 08:47:56 UTC 2026 ===
🚀 Запуск умного парсинга ФИПИ [geo_ege] | Домен: https://ege.fipi.ru | Проект: 20E79180061DB32845C11FC7BD87C7C8
✅ Сессия ФИПИ успешно получена!
⏳ Скачиваем страницу 1 из 70...
✅ Страница 1 готова! Всего собрано: 20 задач.
⏳ Скачиваем страницу 2 из 70...
✅ Страница 2 готова! Всего собрано: 40 задач.
⏳ Скачиваем страницу 3 из 70...
✅ Страница 3 готова! Всего собрано: 60 задач.
⏳ Скачиваем страницу 4 из 70...
✅ Страница 4 готова! Всего собрано: 80 задач.
⏳ Скачиваем страницу 5 из 70...
✅ Страница 5 готова! Всего собрано: 100 задач.
⏳ Скачиваем страницу 6 из 70...
✅ Страница 6 готова! Всего собрано: 120 задач.
⏳ Скачиваем страницу 7 из 70...
✅ Страница 7 готова! Всего собрано: 140 задач.
⏳ Скачиваем страницу 8 из 70...
✅ Страница 8 готова! Всего собрано: 160 задач.
⏳ Скачиваем страницу 9 из 70...
✅ Страница 9 готова! Всего собрано: 180 задач.
⏳ Скачиваем страницу 10 из 70...
✅ Страница 10 готова! Всего собрано: 200 задач.
⏳ Скачиваем страницу 11 из 70...
✅ Страница 11 готова! Всего собрано: 220 задач.
⏳ Скачиваем страницу 12 из 70...
✅ Страница 12 готова! Всего собрано: 240 задач.
⏳ Скачиваем страницу 13 из 70...
✅ Страница 13 готова! Всего собрано: 260 задач.
⏳ Скачиваем страницу 14 из 70...
✅ Страница 14 готова! Всего собрано: 280 задач.
⏳ Скачиваем страницу 15 из 70...
✅ Страница 15 готова! Всего собрано: 300 задач.
⏳ Скачиваем страницу 16 из 70...
✅ Страница 16 готова! Всего собрано: 320 задач.
⏳ Скачиваем страницу 17 из 70...
✅ Страница 17 готова! Всего собрано: 340 задач.
⏳ Скачиваем страницу 18 из 70...
✅ Страница 18 готова! Всего собрано: 360 задач.
⏳ Скачиваем страницу 19 из 70...
✅ Страница 19 готова! Всего собрано: 380 задач.
⏳ Скачиваем страницу 20 из 70...
✅ Страница 20 готова! Всего собрано: 400 задач.
⏳ Скачиваем страницу 21 из 70...
✅ Страница 21 готова! Всего собрано: 420 задач.
⏳ Скачиваем страницу 22 из 70...
✅ Страница 22 готова! Всего собрано: 440 задач.
⏳ Скачиваем страницу 23 из 70...
✅ Страница 23 готова! Всего собрано: 460 задач.
⏳ Скачиваем страницу 24 из 70...
✅ Страница 24 готова! Всего собрано: 480 задач.
⏳ Скачиваем страницу 25 из 70...
✅ Страница 25 готова! Всего собрано: 500 задач.
⏳ Скачиваем страницу 26 из 70...
✅ Страница 26 готова! Всего собрано: 520 задач.
⏳ Скачиваем страницу 27 из 70...
✅ Страница 27 готова! Всего собрано: 540 задач.
⏳ Скачиваем страницу 28 из 70...
✅ Страница 28 готова! Всего собрано: 560 задач.
⏳ Скачиваем страницу 29 из 70...
✅ Страница 29 готова! Всего собрано: 580 задач.
⏳ Скачиваем страницу 30 из 70...
✅ Страница 30 готова! Всего собрано: 600 задач.
⏳ Скачиваем страницу 31 из 70...
✅ Страница 31 готова! Всего собрано: 620 задач.
⏳ Скачиваем страницу 32 из 70...
✅ Страница 32 готова! Всего собрано: 640 задач.
⏳ Скачиваем страницу 33 из 70...
✅ Страница 33 готова! Всего собрано: 660 задач.
⏳ Скачиваем страницу 34 из 70...
✅ Страница 34 готова! Всего собрано: 680 задач.
⏳ Скачиваем страницу 35 из 70...
✅ Страница 35 готова! Всего собрано: 700 задач.
⏳ Скачиваем страницу 36 из 70...
✅ Страница 36 готова! Всего собрано: 720 задач.
⏳ Скачиваем страницу 37 из 70...
✅ Страница 37 готова! Всего собрано: 740 задач.
⏳ Скачиваем страницу 38 из 70...
✅ Страница 38 готова! Всего собрано: 760 задач.
⏳ Скачиваем страницу 39 из 70...
✅ Страница 39 готова! Всего собрано: 780 задач.
⏳ Скачиваем страницу 40 из 70...
✅ Страница 40 готова! Всего собрано: 800 задач.
⏳ Скачиваем страницу 41 из 70...
✅ Страница 41 готова! Всего собрано: 820 задач.
⏳ Скачиваем страницу 42 из 70...
✅ Страница 42 готова! Всего собрано: 840 задач.
⏳ Скачиваем страницу 43 из 70...
✅ Страница 43 готова! Всего собрано: 860 задач.
⏳ Скачиваем страницу 44 из 70...
✅ Страница 44 готова! Всего собрано: 880 задач.
⏳ Скачиваем страницу 45 из 70...
✅ Страница 45 готова! Всего собрано: 900 задач.
⏳ Скачиваем страницу 46 из 70...
✅ Страница 46 готова! Всего собрано: 920 задач.
⏳ Скачиваем страницу 47 из 70...
✅ Страница 47 готова! Всего собрано: 940 задач.
⏳ Скачиваем страницу 48 из 70...
✅ Страница 48 готова! Всего собрано: 960 задач.
⏳ Скачиваем страницу 49 из 70...
✅ Страница 49 готова! Всего собрано: 980 задач.
⏳ Скачиваем страницу 50 из 70...
✅ Страница 50 готова! Всего собрано: 1000 задач.
⏳ Скачиваем страницу 51 из 70...
✅ Страница 51 готова! Всего собрано: 1020 задач.
⏳ Скачиваем страницу 52 из 70...
✅ Страница 52 готова! Всего собрано: 1040 задач.
⏳ Скачиваем страницу 53 из 70...
✅ Страница 53 готова! Всего собрано: 1060 задач.
⏳ Скачиваем страницу 54 из 70...
✅ Страница 54 готова! Всего собрано: 1080 задач.
⏳ Скачиваем страницу 55 из 70...
✅ Страница 55 готова! Всего собрано: 1100 задач.
⏳ Скачиваем страницу 56 из 70...
✅ Страница 56 готова! Всего собрано: 1120 задач.
⏳ Скачиваем страницу 57 из 70...
✅ Страница 57 готова! Всего собрано: 1140 задач.
⏳ Скачиваем страницу 58 из 70...
✅ Страница 58 готова! Всего собрано: 1160 задач.
⏳ Скачиваем страницу 59 из 70...
✅ Страница 59 готова! Всего собрано: 1180 задач.
⏳ Скачиваем страницу 60 из 70...
✅ Страница 60 готова! Всего собрано: 1200 задач.
⏳ Скачиваем страницу 61 из 70...
✅ Страница 61 готова! Всего собрано: 1220 задач.
⏳ Скачиваем страницу 62 из 70...
✅ Страница 62 готова! Всего собрано: 1240 задач.
⏳ Скачиваем страницу 63 из 70...
✅ Страница 63 готова! Всего собрано: 1260 задач.
⏳ Скачиваем страницу 64 из 70...
✅ Страница 64 готова! Всего собрано: 1280 задач.
⏳ Скачиваем страницу 65 из 70...
✅ Страница 65 готова! Всего собрано: 1300 задач.
⏳ Скачиваем страницу 66 из 70...
✅ Страница 66 готова! Всего собрано: 1320 задач.
⏳ Скачиваем страницу 67 из 70...
✅ Страница 67 готова! Всего собрано: 1340 задач.
⏳ Скачиваем страницу 68 из 70...
✅ Страница 68 готова! Всего собрано: 1360 задач.
⏳ Скачиваем страницу 69 из 70...
✅ Страница 69 готова! Всего собрано: 1380 задач.
⏳ Скачиваем страницу 70 из 70...
✅ Страница 70 готова! Всего собрано: 1400 задач.

🎉 СБОР ЗАВЕРШЕН! Сохранено 1400 задач в файл: questions/geo_ege.json
=== [География] готово: Wed Aug  5 08:48:59 UTC 2026 ===

=== [Биология] старт: Wed Aug  5 08:48:59 UTC 2026 ===
🚀 Запуск умного парсинга ФИПИ [bio_ege] | Домен: https://ege.fipi.ru | Проект: CA9D848A31849ED149D382C32A7A2BE4
✅ Сессия ФИПИ успешно получена!
⏳ Скачиваем страницу 1 из 90...
✅ Страница 1 готова! Всего собрано: 20 задач.
⏳ Скачиваем страницу 2 из 90...
✅ Страница 2 готова! Всего собрано: 40 задач.
⏳ Скачиваем страницу 3 из 90...
✅ Страница 3 готова! Всего собрано: 60 задач.
⏳ Скачиваем страницу 4 из 90...
✅ Страница 4 готова! Всего собрано: 80 задач.
⏳ Скачиваем страницу 5 из 90...
✅ Страница 5 готова! Всего собрано: 100 задач.
⏳ Скачиваем страницу 6 из 90...
✅ Страница 6 готова! Всего собрано: 120 задач.
⏳ Скачиваем страницу 7 из 90...
✅ Страница 7 готова! Всего собрано: 140 задач.
⏳ Скачиваем страницу 8 из 90...
✅ Страница 8 готова! Всего собрано: 160 задач.
⏳ Скачиваем страницу 9 из 90...
✅ Страница 9 готова! Всего собрано: 180 задач.
⏳ Скачиваем страницу 10 из 90...
✅ Страница 10 готова! Всего собрано: 200 задач.
⏳ Скачиваем страницу 11 из 90...
✅ Страница 11 готова! Всего собрано: 220 задач.
⏳ Скачиваем страницу 12 из 90...
✅ Страница 12 готова! Всего собрано: 240 задач.
⏳ Скачиваем страницу 13 из 90...
✅ Страница 13 готова! Всего собрано: 260 задач.
⏳ Скачиваем страницу 14 из 90...
✅ Страница 14 готова! Всего собрано: 280 задач.
⏳ Скачиваем страницу 15 из 90...
✅ Страница 15 готова! Всего собрано: 300 задач.
⏳ Скачиваем страницу 16 из 90...
✅ Страница 16 готова! Всего собрано: 320 задач.
⏳ Скачиваем страницу 17 из 90...
✅ Страница 17 готова! Всего собрано: 340 задач.
⏳ Скачиваем страницу 18 из 90...
✅ Страница 18 готова! Всего собрано: 360 задач.
⏳ Скачиваем страницу 19 из 90...
✅ Страница 19 готова! Всего собрано: 380 задач.
⏳ Скачиваем страницу 20 из 90...
✅ Страница 20 готова! Всего собрано: 400 задач.
⏳ Скачиваем страницу 21 из 90...
✅ Страница 21 готова! Всего собрано: 420 задач.
⏳ Скачиваем страницу 22 из 90...
✅ Страница 22 готова! Всего собрано: 440 задач.
⏳ Скачиваем страницу 23 из 90...
✅ Страница 23 готова! Всего собрано: 460 задач.
⏳ Скачиваем страницу 24 из 90...
✅ Страница 24 готова! Всего собрано: 480 задач.
⏳ Скачиваем страницу 25 из 90...
✅ Страница 25 готова! Всего собрано: 500 задач.
⏳ Скачиваем страницу 26 из 90...
✅ Страница 26 готова! Всего собрано: 520 задач.
⏳ Скачиваем страницу 27 из 90...
✅ Страница 27 готова! Всего собрано: 540 задач.
⏳ Скачиваем страницу 28 из 90...
✅ Страница 28 готова! Всего собрано: 560 задач.
⏳ Скачиваем страницу 29 из 90...
✅ Страница 29 готова! Всего собрано: 580 задач.
⏳ Скачиваем страницу 30 из 90...
✅ Страница 30 готова! Всего собрано: 600 задач.
⏳ Скачиваем страницу 31 из 90...
✅ Страница 31 готова! Всего собрано: 620 задач.
⏳ Скачиваем страницу 32 из 90...
✅ Страница 32 готова! Всего собрано: 640 задач.
⏳ Скачиваем страницу 33 из 90...
✅ Страница 33 готова! Всего собрано: 660 задач.
⏳ Скачиваем страницу 34 из 90...
✅ Страница 34 готова! Всего собрано: 680 задач.
⏳ Скачиваем страницу 35 из 90...
✅ Страница 35 готова! Всего собрано: 700 задач.
⏳ Скачиваем страницу 36 из 90...
✅ Страница 36 готова! Всего собрано: 720 задач.
⏳ Скачиваем страницу 37 из 90...
✅ Страница 37 готова! Всего собрано: 740 задач.
⏳ Скачиваем страницу 38 из 90...
✅ Страница 38 готова! Всего собрано: 760 задач.
⏳ Скачиваем страницу 39 из 90...
✅ Страница 39 готова! Всего собрано: 780 задач.
⏳ Скачиваем страницу 40 из 90...
✅ Страница 40 готова! Всего собрано: 800 задач.
⏳ Скачиваем страницу 41 из 90...
✅ Страница 41 готова! Всего собрано: 820 задач.
⏳ Скачиваем страницу 42 из 90...
✅ Страница 42 готова! Всего собрано: 840 задач.
⏳ Скачиваем страницу 43 из 90...
✅ Страница 43 готова! Всего собрано: 860 задач.
⏳ Скачиваем страницу 44 из 90...
✅ Страница 44 готова! Всего собрано: 880 задач.
⏳ Скачиваем страницу 45 из 90...
✅ Страница 45 готова! Всего собрано: 900 задач.
⏳ Скачиваем страницу 46 из 90...
✅ Страница 46 готова! Всего собрано: 920 задач.
⏳ Скачиваем страницу 47 из 90...
✅ Страница 47 готова! Всего собрано: 940 задач.
⏳ Скачиваем страницу 48 из 90...
✅ Страница 48 готова! Всего собрано: 960 задач.
⏳ Скачиваем страницу 49 из 90...
✅ Страница 49 готова! Всего собрано: 980 задач.
⏳ Скачиваем страницу 50 из 90...
✅ Страница 50 готова! Всего собрано: 1000 задач.
⏳ Скачиваем страницу 51 из 90...
✅ Страница 51 готова! Всего собрано: 1020 задач.
⏳ Скачиваем страницу 52 из 90...
✅ Страница 52 готова! Всего собрано: 1040 задач.
⏳ Скачиваем страницу 53 из 90...
✅ Страница 53 готова! Всего собрано: 1060 задач.
⏳ Скачиваем страницу 54 из 90...
✅ Страница 54 готова! Всего собрано: 1080 задач.
⏳ Скачиваем страницу 55 из 90...
✅ Страница 55 готова! Всего собрано: 1100 задач.
⏳ Скачиваем страницу 56 из 90...
✅ Страница 56 готова! Всего собрано: 1120 задач.
⏳ Скачиваем страницу 57 из 90...
✅ Страница 57 готова! Всего собрано: 1140 задач.
⏳ Скачиваем страницу 58 из 90...
✅ Страница 58 готова! Всего собрано: 1160 задач.
⏳ Скачиваем страницу 59 из 90...
✅ Страница 59 готова! Всего собрано: 1180 задач.
⏳ Скачиваем страницу 60 из 90...
✅ Страница 60 готова! Всего собрано: 1200 задач.
⏳ Скачиваем страницу 61 из 90...
✅ Страница 61 готова! Всего собрано: 1220 задач.
⏳ Скачиваем страницу 62 из 90...
✅ Страница 62 готова! Всего собрано: 1240 задач.
⏳ Скачиваем страницу 63 из 90...
✅ Страница 63 готова! Всего собрано: 1260 задач.
⏳ Скачиваем страницу 64 из 90...
✅ Страница 64 готова! Всего собрано: 1280 задач.
⏳ Скачиваем страницу 65 из 90...
✅ Страница 65 готова! Всего собрано: 1300 задач.
⏳ Скачиваем страницу 66 из 90...
✅ Страница 66 готова! Всего собрано: 1320 задач.
⏳ Скачиваем страницу 67 из 90...
✅ Страница 67 готова! Всего собрано: 1340 задач.
⏳ Скачиваем страницу 68 из 90...
✅ Страница 68 готова! Всего собрано: 1360 задач.
⏳ Скачиваем страницу 69 из 90...
✅ Страница 69 готова! Всего собрано: 1380 задач.
⏳ Скачиваем страницу 70 из 90...
✅ Страница 70 готова! Всего собрано: 1400 задач.
⏳ Скачиваем страницу 71 из 90...
✅ Страница 71 готова! Всего собрано: 1420 задач.
⏳ Скачиваем страницу 72 из 90...
✅ Страница 72 готова! Всего собрано: 1440 задач.
⏳ Скачиваем страницу 73 из 90...
✅ Страница 73 готова! Всего собрано: 1460 задач.
⏳ Скачиваем страницу 74 из 90...
✅ Страница 74 готова! Всего собрано: 1480 задач.
⏳ Скачиваем страницу 75 из 90...
✅ Страница 75 готова! Всего собрано: 1500 задач.
⏳ Скачиваем страницу 76 из 90...
✅ Страница 76 готова! Всего собрано: 1520 задач.
⏳ Скачиваем страницу 77 из 90...
✅ Страница 77 готова! Всего собрано: 1540 задач.
⏳ Скачиваем страницу 78 из 90...
✅ Страница 78 готова! Всего собрано: 1560 задач.
⏳ Скачиваем страницу 79 из 90...
✅ Страница 79 готова! Всего собрано: 1580 задач.
⏳ Скачиваем страницу 80 из 90...
✅ Страница 80 готова! Всего собрано: 1600 задач.
⏳ Скачиваем страницу 81 из 90...
✅ Страница 81 готова! Всего собрано: 1620 задач.
⏳ Скачиваем страницу 82 из 90...
✅ Страница 82 готова! Всего собрано: 1640 задач.
⏳ Скачиваем страницу 83 из 90...
✅ Страница 83 готова! Всего собрано: 1660 задач.
⏳ Скачиваем страницу 84 из 90...
✅ Страница 84 готова! Всего собрано: 1680 задач.
⏳ Скачиваем страницу 85 из 90...
✅ Страница 85 готова! Всего собрано: 1700 задач.
⏳ Скачиваем страницу 86 из 90...
✅ Страница 86 готова! Всего собрано: 1720 задач.
⏳ Скачиваем страницу 87 из 90...
✅ Страница 87 готова! Всего собрано: 1740 задач.
⏳ Скачиваем страницу 88 из 90...
✅ Страница 88 готова! Всего собрано: 1760 задач.
⏳ Скачиваем страницу 89 из 90...
✅ Страница 89 готова! Всего собрано: 1780 задач.
⏳ Скачиваем страницу 90 из 90...
✅ Страница 90 готова! Всего собрано: 1800 задач.

🎉 СБОР ЗАВЕРШЕН! Сохранено 1800 задач в файл: questions/bio_ege.json
=== [Биология] готово: Wed Aug  5 08:50:24 UTC 2026 ===

=== ВСЕ ЕГЭ ГОТОВЫ: Wed Aug  5 08:50:24 UTC 2026 ===

=== ИТОГОВАЯ СТАТИСТИКА ===
  questions/bio_ege.json: 1800 задач
  questions/chem_ege.json: 1600 задач
  questions/geo_ege.json: 1400 задач
  questions/history_ege.json: 2400 задач
  questions/inf_ege.json: 1600 задач
  questions/math_ege.json: 1974 задач
  questions/phys_ege.json: 2000 задач
  questions/russian_ege.json: 2000 задач
  questions/social_ege.json: 2000 задач
  questions/ege_biology.json: 1957 задач
  questions/ege_chemistry.json: 2500 задач
  questions/ege_english.json: 1600 задач
  questions/ege_geography.json: 2139 задач
  questions/ege_history.json: 1681 задач
  questions/ege_informatics.json: 2330 задач
  questions/ege_literature.json: 1600 задач
  questions/ege_physics.json: 2204 задач
  questions/ege_russian.json: 1995 задач
  questions/ege_social.json: 1549 задач
=== КОНЕЦ ===
