=== Начало парсинга языков: Wed Aug  5 09:23:38 UTC 2026 ===

=== [Французский_ЕГЭ] старт: Wed Aug  5 09:23:38 UTC 2026 ===
🚀 Запуск умного парсинга ФИПИ [ege_french] | Домен: https://ege.fipi.ru | Проект: 5BAC840990A3AF0A4EE80D1B5A1F9527
✅ Сессия ФИПИ успешно получена!
⏳ Скачиваем страницу 1 из 60...
✅ Страница 1 готова! Всего собрано: 20 задач.
⏳ Скачиваем страницу 2 из 60...
✅ Страница 2 готова! Всего собрано: 40 задач.
⏳ Скачиваем страницу 3 из 60...
✅ Страница 3 готова! Всего собрано: 60 задач.
⏳ Скачиваем страницу 4 из 60...
✅ Страница 4 готова! Всего собрано: 80 задач.
⏳ Скачиваем страницу 5 из 60...
✅ Страница 5 готова! Всего собрано: 100 задач.
⏳ Скачиваем страницу 6 из 60...
✅ Страница 6 готова! Всего собрано: 120 задач.
⏳ Скачиваем страницу 7 из 60...
✅ Страница 7 готова! Всего собрано: 140 задач.
⏳ Скачиваем страницу 8 из 60...
✅ Страница 8 готова! Всего собрано: 160 задач.
⏳ Скачиваем страницу 9 из 60...
✅ Страница 9 готова! Всего собрано: 180 задач.
⏳ Скачиваем страницу 10 из 60...
✅ Страница 10 готова! Всего собрано: 200 задач.
⏳ Скачиваем страницу 11 из 60...
✅ Страница 11 готова! Всего собрано: 220 задач.
⏳ Скачиваем страницу 12 из 60...
✅ Страница 12 готова! Всего собрано: 240 задач.
⏳ Скачиваем страницу 13 из 60...
✅ Страница 13 готова! Всего собрано: 260 задач.
⏳ Скачиваем страницу 14 из 60...
✅ Страница 14 готова! Всего собрано: 280 задач.
⏳ Скачиваем страницу 15 из 60...
✅ Страница 15 готова! Всего собрано: 300 задач.
⏳ Скачиваем страницу 16 из 60...
✅ Страница 16 готова! Всего собрано: 320 задач.
⏳ Скачиваем страницу 17 из 60...
✅ Страница 17 готова! Всего собрано: 340 задач.
⏳ Скачиваем страницу 18 из 60...
✅ Страница 18 готова! Всего собрано: 360 задач.
⏳ Скачиваем страницу 19 из 60...
✅ Страница 19 готова! Всего собрано: 380 задач.
⏳ Скачиваем страницу 20 из 60...
✅ Страница 20 готова! Всего собрано: 400 задач.
⏳ Скачиваем страницу 21 из 60...
✅ Страница 21 готова! Всего собрано: 420 задач.
⏳ Скачиваем страницу 22 из 60...
✅ Страница 22 готова! Всего собрано: 440 задач.
⏳ Скачиваем страницу 23 из 60...
✅ Страница 23 готова! Всего собрано: 460 задач.
⏳ Скачиваем страницу 24 из 60...
✅ Страница 24 готова! Всего собрано: 480 задач.
⏳ Скачиваем страницу 25 из 60...
✅ Страница 25 готова! Всего собрано: 500 задач.
⏳ Скачиваем страницу 26 из 60...
✅ Страница 26 готова! Всего собрано: 520 задач.
⏳ Скачиваем страницу 27 из 60...
✅ Страница 27 готова! Всего собрано: 540 задач.
⏳ Скачиваем страницу 28 из 60...
✅ Страница 28 готова! Всего собрано: 560 задач.
⏳ Скачиваем страницу 29 из 60...
✅ Страница 29 готова! Всего собрано: 580 задач.
⏳ Скачиваем страницу 30 из 60...
✅ Страница 30 готова! Всего собрано: 600 задач.
⏳ Скачиваем страницу 31 из 60...
✅ Страница 31 готова! Всего собрано: 620 задач.
⏳ Скачиваем страницу 32 из 60...
✅ Страница 32 готова! Всего собрано: 640 задач.
⏳ Скачиваем страницу 33 из 60...
✅ Страница 33 готова! Всего собрано: 660 задач.
⏳ Скачиваем страницу 34 из 60...
✅ Страница 34 готова! Всего собрано: 680 задач.
⏳ Скачиваем страницу 35 из 60...
✅ Страница 35 готова! Всего собрано: 700 задач.
⏳ Скачиваем страницу 36 из 60...
✅ Страница 36 готова! Всего собрано: 720 задач.
⏳ Скачиваем страницу 37 из 60...
✅ Страница 37 готова! Всего собрано: 740 задач.
⏳ Скачиваем страницу 38 из 60...
✅ Страница 38 готова! Всего собрано: 760 задач.
⏳ Скачиваем страницу 39 из 60...
✅ Страница 39 готова! Всего собрано: 780 задач.
⏳ Скачиваем страницу 40 из 60...
✅ Страница 40 готова! Всего собрано: 800 задач.
⏳ Скачиваем страницу 41 из 60...
✅ Страница 41 готова! Всего собрано: 820 задач.
⏳ Скачиваем страницу 42 из 60...
✅ Страница 42 готова! Всего собрано: 840 задач.
⏳ Скачиваем страницу 43 из 60...
✅ Страница 43 готова! Всего собрано: 860 задач.
⏳ Скачиваем страницу 44 из 60...
✅ Страница 44 готова! Всего собрано: 880 задач.
⏳ Скачиваем страницу 45 из 60...
✅ Страница 45 готова! Всего собрано: 900 задач.
⏳ Скачиваем страницу 46 из 60...
✅ Страница 46 готова! Всего собрано: 920 задач.
⏳ Скачиваем страницу 47 из 60...
✅ Страница 47 готова! Всего собрано: 940 задач.
⏳ Скачиваем страницу 48 из 60...
✅ Страница 48 готова! Всего собрано: 960 задач.
⏳ Скачиваем страницу 49 из 60...
✅ Страница 49 готова! Всего собрано: 980 задач.
⏳ Скачиваем страницу 50 из 60...
✅ Страница 50 готова! Всего собрано: 1000 задач.
⏳ Скачиваем страницу 51 из 60...
✅ Страница 51 готова! Всего собрано: 1020 задач.
⏳ Скачиваем страницу 52 из 60...
✅ Страница 52 готова! Всего собрано: 1040 задач.
⏳ Скачиваем страницу 53 из 60...
✅ Страница 53 готова! Всего собрано: 1060 задач.
⏳ Скачиваем страницу 54 из 60...
✅ Страница 54 готова! Всего собрано: 1080 задач.
⏳ Скачиваем страницу 55 из 60...
✅ Страница 55 готова! Всего собрано: 1100 задач.
⏳ Скачиваем страницу 56 из 60...
✅ Страница 56 готова! Всего собрано: 1120 задач.
⏳ Скачиваем страницу 57 из 60...
✅ Страница 57 готова! Всего собрано: 1140 задач.
⏳ Скачиваем страницу 58 из 60...
✅ Страница 58 готова! Всего собрано: 1160 задач.
⏳ Скачиваем страницу 59 из 60...
✅ Страница 59 готова! Всего собрано: 1180 задач.
⏳ Скачиваем страницу 60 из 60...
✅ Страница 60 готова! Всего собрано: 1200 задач.

🎉 СБОР ЗАВЕРШЕН! Сохранено 1200 задач в файл: questions/ege_french.json
=== [Французский_ЕГЭ] готово: Wed Aug  5 09:24:34 UTC 2026 ===

=== [Немецкий_ЕГЭ] старт: Wed Aug  5 09:24:34 UTC 2026 ===
🚀 Запуск умного парсинга ФИПИ [ege_german] | Домен: https://ege.fipi.ru | Проект: B5963A8D84CF9020461EAE42F37F541F
✅ Сессия ФИПИ успешно получена!
⏳ Скачиваем страницу 1 из 60...
✅ Страница 1 готова! Всего собрано: 20 задач.
⏳ Скачиваем страницу 2 из 60...
✅ Страница 2 готова! Всего собрано: 40 задач.
⏳ Скачиваем страницу 3 из 60...
✅ Страница 3 готова! Всего собрано: 60 задач.
⏳ Скачиваем страницу 4 из 60...
✅ Страница 4 готова! Всего собрано: 80 задач.
⏳ Скачиваем страницу 5 из 60...
✅ Страница 5 готова! Всего собрано: 100 задач.
⏳ Скачиваем страницу 6 из 60...
✅ Страница 6 готова! Всего собрано: 120 задач.
⏳ Скачиваем страницу 7 из 60...
✅ Страница 7 готова! Всего собрано: 140 задач.
⏳ Скачиваем страницу 8 из 60...
✅ Страница 8 готова! Всего собрано: 160 задач.
⏳ Скачиваем страницу 9 из 60...
✅ Страница 9 готова! Всего собрано: 180 задач.
⏳ Скачиваем страницу 10 из 60...
✅ Страница 10 готова! Всего собрано: 200 задач.
⏳ Скачиваем страницу 11 из 60...
✅ Страница 11 готова! Всего собрано: 220 задач.
⏳ Скачиваем страницу 12 из 60...
✅ Страница 12 готова! Всего собрано: 240 задач.
⏳ Скачиваем страницу 13 из 60...
✅ Страница 13 готова! Всего собрано: 260 задач.
⏳ Скачиваем страницу 14 из 60...
✅ Страница 14 готова! Всего собрано: 280 задач.
⏳ Скачиваем страницу 15 из 60...
✅ Страница 15 готова! Всего собрано: 300 задач.
⏳ Скачиваем страницу 16 из 60...
✅ Страница 16 готова! Всего собрано: 320 задач.
⏳ Скачиваем страницу 17 из 60...
✅ Страница 17 готова! Всего собрано: 340 задач.
⏳ Скачиваем страницу 18 из 60...
✅ Страница 18 готова! Всего собрано: 360 задач.
⏳ Скачиваем страницу 19 из 60...
✅ Страница 19 готова! Всего собрано: 380 задач.
⏳ Скачиваем страницу 20 из 60...
✅ Страница 20 готова! Всего собрано: 400 задач.
⏳ Скачиваем страницу 21 из 60...
✅ Страница 21 готова! Всего собрано: 420 задач.
⏳ Скачиваем страницу 22 из 60...
✅ Страница 22 готова! Всего собрано: 440 задач.
⏳ Скачиваем страницу 23 из 60...
✅ Страница 23 готова! Всего собрано: 460 задач.
⏳ Скачиваем страницу 24 из 60...
✅ Страница 24 готова! Всего собрано: 480 задач.
⏳ Скачиваем страницу 25 из 60...
✅ Страница 25 готова! Всего собрано: 500 задач.
⏳ Скачиваем страницу 26 из 60...
✅ Страница 26 готова! Всего собрано: 520 задач.
⏳ Скачиваем страницу 27 из 60...
✅ Страница 27 готова! Всего собрано: 540 задач.
⏳ Скачиваем страницу 28 из 60...
✅ Страница 28 готова! Всего собрано: 560 задач.
⏳ Скачиваем страницу 29 из 60...
✅ Страница 29 готова! Всего собрано: 580 задач.
⏳ Скачиваем страницу 30 из 60...
✅ Страница 30 готова! Всего собрано: 600 задач.
⏳ Скачиваем страницу 31 из 60...
✅ Страница 31 готова! Всего собрано: 620 задач.
⏳ Скачиваем страницу 32 из 60...
✅ Страница 32 готова! Всего собрано: 640 задач.
⏳ Скачиваем страницу 33 из 60...
✅ Страница 33 готова! Всего собрано: 660 задач.
⏳ Скачиваем страницу 34 из 60...
✅ Страница 34 готова! Всего собрано: 680 задач.
⏳ Скачиваем страницу 35 из 60...
✅ Страница 35 готова! Всего собрано: 700 задач.
⏳ Скачиваем страницу 36 из 60...
✅ Страница 36 готова! Всего собрано: 720 задач.
⏳ Скачиваем страницу 37 из 60...
✅ Страница 37 готова! Всего собрано: 740 задач.
⏳ Скачиваем страницу 38 из 60...
✅ Страница 38 готова! Всего собрано: 760 задач.
⏳ Скачиваем страницу 39 из 60...
✅ Страница 39 готова! Всего собрано: 780 задач.
⏳ Скачиваем страницу 40 из 60...
✅ Страница 40 готова! Всего собрано: 800 задач.
⏳ Скачиваем страницу 41 из 60...
✅ Страница 41 готова! Всего собрано: 820 задач.
⏳ Скачиваем страницу 42 из 60...
✅ Страница 42 готова! Всего собрано: 840 задач.
⏳ Скачиваем страницу 43 из 60...
✅ Страница 43 готова! Всего собрано: 860 задач.
⏳ Скачиваем страницу 44 из 60...
✅ Страница 44 готова! Всего собрано: 880 задач.
⏳ Скачиваем страницу 45 из 60...
✅ Страница 45 готова! Всего собрано: 900 задач.
⏳ Скачиваем страницу 46 из 60...
✅ Страница 46 готова! Всего собрано: 920 задач.
⏳ Скачиваем страницу 47 из 60...
✅ Страница 47 готова! Всего собрано: 940 задач.
⏳ Скачиваем страницу 48 из 60...
✅ Страница 48 готова! Всего собрано: 960 задач.
⏳ Скачиваем страницу 49 из 60...
✅ Страница 49 готова! Всего собрано: 980 задач.
⏳ Скачиваем страницу 50 из 60...
✅ Страница 50 готова! Всего собрано: 1000 задач.
⏳ Скачиваем страницу 51 из 60...
✅ Страница 51 готова! Всего собрано: 1020 задач.
⏳ Скачиваем страницу 52 из 60...
✅ Страница 52 готова! Всего собрано: 1040 задач.
⏳ Скачиваем страницу 53 из 60...
✅ Страница 53 готова! Всего собрано: 1060 задач.
⏳ Скачиваем страницу 54 из 60...
✅ Страница 54 готова! Всего собрано: 1080 задач.
⏳ Скачиваем страницу 55 из 60...
✅ Страница 55 готова! Всего собрано: 1100 задач.
⏳ Скачиваем страницу 56 из 60...
✅ Страница 56 готова! Всего собрано: 1120 задач.
⏳ Скачиваем страницу 57 из 60...
✅ Страница 57 готова! Всего собрано: 1140 задач.
⏳ Скачиваем страницу 58 из 60...
✅ Страница 58 готова! Всего собрано: 1160 задач.
⏳ Скачиваем страницу 59 из 60...
✅ Страница 59 готова! Всего собрано: 1180 задач.
⏳ Скачиваем страницу 60 из 60...
✅ Страница 60 готова! Всего собрано: 1200 задач.

🎉 СБОР ЗАВЕРШЕН! Сохранено 1200 задач в файл: questions/ege_german.json
=== [Немецкий_ЕГЭ] готово: Wed Aug  5 09:25:29 UTC 2026 ===

=== [Китайский_ЕГЭ] старт: Wed Aug  5 09:25:29 UTC 2026 ===
🚀 Запуск умного парсинга ФИПИ [ege_chinese] | Домен: https://ege.fipi.ru | Проект: F6298F3470D898D043E18BC680F60434
✅ Сессия ФИПИ успешно получена!
⏳ Скачиваем страницу 1 из 60...
✅ Страница 1 готова! Всего собрано: 20 задач.
⏳ Скачиваем страницу 2 из 60...
✅ Страница 2 готова! Всего собрано: 40 задач.
⏳ Скачиваем страницу 3 из 60...
✅ Страница 3 готова! Всего собрано: 60 задач.
⏳ Скачиваем страницу 4 из 60...
✅ Страница 4 готова! Всего собрано: 80 задач.
⏳ Скачиваем страницу 5 из 60...
✅ Страница 5 готова! Всего собрано: 100 задач.
⏳ Скачиваем страницу 6 из 60...
✅ Страница 6 готова! Всего собрано: 120 задач.
⏳ Скачиваем страницу 7 из 60...
✅ Страница 7 готова! Всего собрано: 140 задач.
⏳ Скачиваем страницу 8 из 60...
✅ Страница 8 готова! Всего собрано: 160 задач.
⏳ Скачиваем страницу 9 из 60...
✅ Страница 9 готова! Всего собрано: 180 задач.
⏳ Скачиваем страницу 10 из 60...
✅ Страница 10 готова! Всего собрано: 200 задач.
⏳ Скачиваем страницу 11 из 60...
✅ Страница 11 готова! Всего собрано: 220 задач.
⏳ Скачиваем страницу 12 из 60...
✅ Страница 12 готова! Всего собрано: 240 задач.
⏳ Скачиваем страницу 13 из 60...
✅ Страница 13 готова! Всего собрано: 260 задач.
⏳ Скачиваем страницу 14 из 60...
✅ Страница 14 готова! Всего собрано: 280 задач.
⏳ Скачиваем страницу 15 из 60...
✅ Страница 15 готова! Всего собрано: 300 задач.
⏳ Скачиваем страницу 16 из 60...
✅ Страница 16 готова! Всего собрано: 320 задач.
⏳ Скачиваем страницу 17 из 60...
✅ Страница 17 готова! Всего собрано: 340 задач.
⏳ Скачиваем страницу 18 из 60...
✅ Страница 18 готова! Всего собрано: 360 задач.
⏳ Скачиваем страницу 19 из 60...
✅ Страница 19 готова! Всего собрано: 380 задач.
⏳ Скачиваем страницу 20 из 60...
✅ Страница 20 готова! Всего собрано: 400 задач.
⏳ Скачиваем страницу 21 из 60...
✅ Страница 21 готова! Всего собрано: 420 задач.
⏳ Скачиваем страницу 22 из 60...
✅ Страница 22 готова! Всего собрано: 440 задач.
⏳ Скачиваем страницу 23 из 60...
✅ Страница 23 готова! Всего собрано: 460 задач.
⏳ Скачиваем страницу 24 из 60...
✅ Страница 24 готова! Всего собрано: 480 задач.
⏳ Скачиваем страницу 25 из 60...
✅ Страница 25 готова! Всего собрано: 500 задач.
⏳ Скачиваем страницу 26 из 60...
✅ Страница 26 готова! Всего собрано: 520 задач.
⏳ Скачиваем страницу 27 из 60...
✅ Страница 27 готова! Всего собрано: 540 задач.
⏳ Скачиваем страницу 28 из 60...
✅ Страница 28 готова! Всего собрано: 560 задач.
⏳ Скачиваем страницу 29 из 60...
✅ Страница 29 готова! Всего собрано: 580 задач.
⏳ Скачиваем страницу 30 из 60...
✅ Страница 30 готова! Всего собрано: 600 задач.
⏳ Скачиваем страницу 31 из 60...
✅ Страница 31 готова! Всего собрано: 620 задач.
⏳ Скачиваем страницу 32 из 60...
✅ Страница 32 готова! Всего собрано: 640 задач.
⏳ Скачиваем страницу 33 из 60...
✅ Страница 33 готова! Всего собрано: 660 задач.
⏳ Скачиваем страницу 34 из 60...
✅ Страница 34 готова! Всего собрано: 680 задач.
⏳ Скачиваем страницу 35 из 60...
✅ Страница 35 готова! Всего собрано: 700 задач.
⏳ Скачиваем страницу 36 из 60...
✅ Страница 36 готова! Всего собрано: 720 задач.
⏳ Скачиваем страницу 37 из 60...
✅ Страница 37 готова! Всего собрано: 740 задач.
⏳ Скачиваем страницу 38 из 60...
✅ Страница 38 готова! Всего собрано: 760 задач.
⏳ Скачиваем страницу 39 из 60...
✅ Страница 39 готова! Всего собрано: 780 задач.
⏳ Скачиваем страницу 40 из 60...
✅ Страница 40 готова! Всего собрано: 800 задач.
⏳ Скачиваем страницу 41 из 60...
✅ Страница 41 готова! Всего собрано: 820 задач.
⏳ Скачиваем страницу 42 из 60...
✅ Страница 42 готова! Всего собрано: 840 задач.
⏳ Скачиваем страницу 43 из 60...
✅ Страница 43 готова! Всего собрано: 860 задач.
⏳ Скачиваем страницу 44 из 60...
✅ Страница 44 готова! Всего собрано: 880 задач.
⏳ Скачиваем страницу 45 из 60...
✅ Страница 45 готова! Всего собрано: 900 задач.
⏳ Скачиваем страницу 46 из 60...
✅ Страница 46 готова! Всего собрано: 920 задач.
⏳ Скачиваем страницу 47 из 60...
✅ Страница 47 готова! Всего собрано: 940 задач.
⏳ Скачиваем страницу 48 из 60...
✅ Страница 48 готова! Всего собрано: 960 задач.
⏳ Скачиваем страницу 49 из 60...
✅ Страница 49 готова! Всего собрано: 980 задач.
⏳ Скачиваем страницу 50 из 60...
✅ Страница 50 готова! Всего собрано: 1000 задач.
⏳ Скачиваем страницу 51 из 60...
✅ Страница 51 готова! Всего собрано: 1020 задач.
⏳ Скачиваем страницу 52 из 60...
✅ Страница 52 готова! Всего собрано: 1040 задач.
⏳ Скачиваем страницу 53 из 60...
✅ Страница 53 готова! Всего собрано: 1060 задач.
⏳ Скачиваем страницу 54 из 60...
✅ Страница 54 готова! Всего собрано: 1080 задач.
⏳ Скачиваем страницу 55 из 60...
✅ Страница 55 готова! Всего собрано: 1100 задач.
⏳ Скачиваем страницу 56 из 60...
✅ Страница 56 готова! Всего собрано: 1120 задач.
⏳ Скачиваем страницу 57 из 60...
✅ Страница 57 готова! Всего собрано: 1140 задач.
⏳ Скачиваем страницу 58 из 60...
✅ Страница 58 готова! Всего собрано: 1160 задач.
⏳ Скачиваем страницу 59 из 60...
✅ Страница 59 готова! Всего собрано: 1180 задач.
⏳ Скачиваем страницу 60 из 60...
✅ Страница 60 готова! Всего собрано: 1200 задач.

🎉 СБОР ЗАВЕРШЕН! Сохранено 1200 задач в файл: questions/ege_chinese.json
=== [Китайский_ЕГЭ] готово: Wed Aug  5 09:26:21 UTC 2026 ===

=== [Математика_база_ЕГЭ] старт: Wed Aug  5 09:26:21 UTC 2026 ===
🚀 Запуск умного парсинга ФИПИ [math_base_ege] | Домен: https://ege.fipi.ru | Проект: E040A72A1A3DABA14C90C97E0B6EE7DC
✅ Сессия ФИПИ успешно получена!
⏳ Скачиваем страницу 1 из 150...
✅ Страница 1 готова! Всего собрано: 20 задач.
⏳ Скачиваем страницу 2 из 150...
✅ Страница 2 готова! Всего собрано: 40 задач.
⏳ Скачиваем страницу 3 из 150...
✅ Страница 3 готова! Всего собрано: 60 задач.
⏳ Скачиваем страницу 4 из 150...
✅ Страница 4 готова! Всего собрано: 80 задач.
⏳ Скачиваем страницу 5 из 150...
✅ Страница 5 готова! Всего собрано: 100 задач.
⏳ Скачиваем страницу 6 из 150...
✅ Страница 6 готова! Всего собрано: 120 задач.
⏳ Скачиваем страницу 7 из 150...
✅ Страница 7 готова! Всего собрано: 140 задач.
⏳ Скачиваем страницу 8 из 150...
✅ Страница 8 готова! Всего собрано: 160 задач.
⏳ Скачиваем страницу 9 из 150...
✅ Страница 9 готова! Всего собрано: 180 задач.
⏳ Скачиваем страницу 10 из 150...
✅ Страница 10 готова! Всего собрано: 200 задач.
⏳ Скачиваем страницу 11 из 150...
✅ Страница 11 готова! Всего собрано: 220 задач.
⏳ Скачиваем страницу 12 из 150...
✅ Страница 12 готова! Всего собрано: 240 задач.
⏳ Скачиваем страницу 13 из 150...
✅ Страница 13 готова! Всего собрано: 260 задач.
⏳ Скачиваем страницу 14 из 150...
✅ Страница 14 готова! Всего собрано: 280 задач.
⏳ Скачиваем страницу 15 из 150...
✅ Страница 15 готова! Всего собрано: 300 задач.
⏳ Скачиваем страницу 16 из 150...
✅ Страница 16 готова! Всего собрано: 320 задач.
⏳ Скачиваем страницу 17 из 150...
✅ Страница 17 готова! Всего собрано: 340 задач.
⏳ Скачиваем страницу 18 из 150...
✅ Страница 18 готова! Всего собрано: 360 задач.
⏳ Скачиваем страницу 19 из 150...
✅ Страница 19 готова! Всего собрано: 380 задач.
⏳ Скачиваем страницу 20 из 150...
✅ Страница 20 готова! Всего собрано: 400 задач.
⏳ Скачиваем страницу 21 из 150...
✅ Страница 21 готова! Всего собрано: 420 задач.
⏳ Скачиваем страницу 22 из 150...
✅ Страница 22 готова! Всего собрано: 440 задач.
⏳ Скачиваем страницу 23 из 150...
✅ Страница 23 готова! Всего собрано: 460 задач.
⏳ Скачиваем страницу 24 из 150...
✅ Страница 24 готова! Всего собрано: 480 задач.
⏳ Скачиваем страницу 25 из 150...
✅ Страница 25 готова! Всего собрано: 500 задач.
⏳ Скачиваем страницу 26 из 150...
✅ Страница 26 готова! Всего собрано: 520 задач.
⏳ Скачиваем страницу 27 из 150...
✅ Страница 27 готова! Всего собрано: 540 задач.
⏳ Скачиваем страницу 28 из 150...
✅ Страница 28 готова! Всего собрано: 560 задач.
⏳ Скачиваем страницу 29 из 150...
✅ Страница 29 готова! Всего собрано: 580 задач.
⏳ Скачиваем страницу 30 из 150...
✅ Страница 30 готова! Всего собрано: 600 задач.
⏳ Скачиваем страницу 31 из 150...
✅ Страница 31 готова! Всего собрано: 620 задач.
⏳ Скачиваем страницу 32 из 150...
✅ Страница 32 готова! Всего собрано: 640 задач.
⏳ Скачиваем страницу 33 из 150...
✅ Страница 33 готова! Всего собрано: 660 задач.
⏳ Скачиваем страницу 34 из 150...
✅ Страница 34 готова! Всего собрано: 680 задач.
⏳ Скачиваем страницу 35 из 150...
✅ Страница 35 готова! Всего собрано: 700 задач.
⏳ Скачиваем страницу 36 из 150...
✅ Страница 36 готова! Всего собрано: 720 задач.
⏳ Скачиваем страницу 37 из 150...
✅ Страница 37 готова! Всего собрано: 740 задач.
⏳ Скачиваем страницу 38 из 150...
✅ Страница 38 готова! Всего собрано: 760 задач.
⏳ Скачиваем страницу 39 из 150...
✅ Страница 39 готова! Всего собрано: 780 задач.
⏳ Скачиваем страницу 40 из 150...
✅ Страница 40 готова! Всего собрано: 800 задач.
⏳ Скачиваем страницу 41 из 150...
✅ Страница 41 готова! Всего собрано: 820 задач.
⏳ Скачиваем страницу 42 из 150...
✅ Страница 42 готова! Всего собрано: 840 задач.
⏳ Скачиваем страницу 43 из 150...
✅ Страница 43 готова! Всего собрано: 860 задач.
⏳ Скачиваем страницу 44 из 150...
✅ Страница 44 готова! Всего собрано: 880 задач.
⏳ Скачиваем страницу 45 из 150...
✅ Страница 45 готова! Всего собрано: 900 задач.
⏳ Скачиваем страницу 46 из 150...
✅ Страница 46 готова! Всего собрано: 920 задач.
⏳ Скачиваем страницу 47 из 150...
✅ Страница 47 готова! Всего собрано: 940 задач.
⏳ Скачиваем страницу 48 из 150...
✅ Страница 48 готова! Всего собрано: 960 задач.
⏳ Скачиваем страницу 49 из 150...
✅ Страница 49 готова! Всего собрано: 980 задач.
⏳ Скачиваем страницу 50 из 150...
✅ Страница 50 готова! Всего собрано: 1000 задач.
⏳ Скачиваем страницу 51 из 150...
✅ Страница 51 готова! Всего собрано: 1020 задач.
⏳ Скачиваем страницу 52 из 150...
✅ Страница 52 готова! Всего собрано: 1040 задач.
⏳ Скачиваем страницу 53 из 150...
✅ Страница 53 готова! Всего собрано: 1060 задач.
⏳ Скачиваем страницу 54 из 150...
✅ Страница 54 готова! Всего собрано: 1080 задач.
⏳ Скачиваем страницу 55 из 150...
✅ Страница 55 готова! Всего собрано: 1100 задач.
⏳ Скачиваем страницу 56 из 150...
✅ Страница 56 готова! Всего собрано: 1120 задач.
⏳ Скачиваем страницу 57 из 150...
✅ Страница 57 готова! Всего собрано: 1140 задач.
⏳ Скачиваем страницу 58 из 150...
✅ Страница 58 готова! Всего собрано: 1160 задач.
⏳ Скачиваем страницу 59 из 150...
✅ Страница 59 готова! Всего собрано: 1180 задач.
⏳ Скачиваем страницу 60 из 150...
✅ Страница 60 готова! Всего собрано: 1200 задач.
⏳ Скачиваем страницу 61 из 150...
✅ Страница 61 готова! Всего собрано: 1220 задач.
⏳ Скачиваем страницу 62 из 150...
✅ Страница 62 готова! Всего собрано: 1240 задач.
⏳ Скачиваем страницу 63 из 150...
✅ Страница 63 готова! Всего собрано: 1260 задач.
⏳ Скачиваем страницу 64 из 150...
✅ Страница 64 готова! Всего собрано: 1280 задач.
⏳ Скачиваем страницу 65 из 150...
✅ Страница 65 готова! Всего собрано: 1300 задач.
⏳ Скачиваем страницу 66 из 150...
✅ Страница 66 готова! Всего собрано: 1320 задач.
⏳ Скачиваем страницу 67 из 150...
✅ Страница 67 готова! Всего собрано: 1340 задач.
⏳ Скачиваем страницу 68 из 150...
✅ Страница 68 готова! Всего собрано: 1360 задач.
⏳ Скачиваем страницу 69 из 150...
✅ Страница 69 готова! Всего собрано: 1380 задач.
⏳ Скачиваем страницу 70 из 150...
✅ Страница 70 готова! Всего собрано: 1400 задач.
⏳ Скачиваем страницу 71 из 150...
✅ Страница 71 готова! Всего собрано: 1420 задач.
⏳ Скачиваем страницу 72 из 150...
✅ Страница 72 готова! Всего собрано: 1440 задач.
⏳ Скачиваем страницу 73 из 150...
✅ Страница 73 готова! Всего собрано: 1460 задач.
⏳ Скачиваем страницу 74 из 150...
✅ Страница 74 готова! Всего собрано: 1480 задач.
⏳ Скачиваем страницу 75 из 150...
✅ Страница 75 готова! Всего собрано: 1500 задач.
⏳ Скачиваем страницу 76 из 150...
✅ Страница 76 готова! Всего собрано: 1520 задач.
⏳ Скачиваем страницу 77 из 150...
✅ Страница 77 готова! Всего собрано: 1540 задач.
⏳ Скачиваем страницу 78 из 150...
✅ Страница 78 готова! Всего собрано: 1560 задач.
⏳ Скачиваем страницу 79 из 150...
✅ Страница 79 готова! Всего собрано: 1580 задач.
⏳ Скачиваем страницу 80 из 150...
✅ Страница 80 готова! Всего собрано: 1600 задач.
⏳ Скачиваем страницу 81 из 150...
✅ Страница 81 готова! Всего собрано: 1620 задач.
⏳ Скачиваем страницу 82 из 150...
✅ Страница 82 готова! Всего собрано: 1640 задач.
⏳ Скачиваем страницу 83 из 150...
✅ Страница 83 готова! Всего собрано: 1660 задач.
⏳ Скачиваем страницу 84 из 150...
✅ Страница 84 готова! Всего собрано: 1680 задач.
⏳ Скачиваем страницу 85 из 150...
✅ Страница 85 готова! Всего собрано: 1700 задач.
⏳ Скачиваем страницу 86 из 150...
✅ Страница 86 готова! Всего собрано: 1720 задач.
⏳ Скачиваем страницу 87 из 150...
✅ Страница 87 готова! Всего собрано: 1740 задач.
⏳ Скачиваем страницу 88 из 150...
✅ Страница 88 готова! Всего собрано: 1760 задач.
⏳ Скачиваем страницу 89 из 150...
✅ Страница 89 готова! Всего собрано: 1780 задач.
⏳ Скачиваем страницу 90 из 150...
✅ Страница 90 готова! Всего собрано: 1800 задач.
⏳ Скачиваем страницу 91 из 150...
✅ Страница 91 готова! Всего собрано: 1820 задач.
⏳ Скачиваем страницу 92 из 150...
✅ Страница 92 готова! Всего собрано: 1840 задач.
⏳ Скачиваем страницу 93 из 150...
✅ Страница 93 готова! Всего собрано: 1860 задач.
⏳ Скачиваем страницу 94 из 150...
✅ Страница 94 готова! Всего собрано: 1880 задач.
⏳ Скачиваем страницу 95 из 150...
✅ Страница 95 готова! Всего собрано: 1900 задач.
⏳ Скачиваем страницу 96 из 150...
✅ Страница 96 готова! Всего собрано: 1920 задач.
⏳ Скачиваем страницу 97 из 150...
✅ Страница 97 готова! Всего собрано: 1940 задач.
⏳ Скачиваем страницу 98 из 150...
✅ Страница 98 готова! Всего собрано: 1960 задач.
⏳ Скачиваем страницу 99 из 150...
✅ Страница 99 готова! Всего собрано: 1980 задач.
⏳ Скачиваем страницу 100 из 150...
✅ Страница 100 готова! Всего собрано: 2000 задач.
⏳ Скачиваем страницу 101 из 150...
✅ Страница 101 готова! Всего собрано: 2020 задач.
⏳ Скачиваем страницу 102 из 150...
✅ Страница 102 готова! Всего собрано: 2040 задач.
⏳ Скачиваем страницу 103 из 150...
✅ Страница 103 готова! Всего собрано: 2060 задач.
⏳ Скачиваем страницу 104 из 150...
✅ Страница 104 готова! Всего собрано: 2080 задач.
⏳ Скачиваем страницу 105 из 150...
✅ Страница 105 готова! Всего собрано: 2100 задач.
⏳ Скачиваем страницу 106 из 150...
✅ Страница 106 готова! Всего собрано: 2120 задач.
⏳ Скачиваем страницу 107 из 150...
✅ Страница 107 готова! Всего собрано: 2140 задач.
⏳ Скачиваем страницу 108 из 150...
✅ Страница 108 готова! Всего собрано: 2160 задач.
⏳ Скачиваем страницу 109 из 150...
✅ Страница 109 готова! Всего собрано: 2180 задач.
⏳ Скачиваем страницу 110 из 150...
✅ Страница 110 готова! Всего собрано: 2200 задач.
⏳ Скачиваем страницу 111 из 150...
✅ Страница 111 готова! Всего собрано: 2220 задач.
⏳ Скачиваем страницу 112 из 150...
✅ Страница 112 готова! Всего собрано: 2240 задач.
⏳ Скачиваем страницу 113 из 150...
✅ Страница 113 готова! Всего собрано: 2260 задач.
⏳ Скачиваем страницу 114 из 150...
✅ Страница 114 готова! Всего собрано: 2280 задач.
⏳ Скачиваем страницу 115 из 150...
✅ Страница 115 готова! Всего собрано: 2300 задач.
⏳ Скачиваем страницу 116 из 150...
✅ Страница 116 готова! Всего собрано: 2320 задач.
⏳ Скачиваем страницу 117 из 150...
✅ Страница 117 готова! Всего собрано: 2340 задач.
⏳ Скачиваем страницу 118 из 150...
✅ Страница 118 готова! Всего собрано: 2360 задач.
⏳ Скачиваем страницу 119 из 150...
✅ Страница 119 готова! Всего собрано: 2380 задач.
⏳ Скачиваем страницу 120 из 150...
✅ Страница 120 готова! Всего собрано: 2400 задач.
⏳ Скачиваем страницу 121 из 150...
✅ Страница 121 готова! Всего собрано: 2420 задач.
⏳ Скачиваем страницу 122 из 150...
✅ Страница 122 готова! Всего собрано: 2440 задач.
⏳ Скачиваем страницу 123 из 150...
✅ Страница 123 готова! Всего собрано: 2460 задач.
⏳ Скачиваем страницу 124 из 150...
✅ Страница 124 готова! Всего собрано: 2480 задач.
⏳ Скачиваем страницу 125 из 150...
✅ Страница 125 готова! Всего собрано: 2500 задач.
⏳ Скачиваем страницу 126 из 150...
✅ Страница 126 готова! Всего собрано: 2520 задач.
⏳ Скачиваем страницу 127 из 150...
✅ Страница 127 готова! Всего собрано: 2540 задач.
⏳ Скачиваем страницу 128 из 150...
✅ Страница 128 готова! Всего собрано: 2560 задач.
⏳ Скачиваем страницу 129 из 150...
✅ Страница 129 готова! Всего собрано: 2580 задач.
⏳ Скачиваем страницу 130 из 150...
✅ Страница 130 готова! Всего собрано: 2600 задач.
⏳ Скачиваем страницу 131 из 150...
✅ Страница 131 готова! Всего собрано: 2620 задач.
⏳ Скачиваем страницу 132 из 150...
✅ Страница 132 готова! Всего собрано: 2640 задач.
⏳ Скачиваем страницу 133 из 150...
✅ Страница 133 готова! Всего собрано: 2660 задач.
⏳ Скачиваем страницу 134 из 150...
✅ Страница 134 готова! Всего собрано: 2680 задач.
⏳ Скачиваем страницу 135 из 150...
✅ Страница 135 готова! Всего собрано: 2700 задач.
⏳ Скачиваем страницу 136 из 150...
✅ Страница 136 готова! Всего собрано: 2720 задач.
⏳ Скачиваем страницу 137 из 150...
✅ Страница 137 готова! Всего собрано: 2740 задач.
⏳ Скачиваем страницу 138 из 150...
✅ Страница 138 готова! Всего собрано: 2760 задач.
⏳ Скачиваем страницу 139 из 150...
✅ Страница 139 готова! Всего собрано: 2780 задач.
⏳ Скачиваем страницу 140 из 150...
✅ Страница 140 готова! Всего собрано: 2800 задач.
⏳ Скачиваем страницу 141 из 150...
✅ Страница 141 готова! Всего собрано: 2820 задач.
⏳ Скачиваем страницу 142 из 150...
✅ Страница 142 готова! Всего собрано: 2840 задач.
⏳ Скачиваем страницу 143 из 150...
✅ Страница 143 готова! Всего собрано: 2860 задач.
⏳ Скачиваем страницу 144 из 150...
✅ Страница 144 готова! Всего собрано: 2880 задач.
⏳ Скачиваем страницу 145 из 150...
✅ Страница 145 готова! Всего собрано: 2900 задач.
⏳ Скачиваем страницу 146 из 150...
✅ Страница 146 готова! Всего собрано: 2920 задач.
⏳ Скачиваем страницу 147 из 150...
✅ Страница 147 готова! Всего собрано: 2940 задач.
⏳ Скачиваем страницу 148 из 150...
✅ Страница 148 готова! Всего собрано: 2960 задач.
⏳ Скачиваем страницу 149 из 150...
✅ Страница 149 готова! Всего собрано: 2980 задач.
⏳ Скачиваем страницу 150 из 150...
✅ Страница 150 готова! Всего собрано: 3000 задач.

🎉 СБОР ЗАВЕРШЕН! Сохранено 3000 задач в файл: questions/math_base_ege.json
=== [Математика_база_ЕГЭ] готово: Wed Aug  5 09:28:07 UTC 2026 ===

=== [Испанский_ЕГЭ] старт: Wed Aug  5 09:28:07 UTC 2026 ===
🚀 Запуск умного парсинга ФИПИ [ege_spanish] | Домен: https://ege.fipi.ru | Проект: 8C65A335D93D9DA047C42613F61416F3
✅ Сессия ФИПИ успешно получена!
⏳ Скачиваем страницу 1 из 60...
✅ Страница 1 готова! Всего собрано: 20 задач.
⏳ Скачиваем страницу 2 из 60...
✅ Страница 2 готова! Всего собрано: 40 задач.
⏳ Скачиваем страницу 3 из 60...
✅ Страница 3 готова! Всего собрано: 60 задач.
⏳ Скачиваем страницу 4 из 60...
✅ Страница 4 готова! Всего собрано: 80 задач.
⏳ Скачиваем страницу 5 из 60...
✅ Страница 5 готова! Всего собрано: 100 задач.
⏳ Скачиваем страницу 6 из 60...
✅ Страница 6 готова! Всего собрано: 120 задач.
⏳ Скачиваем страницу 7 из 60...
✅ Страница 7 готова! Всего собрано: 140 задач.
⏳ Скачиваем страницу 8 из 60...
✅ Страница 8 готова! Всего собрано: 160 задач.
⏳ Скачиваем страницу 9 из 60...
✅ Страница 9 готова! Всего собрано: 180 задач.
⏳ Скачиваем страницу 10 из 60...
✅ Страница 10 готова! Всего собрано: 200 задач.
⏳ Скачиваем страницу 11 из 60...
✅ Страница 11 готова! Всего собрано: 220 задач.
⏳ Скачиваем страницу 12 из 60...
✅ Страница 12 готова! Всего собрано: 240 задач.
⏳ Скачиваем страницу 13 из 60...
✅ Страница 13 готова! Всего собрано: 260 задач.
⏳ Скачиваем страницу 14 из 60...
✅ Страница 14 готова! Всего собрано: 280 задач.
⏳ Скачиваем страницу 15 из 60...
✅ Страница 15 готова! Всего собрано: 300 задач.
⏳ Скачиваем страницу 16 из 60...
✅ Страница 16 готова! Всего собрано: 320 задач.
⏳ Скачиваем страницу 17 из 60...
✅ Страница 17 готова! Всего собрано: 340 задач.
⏳ Скачиваем страницу 18 из 60...
✅ Страница 18 готова! Всего собрано: 360 задач.
⏳ Скачиваем страницу 19 из 60...
✅ Страница 19 готова! Всего собрано: 380 задач.
⏳ Скачиваем страницу 20 из 60...
✅ Страница 20 готова! Всего собрано: 400 задач.
⏳ Скачиваем страницу 21 из 60...
✅ Страница 21 готова! Всего собрано: 420 задач.
⏳ Скачиваем страницу 22 из 60...
✅ Страница 22 готова! Всего собрано: 440 задач.
⏳ Скачиваем страницу 23 из 60...
✅ Страница 23 готова! Всего собрано: 460 задач.
⏳ Скачиваем страницу 24 из 60...
✅ Страница 24 готова! Всего собрано: 480 задач.
⏳ Скачиваем страницу 25 из 60...
✅ Страница 25 готова! Всего собрано: 500 задач.
⏳ Скачиваем страницу 26 из 60...
✅ Страница 26 готова! Всего собрано: 520 задач.
⏳ Скачиваем страницу 27 из 60...
✅ Страница 27 готова! Всего собрано: 540 задач.
⏳ Скачиваем страницу 28 из 60...
✅ Страница 28 готова! Всего собрано: 560 задач.
⏳ Скачиваем страницу 29 из 60...
✅ Страница 29 готова! Всего собрано: 580 задач.
⏳ Скачиваем страницу 30 из 60...
✅ Страница 30 готова! Всего собрано: 600 задач.
⏳ Скачиваем страницу 31 из 60...
✅ Страница 31 готова! Всего собрано: 620 задач.
⏳ Скачиваем страницу 32 из 60...
✅ Страница 32 готова! Всего собрано: 640 задач.
⏳ Скачиваем страницу 33 из 60...
✅ Страница 33 готова! Всего собрано: 660 задач.
⏳ Скачиваем страницу 34 из 60...
✅ Страница 34 готова! Всего собрано: 680 задач.
⏳ Скачиваем страницу 35 из 60...
✅ Страница 35 готова! Всего собрано: 700 задач.
⏳ Скачиваем страницу 36 из 60...
✅ Страница 36 готова! Всего собрано: 720 задач.
⏳ Скачиваем страницу 37 из 60...
✅ Страница 37 готова! Всего собрано: 740 задач.
⏳ Скачиваем страницу 38 из 60...
✅ Страница 38 готова! Всего собрано: 760 задач.
⏳ Скачиваем страницу 39 из 60...
✅ Страница 39 готова! Всего собрано: 780 задач.
⏳ Скачиваем страницу 40 из 60...
✅ Страница 40 готова! Всего собрано: 800 задач.
⏳ Скачиваем страницу 41 из 60...
✅ Страница 41 готова! Всего собрано: 820 задач.
⏳ Скачиваем страницу 42 из 60...
✅ Страница 42 готова! Всего собрано: 840 задач.
⏳ Скачиваем страницу 43 из 60...
✅ Страница 43 готова! Всего собрано: 860 задач.
⏳ Скачиваем страницу 44 из 60...
✅ Страница 44 готова! Всего собрано: 880 задач.
⏳ Скачиваем страницу 45 из 60...
✅ Страница 45 готова! Всего собрано: 900 задач.
⏳ Скачиваем страницу 46 из 60...
✅ Страница 46 готова! Всего собрано: 920 задач.
⏳ Скачиваем страницу 47 из 60...
✅ Страница 47 готова! Всего собрано: 940 задач.
⏳ Скачиваем страницу 48 из 60...
✅ Страница 48 готова! Всего собрано: 960 задач.
⏳ Скачиваем страницу 49 из 60...
✅ Страница 49 готова! Всего собрано: 980 задач.
⏳ Скачиваем страницу 50 из 60...
✅ Страница 50 готова! Всего собрано: 1000 задач.
⏳ Скачиваем страницу 51 из 60...
✅ Страница 51 готова! Всего собрано: 1020 задач.
⏳ Скачиваем страницу 52 из 60...
✅ Страница 52 готова! Всего собрано: 1040 задач.
⏳ Скачиваем страницу 53 из 60...
✅ Страница 53 готова! Всего собрано: 1060 задач.
⏳ Скачиваем страницу 54 из 60...
✅ Страница 54 готова! Всего собрано: 1080 задач.
⏳ Скачиваем страницу 55 из 60...
✅ Страница 55 готова! Всего собрано: 1100 задач.
⏳ Скачиваем страницу 56 из 60...
✅ Страница 56 готова! Всего собрано: 1120 задач.
⏳ Скачиваем страницу 57 из 60...
✅ Страница 57 готова! Всего собрано: 1140 задач.
⏳ Скачиваем страницу 58 из 60...
✅ Страница 58 готова! Всего собрано: 1160 задач.
⏳ Скачиваем страницу 59 из 60...
✅ Страница 59 готова! Всего собрано: 1180 задач.
⏳ Скачиваем страницу 60 из 60...
✅ Страница 60 готова! Всего собрано: 1200 задач.

🎉 СБОР ЗАВЕРШЕН! Сохранено 1200 задач в файл: questions/ege_spanish.json
=== [Испанский_ЕГЭ] готово: Wed Aug  5 09:28:58 UTC 2026 ===

=== [Французский_ОГЭ] старт: Wed Aug  5 09:28:58 UTC 2026 ===
🚀 Запуск умного парсинга ФИПИ [oge_french] | Домен: https://oge.fipi.ru | Проект: 2A4C52ED5AC1ADA644B8BBF169FEC0FC
✅ Сессия ФИПИ успешно получена!
⏳ Скачиваем страницу 1 из 60...
✅ Страница 1 готова! Всего собрано: 20 задач.
⏳ Скачиваем страницу 2 из 60...
✅ Страница 2 готова! Всего собрано: 40 задач.
⏳ Скачиваем страницу 3 из 60...
✅ Страница 3 готова! Всего собрано: 60 задач.
⏳ Скачиваем страницу 4 из 60...
✅ Страница 4 готова! Всего собрано: 80 задач.
⏳ Скачиваем страницу 5 из 60...
✅ Страница 5 готова! Всего собрано: 100 задач.
⏳ Скачиваем страницу 6 из 60...
✅ Страница 6 готова! Всего собрано: 120 задач.
⏳ Скачиваем страницу 7 из 60...
✅ Страница 7 готова! Всего собрано: 140 задач.
⏳ Скачиваем страницу 8 из 60...
✅ Страница 8 готова! Всего собрано: 160 задач.
⏳ Скачиваем страницу 9 из 60...
✅ Страница 9 готова! Всего собрано: 180 задач.
⏳ Скачиваем страницу 10 из 60...
✅ Страница 10 готова! Всего собрано: 200 задач.
⏳ Скачиваем страницу 11 из 60...
✅ Страница 11 готова! Всего собрано: 220 задач.
⏳ Скачиваем страницу 12 из 60...
✅ Страница 12 готова! Всего собрано: 240 задач.
⏳ Скачиваем страницу 13 из 60...
✅ Страница 13 готова! Всего собрано: 260 задач.
⏳ Скачиваем страницу 14 из 60...
✅ Страница 14 готова! Всего собрано: 280 задач.
⏳ Скачиваем страницу 15 из 60...
✅ Страница 15 готова! Всего собрано: 300 задач.
⏳ Скачиваем страницу 16 из 60...
✅ Страница 16 готова! Всего собрано: 320 задач.
⏳ Скачиваем страницу 17 из 60...
✅ Страница 17 готова! Всего собрано: 340 задач.
⏳ Скачиваем страницу 18 из 60...
✅ Страница 18 готова! Всего собрано: 360 задач.
⏳ Скачиваем страницу 19 из 60...
✅ Страница 19 готова! Всего собрано: 380 задач.
⏳ Скачиваем страницу 20 из 60...
✅ Страница 20 готова! Всего собрано: 400 задач.
⏳ Скачиваем страницу 21 из 60...
✅ Страница 21 готова! Всего собрано: 420 задач.
⏳ Скачиваем страницу 22 из 60...
✅ Страница 22 готова! Всего собрано: 440 задач.
⏳ Скачиваем страницу 23 из 60...
✅ Страница 23 готова! Всего собрано: 460 задач.
⏳ Скачиваем страницу 24 из 60...
✅ Страница 24 готова! Всего собрано: 480 задач.
⏳ Скачиваем страницу 25 из 60...
✅ Страница 25 готова! Всего собрано: 500 задач.
⏳ Скачиваем страницу 26 из 60...
✅ Страница 26 готова! Всего собрано: 520 задач.
⏳ Скачиваем страницу 27 из 60...
✅ Страница 27 готова! Всего собрано: 540 задач.
⏳ Скачиваем страницу 28 из 60...
✅ Страница 28 готова! Всего собрано: 560 задач.
⏳ Скачиваем страницу 29 из 60...
✅ Страница 29 готова! Всего собрано: 580 задач.
⏳ Скачиваем страницу 30 из 60...
✅ Страница 30 готова! Всего собрано: 600 задач.
⏳ Скачиваем страницу 31 из 60...
✅ Страница 31 готова! Всего собрано: 620 задач.
⏳ Скачиваем страницу 32 из 60...
✅ Страница 32 готова! Всего собрано: 640 задач.
⏳ Скачиваем страницу 33 из 60...
✅ Страница 33 готова! Всего собрано: 660 задач.
⏳ Скачиваем страницу 34 из 60...
✅ Страница 34 готова! Всего собрано: 680 задач.
⏳ Скачиваем страницу 35 из 60...
✅ Страница 35 готова! Всего собрано: 700 задач.
⏳ Скачиваем страницу 36 из 60...
✅ Страница 36 готова! Всего собрано: 720 задач.
⏳ Скачиваем страницу 37 из 60...
✅ Страница 37 готова! Всего собрано: 740 задач.
⏳ Скачиваем страницу 38 из 60...
✅ Страница 38 готова! Всего собрано: 760 задач.
⏳ Скачиваем страницу 39 из 60...
✅ Страница 39 готова! Всего собрано: 780 задач.
⏳ Скачиваем страницу 40 из 60...
✅ Страница 40 готова! Всего собрано: 800 задач.
⏳ Скачиваем страницу 41 из 60...
✅ Страница 41 готова! Всего собрано: 820 задач.
⏳ Скачиваем страницу 42 из 60...
✅ Страница 42 готова! Всего собрано: 840 задач.
⏳ Скачиваем страницу 43 из 60...
✅ Страница 43 готова! Всего собрано: 860 задач.
⏳ Скачиваем страницу 44 из 60...
✅ Страница 44 готова! Всего собрано: 880 задач.
⏳ Скачиваем страницу 45 из 60...
✅ Страница 45 готова! Всего собрано: 900 задач.
⏳ Скачиваем страницу 46 из 60...
✅ Страница 46 готова! Всего собрано: 920 задач.
⏳ Скачиваем страницу 47 из 60...
✅ Страница 47 готова! Всего собрано: 940 задач.
⏳ Скачиваем страницу 48 из 60...
✅ Страница 48 готова! Всего собрано: 960 задач.
⏳ Скачиваем страницу 49 из 60...
✅ Страница 49 готова! Всего собрано: 980 задач.
⏳ Скачиваем страницу 50 из 60...
✅ Страница 50 готова! Всего собрано: 1000 задач.
⏳ Скачиваем страницу 51 из 60...
✅ Страница 51 готова! Всего собрано: 1020 задач.
⏳ Скачиваем страницу 52 из 60...
✅ Страница 52 готова! Всего собрано: 1040 задач.
⏳ Скачиваем страницу 53 из 60...
✅ Страница 53 готова! Всего собрано: 1060 задач.
⏳ Скачиваем страницу 54 из 60...
✅ Страница 54 готова! Всего собрано: 1080 задач.
⏳ Скачиваем страницу 55 из 60...
✅ Страница 55 готова! Всего собрано: 1100 задач.
⏳ Скачиваем страницу 56 из 60...
✅ Страница 56 готова! Всего собрано: 1120 задач.
⏳ Скачиваем страницу 57 из 60...
✅ Страница 57 готова! Всего собрано: 1140 задач.
⏳ Скачиваем страницу 58 из 60...
✅ Страница 58 готова! Всего собрано: 1160 задач.
⏳ Скачиваем страницу 59 из 60...
✅ Страница 59 готова! Всего собрано: 1180 задач.
⏳ Скачиваем страницу 60 из 60...
✅ Страница 60 готова! Всего собрано: 1200 задач.

🎉 СБОР ЗАВЕРШЕН! Сохранено 1200 задач в файл: questions/oge_french.json
=== [Французский_ОГЭ] готово: Wed Aug  5 09:29:40 UTC 2026 ===

=== [Немецкий_ОГЭ] старт: Wed Aug  5 09:29:40 UTC 2026 ===
🚀 Запуск умного парсинга ФИПИ [oge_german] | Домен: https://oge.fipi.ru | Проект: A2AC67AE354EBC5242C49482CBC13451
✅ Сессия ФИПИ успешно получена!
⏳ Скачиваем страницу 1 из 60...
✅ Страница 1 готова! Всего собрано: 20 задач.
⏳ Скачиваем страницу 2 из 60...
✅ Страница 2 готова! Всего собрано: 40 задач.
⏳ Скачиваем страницу 3 из 60...
✅ Страница 3 готова! Всего собрано: 60 задач.
⏳ Скачиваем страницу 4 из 60...
✅ Страница 4 готова! Всего собрано: 80 задач.
⏳ Скачиваем страницу 5 из 60...
✅ Страница 5 готова! Всего собрано: 100 задач.
⏳ Скачиваем страницу 6 из 60...
✅ Страница 6 готова! Всего собрано: 120 задач.
⏳ Скачиваем страницу 7 из 60...
✅ Страница 7 готова! Всего собрано: 140 задач.
⏳ Скачиваем страницу 8 из 60...
✅ Страница 8 готова! Всего собрано: 160 задач.
⏳ Скачиваем страницу 9 из 60...
✅ Страница 9 готова! Всего собрано: 180 задач.
⏳ Скачиваем страницу 10 из 60...
✅ Страница 10 готова! Всего собрано: 200 задач.
⏳ Скачиваем страницу 11 из 60...
✅ Страница 11 готова! Всего собрано: 220 задач.
⏳ Скачиваем страницу 12 из 60...
✅ Страница 12 готова! Всего собрано: 240 задач.
⏳ Скачиваем страницу 13 из 60...
✅ Страница 13 готова! Всего собрано: 260 задач.
⏳ Скачиваем страницу 14 из 60...
✅ Страница 14 готова! Всего собрано: 280 задач.
⏳ Скачиваем страницу 15 из 60...
✅ Страница 15 готова! Всего собрано: 300 задач.
⏳ Скачиваем страницу 16 из 60...
✅ Страница 16 готова! Всего собрано: 320 задач.
⏳ Скачиваем страницу 17 из 60...
✅ Страница 17 готова! Всего собрано: 340 задач.
⏳ Скачиваем страницу 18 из 60...
✅ Страница 18 готова! Всего собрано: 360 задач.
⏳ Скачиваем страницу 19 из 60...
✅ Страница 19 готова! Всего собрано: 380 задач.
⏳ Скачиваем страницу 20 из 60...
✅ Страница 20 готова! Всего собрано: 400 задач.
⏳ Скачиваем страницу 21 из 60...
✅ Страница 21 готова! Всего собрано: 420 задач.
⏳ Скачиваем страницу 22 из 60...
✅ Страница 22 готова! Всего собрано: 440 задач.
⏳ Скачиваем страницу 23 из 60...
✅ Страница 23 готова! Всего собрано: 460 задач.
⏳ Скачиваем страницу 24 из 60...
✅ Страница 24 готова! Всего собрано: 480 задач.
⏳ Скачиваем страницу 25 из 60...
✅ Страница 25 готова! Всего собрано: 500 задач.
⏳ Скачиваем страницу 26 из 60...
✅ Страница 26 готова! Всего собрано: 520 задач.
⏳ Скачиваем страницу 27 из 60...
✅ Страница 27 готова! Всего собрано: 540 задач.
⏳ Скачиваем страницу 28 из 60...
✅ Страница 28 готова! Всего собрано: 560 задач.
⏳ Скачиваем страницу 29 из 60...
✅ Страница 29 готова! Всего собрано: 580 задач.
⏳ Скачиваем страницу 30 из 60...
✅ Страница 30 готова! Всего собрано: 600 задач.
⏳ Скачиваем страницу 31 из 60...
✅ Страница 31 готова! Всего собрано: 620 задач.
⏳ Скачиваем страницу 32 из 60...
✅ Страница 32 готова! Всего собрано: 640 задач.
⏳ Скачиваем страницу 33 из 60...
✅ Страница 33 готова! Всего собрано: 660 задач.
⏳ Скачиваем страницу 34 из 60...
✅ Страница 34 готова! Всего собрано: 680 задач.
⏳ Скачиваем страницу 35 из 60...
✅ Страница 35 готова! Всего собрано: 700 задач.
⏳ Скачиваем страницу 36 из 60...
✅ Страница 36 готова! Всего собрано: 720 задач.
⏳ Скачиваем страницу 37 из 60...
✅ Страница 37 готова! Всего собрано: 740 задач.
⏳ Скачиваем страницу 38 из 60...
✅ Страница 38 готова! Всего собрано: 760 задач.
⏳ Скачиваем страницу 39 из 60...
✅ Страница 39 готова! Всего собрано: 780 задач.
⏳ Скачиваем страницу 40 из 60...
✅ Страница 40 готова! Всего собрано: 800 задач.
⏳ Скачиваем страницу 41 из 60...
✅ Страница 41 готова! Всего собрано: 820 задач.
⏳ Скачиваем страницу 42 из 60...
✅ Страница 42 готова! Всего собрано: 840 задач.
⏳ Скачиваем страницу 43 из 60...
✅ Страница 43 готова! Всего собрано: 860 задач.
⏳ Скачиваем страницу 44 из 60...
✅ Страница 44 готова! Всего собрано: 880 задач.
⏳ Скачиваем страницу 45 из 60...
✅ Страница 45 готова! Всего собрано: 900 задач.
⏳ Скачиваем страницу 46 из 60...
✅ Страница 46 готова! Всего собрано: 920 задач.
⏳ Скачиваем страницу 47 из 60...
✅ Страница 47 готова! Всего собрано: 940 задач.
⏳ Скачиваем страницу 48 из 60...
✅ Страница 48 готова! Всего собрано: 960 задач.
⏳ Скачиваем страницу 49 из 60...
✅ Страница 49 готова! Всего собрано: 980 задач.
⏳ Скачиваем страницу 50 из 60...
✅ Страница 50 готова! Всего собрано: 1000 задач.
⏳ Скачиваем страницу 51 из 60...
✅ Страница 51 готова! Всего собрано: 1020 задач.
⏳ Скачиваем страницу 52 из 60...
✅ Страница 52 готова! Всего собрано: 1040 задач.
⏳ Скачиваем страницу 53 из 60...
✅ Страница 53 готова! Всего собрано: 1060 задач.
⏳ Скачиваем страницу 54 из 60...
✅ Страница 54 готова! Всего собрано: 1080 задач.
⏳ Скачиваем страницу 55 из 60...
✅ Страница 55 готова! Всего собрано: 1100 задач.
⏳ Скачиваем страницу 56 из 60...
✅ Страница 56 готова! Всего собрано: 1120 задач.
⏳ Скачиваем страницу 57 из 60...
✅ Страница 57 готова! Всего собрано: 1140 задач.
⏳ Скачиваем страницу 58 из 60...
✅ Страница 58 готова! Всего собрано: 1160 задач.
⏳ Скачиваем страницу 59 из 60...
✅ Страница 59 готова! Всего собрано: 1180 задач.
⏳ Скачиваем страницу 60 из 60...
✅ Страница 60 готова! Всего собрано: 1200 задач.

🎉 СБОР ЗАВЕРШЕН! Сохранено 1200 задач в файл: questions/oge_german.json
=== [Немецкий_ОГЭ] готово: Wed Aug  5 09:30:23 UTC 2026 ===

=== [Испанский_ОГЭ] старт: Wed Aug  5 09:30:23 UTC 2026 ===
🚀 Запуск умного парсинга ФИПИ [oge_spanish] | Домен: https://oge.fipi.ru | Проект: 7FF0B02E53DFBCDE4F56B0148BE9A236
✅ Сессия ФИПИ успешно получена!
⏳ Скачиваем страницу 1 из 60...
✅ Страница 1 готова! Всего собрано: 20 задач.
⏳ Скачиваем страницу 2 из 60...
✅ Страница 2 готова! Всего собрано: 40 задач.
⏳ Скачиваем страницу 3 из 60...
✅ Страница 3 готова! Всего собрано: 60 задач.
⏳ Скачиваем страницу 4 из 60...
✅ Страница 4 готова! Всего собрано: 80 задач.
⏳ Скачиваем страницу 5 из 60...
✅ Страница 5 готова! Всего собрано: 100 задач.
⏳ Скачиваем страницу 6 из 60...
✅ Страница 6 готова! Всего собрано: 120 задач.
⏳ Скачиваем страницу 7 из 60...
✅ Страница 7 готова! Всего собрано: 140 задач.
⏳ Скачиваем страницу 8 из 60...
✅ Страница 8 готова! Всего собрано: 160 задач.
⏳ Скачиваем страницу 9 из 60...
✅ Страница 9 готова! Всего собрано: 180 задач.
⏳ Скачиваем страницу 10 из 60...
✅ Страница 10 готова! Всего собрано: 200 задач.
⏳ Скачиваем страницу 11 из 60...
✅ Страница 11 готова! Всего собрано: 220 задач.
⏳ Скачиваем страницу 12 из 60...
✅ Страница 12 готова! Всего собрано: 240 задач.
⏳ Скачиваем страницу 13 из 60...
✅ Страница 13 готова! Всего собрано: 260 задач.
⏳ Скачиваем страницу 14 из 60...
✅ Страница 14 готова! Всего собрано: 280 задач.
⏳ Скачиваем страницу 15 из 60...
✅ Страница 15 готова! Всего собрано: 300 задач.
⏳ Скачиваем страницу 16 из 60...
✅ Страница 16 готова! Всего собрано: 320 задач.
⏳ Скачиваем страницу 17 из 60...
✅ Страница 17 готова! Всего собрано: 340 задач.
⏳ Скачиваем страницу 18 из 60...
✅ Страница 18 готова! Всего собрано: 360 задач.
⏳ Скачиваем страницу 19 из 60...
✅ Страница 19 готова! Всего собрано: 380 задач.
⏳ Скачиваем страницу 20 из 60...
✅ Страница 20 готова! Всего собрано: 400 задач.
⏳ Скачиваем страницу 21 из 60...
✅ Страница 21 готова! Всего собрано: 420 задач.
⏳ Скачиваем страницу 22 из 60...
✅ Страница 22 готова! Всего собрано: 440 задач.
⏳ Скачиваем страницу 23 из 60...
✅ Страница 23 готова! Всего собрано: 460 задач.
⏳ Скачиваем страницу 24 из 60...
✅ Страница 24 готова! Всего собрано: 480 задач.
⏳ Скачиваем страницу 25 из 60...
✅ Страница 25 готова! Всего собрано: 500 задач.
⏳ Скачиваем страницу 26 из 60...
✅ Страница 26 готова! Всего собрано: 520 задач.
⏳ Скачиваем страницу 27 из 60...
✅ Страница 27 готова! Всего собрано: 540 задач.
⏳ Скачиваем страницу 28 из 60...
✅ Страница 28 готова! Всего собрано: 560 задач.
⏳ Скачиваем страницу 29 из 60...
✅ Страница 29 готова! Всего собрано: 580 задач.
⏳ Скачиваем страницу 30 из 60...
✅ Страница 30 готова! Всего собрано: 600 задач.
⏳ Скачиваем страницу 31 из 60...
✅ Страница 31 готова! Всего собрано: 620 задач.
⏳ Скачиваем страницу 32 из 60...
✅ Страница 32 готова! Всего собрано: 640 задач.
⏳ Скачиваем страницу 33 из 60...
✅ Страница 33 готова! Всего собрано: 660 задач.
⏳ Скачиваем страницу 34 из 60...
✅ Страница 34 готова! Всего собрано: 680 задач.
⏳ Скачиваем страницу 35 из 60...
✅ Страница 35 готова! Всего собрано: 700 задач.
⏳ Скачиваем страницу 36 из 60...
✅ Страница 36 готова! Всего собрано: 720 задач.
⏳ Скачиваем страницу 37 из 60...
✅ Страница 37 готова! Всего собрано: 740 задач.
⏳ Скачиваем страницу 38 из 60...
✅ Страница 38 готова! Всего собрано: 760 задач.
⏳ Скачиваем страницу 39 из 60...
✅ Страница 39 готова! Всего собрано: 780 задач.
⏳ Скачиваем страницу 40 из 60...
✅ Страница 40 готова! Всего собрано: 800 задач.
⏳ Скачиваем страницу 41 из 60...
✅ Страница 41 готова! Всего собрано: 820 задач.
⏳ Скачиваем страницу 42 из 60...
✅ Страница 42 готова! Всего собрано: 840 задач.
⏳ Скачиваем страницу 43 из 60...
✅ Страница 43 готова! Всего собрано: 860 задач.
⏳ Скачиваем страницу 44 из 60...
✅ Страница 44 готова! Всего собрано: 880 задач.
⏳ Скачиваем страницу 45 из 60...
✅ Страница 45 готова! Всего собрано: 900 задач.
⏳ Скачиваем страницу 46 из 60...
✅ Страница 46 готова! Всего собрано: 920 задач.
⏳ Скачиваем страницу 47 из 60...
✅ Страница 47 готова! Всего собрано: 940 задач.
⏳ Скачиваем страницу 48 из 60...
✅ Страница 48 готова! Всего собрано: 960 задач.
⏳ Скачиваем страницу 49 из 60...
✅ Страница 49 готова! Всего собрано: 980 задач.
⏳ Скачиваем страницу 50 из 60...
✅ Страница 50 готова! Всего собрано: 1000 задач.
⏳ Скачиваем страницу 51 из 60...
✅ Страница 51 готова! Всего собрано: 1020 задач.
⏳ Скачиваем страницу 52 из 60...
✅ Страница 52 готова! Всего собрано: 1040 задач.
⏳ Скачиваем страницу 53 из 60...
✅ Страница 53 готова! Всего собрано: 1060 задач.
⏳ Скачиваем страницу 54 из 60...
✅ Страница 54 готова! Всего собрано: 1080 задач.
⏳ Скачиваем страницу 55 из 60...
✅ Страница 55 готова! Всего собрано: 1100 задач.
⏳ Скачиваем страницу 56 из 60...
✅ Страница 56 готова! Всего собрано: 1120 задач.
⏳ Скачиваем страницу 57 из 60...
✅ Страница 57 готова! Всего собрано: 1140 задач.
⏳ Скачиваем страницу 58 из 60...
✅ Страница 58 готова! Всего собрано: 1160 задач.
⏳ Скачиваем страницу 59 из 60...
✅ Страница 59 готова! Всего собрано: 1180 задач.
⏳ Скачиваем страницу 60 из 60...
✅ Страница 60 готова! Всего собрано: 1200 задач.

🎉 СБОР ЗАВЕРШЕН! Сохранено 1200 задач в файл: questions/oge_spanish.json
=== [Испанский_ОГЭ] готово: Wed Aug  5 09:31:06 UTC 2026 ===

=== ВСЕ ЯЗЫКИ ГОТОВЫ: Wed Aug  5 09:31:06 UTC 2026 ===
  questions/ege_french.json: 1200 задач
  questions/ege_german.json: 1200 задач
  questions/ege_chinese.json: 1200 задач
  questions/math_base_ege.json: 3000 задач
  questions/ege_spanish.json: 1200 задач
  questions/oge_french.json: 1200 задач
  questions/oge_german.json: 1200 задач
  questions/oge_spanish.json: 1200 задач
=== КОНЕЦ ===
