🌍 Начинаем решать ГЕОГРАФИЮ! Всего задач: 675, уже решено: 291
🧠 [259/675] Решаю geo_ege_p91_7...
   🗺️ Использую карту/таблицу для решения...
   ✅ Ответ: 231
🧠 [260/675] Решаю geo_ege_p92_8...
   ✅ Ответ: 321
🧠 [261/675] Решаю geo_ege_p92_9...
   ✅ Ответ: 136
🧠 [262/675] Решаю geo_ege_p92_10...
   🗺️ Использую карту/таблицу для решения...
   ✅ Ответ: 234
🧠 [263/675] Решаю geo_ege_p93_11...
   🗺️ Использую карту/таблицу для решения...
   ✅ Ответ: 123
🧠 [264/675] Решаю geo_ege_p93_12...
   ✅ Ответ: 24
🧠 [265/675] Решаю geo_ege_p93_13...
   ✅ Ответ: 123
🧠 [266/675] Решаю geo_ege_p94_14...
   🗺️ Использую карту/таблицу для решения...
   ✅ Ответ: 14
🧠 [267/675] Решаю geo_ege_p94_15...
   ✅ Ответ: 5037
🧠 [268/675] Решаю geo_ege_p94_16...
   🗺️ Использую карту/таблицу для решения...
   ✅ Ответ: 5506
🧠 [269/675] Решаю geo_ege_p95_17...
   ✅ Ответ: Нигерия
🧠 [270/675] Решаю geo_ege_p95_18...
   ✅ Ответ: Пермский
🧠 [271/675] Решаю geo_ege_p95_19...
   🗺️ Использую карту/таблицу для решения...
   ✅ Ответ: 213
🧠 [272/675] Решаю geo_ege_p96_20...
   🗺️ Использую карту/таблицу для решения...
   ✅ Ответ: 431
🧠 [273/675] Решаю geo_ege_p96_21...
   ✅ Ответ: Кемеровская область
🧠 [274/675] Решаю geo_ege_p96_22...
   ✅ Ответ: Железнодорожный
🧠 [275/675] Решаю geo_ege_p96_23...
   ✅ Ответ: Отсутствие железнодорожного сообщения с другими регионами страны
🧠 [276/675] Решаю geo_ege_p97_24...
   ✅ Ответ: Колумбия
🧠 [277/675] Решаю geo_ege_p97_25...
   ✅ Ответ: Гана
🧠 [278/675] Решаю geo_ege_p97_26...
   ✅ Ответ: 1 Наличие металлургической базы
2 Близость к потребителям продукции (развитая горнодобывающая промышленность в регионе и на соседних территориях)
🧠 [279/675] Решаю geo_ege_p97_27...
   ✅ Ответ: 1 Лесополосы снижают скорость ветра, что препятствует развитию ветровой эрозии (выдуванию верхнего плодородного слоя почвы)
2 Лесополосы способствуют накоплению снега на полях, что увеличивает запас влаги в почве и защищает её от промерзания
🧠 [280/675] Решаю geo_ege_p97_28...
   ✅ Ответ: 444
🧠 [281/675] Решаю geo_ege_p97_29...
   🗺️ Использую карту/таблицу для решения...
   ✅ Ответ: 1 Довод для Оли: режим выпадения осадков (максимум зимой, минимум летом) характерен для средиземноморского типа климата субтропического пояса
2 Довод для Светы: малое годовое количество осадков (282 мм) характерно для тропического пояса
🧠 [282/675] Решаю geo_ege_p99_4...
   🗺️ Использую карту/таблицу для решения...
   ✅ Ответ: 413
🧠 [283/675] Решаю geo_ege_p99_5...
   ✅ Ответ: 641
🧠 [284/675] Решаю geo_ege_p100_6...
   ✅ Ответ: 256
🧠 [285/675] Решаю geo_ege_p100_7...
   🗺️ Использую карту/таблицу для решения...
   ✅ Ответ: 132
🧠 [286/675] Решаю geo_ege_p100_8...
   ✅ Ответ: 213
🧠 [287/675] Решаю geo_ege_p101_9...
   ✅ Ответ: 235
🧠 [288/675] Решаю geo_ege_p101_10...
   🗺️ Использую карту/таблицу для решения...
   ✅ Ответ: 134
🧠 [289/675] Решаю geo_ege_p101_11...
   🗺️ Использую карту/таблицу для решения...
   ✅ Ответ: 231
🧠 [290/675] Решаю geo_ege_p102_12...
   ✅ Ответ: 145
🧠 [291/675] Решаю geo_ege_p102_13...
   ✅ Ответ: 213
🧠 [292/675] Решаю geo_ege_p102_14...
   🗺️ Использую карту/таблицу для решения...
   ✅ Ответ: 10:00
🧠 [293/675] Решаю geo_ege_p103_15...
   ✅ Ответ: 73468
🧠 [294/675] Решаю geo_ege_p103_16...
   🗺️ Использую карту/таблицу для решения...
   ✅ Ответ: -1827
🧠 [295/675] Решаю geo_ege_p103_17...
   ✅ Ответ: Австралия
🧠 [296/675] Решаю geo_ege_p103_18...
   ✅ Ответ: Коми
🧠 [297/675] Решаю geo_ege_p104_19...
   🗺️ Использую карту/таблицу для решения...
   ✅ Ответ: 321
🧠 [298/675] Решаю geo_ege_p104_20...
   🗺️ Использую карту/таблицу для решения...
   ✅ Ответ: 432
🧠 [299/675] Решаю geo_ege_p105_21...
   🗺️ Использую карту/таблицу для решения...
   ✅ Ответ: Карибское
🧠 [300/675] Решаю geo_ege_p105_22...
   🗺️ Использую карту/таблицу для решения...
   ✅ Ответ: Венесуэла
16 – 8 = 8 ‰ (Венесуэла)
9 – 15 = –6 ‰ (Куба)
🧠 [301/675] Решаю geo_ege_p105_23...
   🗺️ Использую карту/таблицу для решения...
   ✅ Ответ: Доля лиц старше 65 лет (пожилых людей) в общей численности населения на Кубе выше, чем в Венесуэле
🧠 [302/675] Решаю geo_ege_p106_24...
   ✅ Ответ: 1) Уругвай
2) Ожидаемая продолжительность жизни в Уругвае (77 лет) выше, чем в Перу (75 лет)
3) ВНД на душу населения в Уругвае (21 625 долл) выше, чем в Перу (12 237 долл)
🧠 [303/675] Решаю geo_ege_p106_25...
   ✅ Ответ: 1) Доля населения, занятого в сельском хозяйстве, в Камеруне (62%) выше, чем в ЮАР (5%)
2) Доля сельского хозяйства в общем объёме экспорта в Камеруне (1,1 / 5,2 ≈ 21,2%) выше, чем в ЮАР (10,0 / 94,9 ≈ 10,5%)
3) Камерун
🧠 [304/675] Решаю geo_ege_p106_26...
   ✅ Ответ: 1 Доля лиц пожилого возраста в возрастной структуре населения выше в Колумбии
2 В Колумбии ниже показатель рождаемости
3 В Колумбии выше показатель средней ожидаемой продолжительности жизни
🧠 [305/675] Решаю geo_ege_p106_27...
   🗺️ Использую карту/таблицу для решения...
   ✅ Ответ: Пункт D
1) Все пункты находятся на одной параллели (широте), следовательно, высота Солнца в них зависит только от местного солнечного времени
2) В пункте D местное солнечное время самое позднее (19 часов 40 минут) и больше всего отличается от полудня, поэтому Солнце там будет находиться ниже всего
🧠 [306/675] Решаю geo_ege_p106_28...
   ✅ Ответ: 57° 34' с ш
🧠 [307/675] Решаю geo_ege_p106_29...
   ✅ Ответ: 1 При производстве электроэнергии на солнечных электростанциях не происходит сжигания ископаемого топлива и отсутствуют выбросы парниковых газов
2 Производство солнечных панелей, их обслуживание и утилизация являются энергоёмкими процессами, в ходе которых (при использовании традиционных источников энергии) происходят выбросы парниковых газов
🧠 [308/675] Решаю geo_ege_p107_1...
   ✅ Ответ: Казахстан
🧠 [309/675] Решаю geo_ege_p107_2...
   🗺️ Использую карту/таблицу для решения...
   ✅ Ответ: 321
🧠 [310/675] Решаю geo_ege_p107_3...
   ✅ Ответ: 321
🧠 [311/675] Решаю geo_ege_p108_4...
   🗺️ Использую карту/таблицу для решения...
   ✅ Ответ: 134
🧠 [312/675] Решаю geo_ege_p108_5...
   ✅ Ответ: 316
🧠 [313/675] Решаю geo_ege_p109_6...
   ✅ Ответ: 126
🧠 [314/675] Решаю geo_ege_p109_7...
   🗺️ Использую карту/таблицу для решения...
   ✅ Ответ: 213
🧠 [315/675] Решаю geo_ege_p109_8...
   ✅ Ответ: 123
🧠 [316/675] Решаю geo_ege_p110_9...
   ✅ Ответ: 234
🧠 [317/675] Решаю geo_ege_p110_10...
   🗺️ Использую карту/таблицу для решения...
   ✅ Ответ: 124
🧠 [318/675] Решаю geo_ege_p110_11...
   🗺️ Использую карту/таблицу для решения...
   ✅ Ответ: 132
🧠 [319/675] Решаю geo_ege_p111_12...
   ✅ Ответ: 135
🧠 [320/675] Решаю geo_ege_p111_13...
   ✅ Ответ: 321
🧠 [321/675] Решаю geo_ege_p111_14...
   🗺️ Использую карту/таблицу для решения...
   ✅ Ответ: 15
🧠 [322/675] Решаю geo_ege_p113_19...
   🗺️ Использую карту/таблицу для решения...
   ✅ Ответ: 231
🧠 [323/675] Решаю geo_ege_p113_20...
   🗺️ Использую карту/таблицу для решения...
   ✅ Ответ: 554
🧠 [324/675] Решаю geo_ege_p114_21...
   ✅ Ответ: Уфа
🧠 [325/675] Решаю geo_ege_p114_22...
   ✅ Ответ: Основная химия
🧠 [326/675] Решаю geo_ege_p114_23...
   ✅ Ответ: Наличие месторождений нефти
🧠 [327/675] Решаю geo_ege_p114_24...
   ✅ Ответ: 1 Габон
2 ВВП на душу населения в Габоне выше (18 100 долларов), чем в Либерии (1 200 долларов)
3 Доля сельского хозяйства в структуре ВВП Габона ниже (5%), чем в Либерии (34%)
🧠 [328/675] Решаю geo_ege_p114_25...
   ✅ Ответ: 1) Доля сельского хозяйства в ВВП Ганы (18,3%) выше, чем в ВВП Габона (5,0%)
2) Доля сельского хозяйства в экспорте Ганы выше (3,3 / 13,8 × 100 ≈ 23,9%), чем в экспорте Габона (0,1 / 5,6 × 100 ≈ 1,8%)
3) Сельское хозяйство играло большую роль в экономике Ганы
🧠 [329/675] Решаю geo_ege_p114_26...
   ✅ Ответ: 1 Доля лиц пожилого возраста в возрастной структуре населения Перу выше, чем в Танзании
2 В Перу ниже показатель рождаемости
3 В Перу выше средняя ожидаемая продолжительность жизни
🧠 [330/675] Решаю geo_ege_p115_27...
   🗺️ Использую карту/таблицу для решения...
   ✅ Ответ: B
🧠 [331/675] Решаю geo_ege_p115_28...
   ✅ Ответ: 55° з д
🧠 [332/675] Решаю geo_ege_p115_29...
   ✅ Ответ: 1) При горении древесины в атмосферу выделяется большое количество углекислого газа, который является парниковым газом и способствует усилению парникового эффекта
2) В процессе естественного восстановления лесов растущие молодые деревья активно поглощают углекислый газ из атмосферы для наращивания биомассы
🧠 [333/675] Решаю geo_ege_p116_1...
   ✅ Ответ: Забайкальский
🧠 [334/675] Решаю geo_ege_p116_2...
   🗺️ Использую карту/таблицу для решения...
   ✅ Ответ: 123
🧠 [335/675] Решаю geo_ege_p116_3...
   ✅ Ответ: 321
🧠 [336/675] Решаю geo_ege_p117_4...
   🗺️ Использую карту/таблицу для решения...
   ✅ Ответ: 132
🧠 [337/675] Решаю geo_ege_p117_5...
   ✅ Ответ: 231
🧠 [338/675] Решаю geo_ege_p118_6...
   ✅ Ответ: 124
🧠 [339/675] Решаю geo_ege_p118_7...
   🗺️ Использую карту/таблицу для решения...
   ✅ Ответ: 132
🧠 [340/675] Решаю geo_ege_p119_8...
   ✅ Ответ: 321
🧠 [341/675] Решаю geo_ege_p119_9...
   ✅ Ответ: 136
🧠 [342/675] Решаю geo_ege_p119_10...
   🗺️ Использую карту/таблицу для решения...
   ✅ Ответ: 23
🧠 [343/675] Решаю geo_ege_p120_11...
   🗺️ Использую карту/таблицу для решения...
   ✅ Ответ: 321
🧠 [344/675] Решаю geo_ege_p120_12...
   ✅ Ответ: 246
🧠 [345/675] Решаю geo_ege_p121_13...
   ✅ Ответ: 123
🧠 [346/675] Решаю geo_ege_p121_14...
   🗺️ Использую карту/таблицу для решения...
   ✅ Ответ: 11
🧠 [347/675] Решаю geo_ege_p123_19...
   🗺️ Использую карту/таблицу для решения...
   ✅ Ответ: 321
🧠 [348/675] Решаю geo_ege_p123_20...
   🗺️ Использую карту/таблицу для решения...
   ✅ Ответ: 425
🧠 [349/675] Решаю geo_ege_p124_21...
   🗺️ Использую карту/таблицу для решения...
   ✅ Ответ: Самарская область
🧠 [350/675] Решаю geo_ege_p124_22...
   🗺️ Использую карту/таблицу для решения...
   ✅ Ответ: Часть территории страны, на которой действует особый льготный режим предпринимательской деятельности (налоговые, таможенные и другие льготы)
🧠 [351/675] Решаю geo_ege_p124_23...
   🗺️ Использую карту/таблицу для решения...
   ✅ Ответ: Развитое автомобилестроение
🧠 [352/675] Решаю geo_ege_p124_24...
   ✅ Ответ: Перу
🧠 [353/675] Решаю geo_ege_p124_25...
   ✅ Ответ: Гамбия
🧠 [354/675] Решаю geo_ege_p124_26...
   ✅ Ответ: 1 Уменьшение количества атмосферных осадков
2 Увеличение испаряемости
🧠 [355/675] Решаю geo_ege_p125_27...
   🗺️ Использую карту/таблицу для решения...
   ✅ Ответ: D
1 Пункт D расположен на побережье, куда в летнее время со стороны океана приходят влажные воздушные массы (муссоны)
2 Пункт D находится на наветренном склоне горного хребта, что способствует выпадению большого количества орографических осадков
🧠 [356/675] Решаю geo_ege_p125_28...
   ✅ Ответ: 45° сш 90° зд
🧠 [357/675] Решаю geo_ege_p125_29...
   ✅ Ответ: 1) Инвестиции способствуют созданию новых рабочих мест для местного населения и увеличению налоговых поступлений в бюджет страны
2) Большая часть прибыли от добычи полезных ископаемых вывозится иностранными компаниями за пределы страны, а не вкладывается в её развитие
🧠 [358/675] Решаю geo_ege_p126_1...
   ✅ Ответ: Мурманская
🧠 [359/675] Решаю geo_ege_p126_2...
   🗺️ Использую карту/таблицу для решения...
   ✅ Ответ: 231
🧠 [360/675] Решаю geo_ege_p126_3...
   ✅ Ответ: 213
🧠 [361/675] Решаю geo_ege_p127_4...
   ✅ Ответ: 123
🧠 [362/675] Решаю geo_ege_p127_5...
   ✅ Ответ: 315
🧠 [363/675] Решаю geo_ege_p127_6...
   ✅ Ответ: 234
🧠 [364/675] Решаю geo_ege_p128_7...
   🗺️ Использую карту/таблицу для решения...
   ✅ Ответ: 213
🧠 [365/675] Решаю geo_ege_p128_8...
   ✅ Ответ: 132
🧠 [366/675] Решаю geo_ege_p128_9...
   ✅ Ответ: 234
🧠 [367/675] Решаю geo_ege_p129_10...
   🗺️ Использую карту/таблицу для решения...
   ✅ Ответ: 14
🧠 [368/675] Решаю geo_ege_p129_11...
   🗺️ Использую карту/таблицу для решения...
   ✅ Ответ: 123
🧠 [369/675] Решаю geo_ege_p130_12...
   ✅ Ответ: 146
🧠 [370/675] Решаю geo_ege_p130_13...
   🗺️ Использую карту/таблицу для решения...
   ✅ Ответ: 213
🧠 [371/675] Решаю geo_ege_p131_14...
   🗺️ Использую карту/таблицу для решения...
   ✅ Ответ: 21
🧠 [372/675] Решаю geo_ege_p131_15...
   ✅ Ответ: 1178
🧠 [373/675] Решаю geo_ege_p131_16...
   🗺️ Использую карту/таблицу для решения...
   ✅ Ответ: 577980
🧠 [376/675] Решаю geo_ege_p132_19...
   🗺️ Использую карту/таблицу для решения...
   ✅ Ответ: 123
🧠 [377/675] Решаю geo_ege_p132_20...
   🗺️ Использую карту/таблицу для решения...
   ✅ Ответ: 123
🧠 [378/675] Решаю geo_ege_p133_19...
   ✅ Ответ: 321
🧠 [379/675] Решаю geo_ege_p133_20...
   🗺️ Использую карту/таблицу для решения...
   ✅ Ответ: 132
🧠 [380/675] Решаю geo_ege_p133_21...
   ✅ Ответ: Вологодская
🧠 [381/675] Решаю geo_ege_p134_22...
   ✅ Ответ: Предприятие, на котором сочетаются все стадии (технологические процессы) производства: выплавка чугуна, стали и производство проката
🧠 [382/675] Решаю geo_ege_p134_23...
   ✅ Ответ: Сокращение выбросов загрязняющих веществ в атмосферу
🧠 [383/675] Решаю geo_ege_p134_24...
   ✅ Ответ: Эквадор
🧠 [384/675] Решаю geo_ege_p134_25...
   ✅ Ответ: Камерун
🧠 [385/675] Решаю geo_ege_p134_26...
   ✅ Ответ: 1 Выгодное транспортно-географическое положение (нахождение на пересечении важных транспортных магистралей)
2 Близость к металлургическим базам (источникам сырья)
🧠 [386/675] Решаю geo_ege_p134_27...
   🗺️ Использую карту/таблицу для решения...
   ✅ Ответ: B
🧠 [387/675] Решаю geo_ege_p135_28...
   🗺️ Использую карту/таблицу для решения...
   ✅ Ответ: B
🧠 [388/675] Решаю geo_ege_p135_29...
   🗺️ Использую карту/таблицу для решения...
   ✅ Ответ: 1) Аргумент в пользу Маши: большое годовое количество осадков (1219 мм) и их выраженный летний максимум
2) Аргумент в пользу Наташи: значительная годовая амплитуда температур (около 15 °C)
🧠 [389/675] Решаю geo_ege_p136_1...
   ✅ Ответ: Башкортостан
🧠 [390/675] Решаю geo_ege_p136_2...
   🗺️ Использую карту/таблицу для решения...
   ✅ Ответ: 231
🧠 [391/675] Решаю geo_ege_p136_3...
   ✅ Ответ: 123
🧠 [395/675] Решаю geo_ege_p138_7...
   🗺️ Использую карту/таблицу для решения...
   ✅ Ответ: 213
🧠 [396/675] Решаю geo_ege_p138_8...
   ✅ Ответ: 312
🧠 [397/675] Решаю geo_ege_p138_9...
   ✅ Ответ: 126
🧠 [400/675] Решаю geo_ege_p140_12...
   ✅ Ответ: 135
🧠 [401/675] Решаю geo_ege_p140_13...
   ✅ Ответ: 213
🧠 [402/675] Решаю geo_ege_p141_14...
   🗺️ Использую карту/таблицу для решения...
   ✅ Ответ: 12
🧠 [403/675] Решаю geo_ege_p141_15...
   ✅ Ответ: 3523
🧠 [404/675] Решаю geo_ege_p143_19...
   🗺️ Использую карту/таблицу для решения...
   ✅ Ответ: 213
🧠 [405/675] Решаю geo_ege_p145_22...
   ✅ Ответ: Потребительский
🧠 [406/675] Решаю geo_ege_p145_23...
   ✅ Ответ: Водные ресурсы
🧠 [407/675] Решаю geo_ege_p145_24...
   ✅ Ответ: Мавритания
🧠 [408/675] Решаю geo_ege_p145_25...
   ✅ Ответ: Мавритания
🧠 [409/675] Решаю geo_ege_p145_26...
   🗺️ Использую карту/таблицу для решения...
   ✅ Ответ: 1 Преобладание западных ветров (западного переноса), приносящих влажные воздушные массы с океана
2 Наличие горных хребтов на побережье, способствующих выпадению орографических осадков
🧠 [410/675] Решаю geo_ege_p146_27...
   🗺️ Использую карту/таблицу для решения...
   ✅ Ответ: Пункт А
1 Пункт А расположен в межгорной котловине, что способствует застою воздуха и накоплению в нем загрязняющих веществ
2 В пункте А ТЭС работает на угле (рядом ведётся его добыча), при сжигании которого в атмосферу выбрасывается больше вредных веществ, чем при использовании газа
🧠 [411/675] Решаю geo_ege_p146_28...
   ✅ Ответ: 65° в д
🧠 [412/675] Решаю geo_ege_p146_29...
   ✅ Ответ: Недостаток малых ГЭС: высокая себестоимость производимой электроэнергии
Недостаток крупных ГЭС: высокие затраты и длительные сроки строительства
🧠 [413/675] Решаю geo_ege_p147_1...
   ✅ Ответ: Хабаровский край
🧠 [414/675] Решаю geo_ege_p147_2...
   🗺️ Использую карту/таблицу для решения...
   ✅ Ответ: 321
🧠 [415/675] Решаю geo_ege_p147_3...
   ✅ Ответ: 123
🧠 [418/675] Решаю geo_ege_p149_6...
   ✅ Ответ: 346
🧠 [419/675] Решаю geo_ege_p149_7...
   🗺️ Использую карту/таблицу для решения...
   ✅ Ответ: 132
🧠 [420/675] Решаю geo_ege_p150_8...
   ✅ Ответ: 123
🧠 [421/675] Решаю geo_ege_p150_9...
   ✅ Ответ: 124
🧠 [422/675] Решаю geo_ege_p150_10...
   🗺️ Использую карту/таблицу для решения...
   ✅ Ответ: 234
🧠 [423/675] Решаю geo_ege_p151_11...
   🗺️ Использую карту/таблицу для решения...
   ✅ Ответ: 213
🧠 [424/675] Решаю geo_ege_p151_12...
   ✅ Ответ: 123
🧠 [425/675] Решаю geo_ege_p152_13...
   ✅ Ответ: 321
🧠 [426/675] Решаю geo_ege_p152_14...
   🗺️ Использую карту/таблицу для решения...
   ✅ Ответ: 6
🧠 [427/675] Решаю geo_ege_p152_15...
   ✅ Ответ: 0,16
🧠 [428/675] Решаю geo_ege_p153_16...
   🗺️ Использую карту/таблицу для решения...
   ✅ Ответ: -2
🧠 [429/675] Решаю geo_ege_p153_17...
   ✅ Ответ: Монголия
🧠 [430/675] Решаю geo_ege_p153_18...
   ✅ Ответ: Иркутская
🧠 [431/675] Решаю geo_ege_p154_19...
   🗺️ Использую карту/таблицу для решения...
   ✅ Ответ: 321
🧠 [432/675] Решаю geo_ege_p154_20...
   🗺️ Использую карту/таблицу для решения...
   ✅ Ответ: 425
🧠 [433/675] Решаю geo_ege_p156_25...
   ✅ Ответ: Бурунди
🧠 [434/675] Решаю geo_ege_p156_26...
   🗺️ Использую карту/таблицу для решения...
   ✅ Ответ: 1 Пункт Б расположен на наветренном западном склоне в зоне действия западного переноса воздушных масс
2 Пункт Б расположен на большей высоте по сравнению с пунктом А
🧠 [435/675] Решаю geo_ege_p156_27...
   ✅ Ответ: 1 Увеличение продолжительности навигационного периода
2 Улучшение условий судоходства (увеличение глубины рек) вследствие роста их водности
🧠 [436/675] Решаю geo_ege_p156_28...
   ✅ Ответ: 45° з д
🧠 [437/675] Решаю geo_ege_p157_29...
   🗺️ Использую карту/таблицу для решения...
   ✅ Ответ: 1 Максимальный расход воды приходится на май, что свидетельствует о весеннем половодье, характерном для рек Томской области с преобладанием снегового питания
2 В Еврейской автономной области реки находятся в области муссонного климата, поэтому пик расхода воды на них приходится на летне-осенний период (июль—август), а не на май
🧠 [438/675] Решаю geo_ege_p158_1...
   ✅ Ответ: Архангельская
🧠 [439/675] Решаю geo_ege_p158_2...
   🗺️ Использую карту/таблицу для решения...
   ✅ Ответ: 213
🧠 [440/675] Решаю geo_ege_p158_3...
   ✅ Ответ: 132
🧠 [443/675] Решаю geo_ege_p160_6...
   ✅ Ответ: 124
🧠 [444/675] Решаю geo_ege_p160_7...
   🗺️ Использую карту/таблицу для решения...
   ✅ Ответ: 132
🧠 [445/675] Решаю geo_ege_p161_8...
   ✅ Ответ: 123
🧠 [446/675] Решаю geo_ege_p161_9...
   ✅ Ответ: 146
🧠 [447/675] Решаю geo_ege_p161_10...
   🗺️ Использую карту/таблицу для решения...
   ✅ Ответ: 12
🧠 [448/675] Решаю geo_ege_p162_11...
   🗺️ Использую карту/таблицу для решения...
   ✅ Ответ: 213
🧠 [449/675] Решаю geo_ege_p162_12...
   ✅ Ответ: 45
🧠 [450/675] Решаю geo_ege_p162_13...
   ✅ Ответ: 312
🧠 [451/675] Решаю geo_ege_p163_14...
   🗺️ Использую карту/таблицу для решения...
   ✅ Ответ: 15
🧠 [452/675] Решаю geo_ege_p163_15...
   ✅ Ответ: 444
🧠 [453/675] Решаю geo_ege_p163_16...
   🗺️ Использую карту/таблицу для решения...
   ✅ Ответ: 0,8
🧠 [454/675] Решаю geo_ege_p164_17...
   ✅ Ответ: Аргентина
🧠 [455/675] Решаю geo_ege_p164_18...
   ✅ Ответ: Пермский
🧠 [456/675] Решаю geo_ege_p164_19...
   🗺️ Использую карту/таблицу для решения...
   ✅ Ответ: 123
321
🧠 [457/675] Решаю geo_ege_p164_20...
   🗺️ Использую карту/таблицу для решения...
   ✅ Ответ: 132
🧠 [458/675] Решаю geo_ege_p165_19...
   ✅ Ответ: 321
🧠 [459/675] Решаю geo_ege_p165_20...
   🗺️ Использую карту/таблицу для решения...
   ✅ Ответ: 454
🧠 [460/675] Решаю geo_ege_p166_21...
   ✅ Ответ: Уральская
🧠 [461/675] Решаю geo_ege_p166_22...
   ✅ Ответ: Производство товаров внутри страны для замены аналогичной продукции, ввозимой из-за рубежа (импортной)
🧠 [462/675] Решаю geo_ege_p166_23...
   ✅ Ответ: Развитие цветной металлургии
🧠 [463/675] Решаю geo_ege_p166_24...
   ✅ Ответ: Габон
🧠 [464/675] Решаю geo_ege_p166_25...
   ✅ Ответ: Гамбия
🧠 [465/675] Решаю geo_ege_p166_26...
   🗺️ Использую карту/таблицу для решения...
   ✅ Ответ: 2 Таяние морских льдов
3 Сокращение среды обитания
🧠 [466/675] Решаю geo_ege_p167_27...
   🗺️ Использую карту/таблицу для решения...
   ✅ Ответ: 1) Южнее расположен пункт B
2) В пункте B средняя температура воздуха в июне — августе (в зимний период) ниже, чем в пункте А
3) В пункте B годовая амплитуда температуры воздуха больше, чем в пункте А
🧠 [467/675] Решаю geo_ege_p167_28...
   ✅ Ответ: 25° зд
🧠 [468/675] Решаю geo_ege_p167_29...
   ✅ Ответ: 1 Создание новых рабочих мест в сфере услуг и рост налоговых поступлений в бюджет региона
2 Рост антропогенной нагрузки на уязвимые северные экосистемы (разрушение почвенно-растительного покрова, загрязнение территории)
🧠 [469/675] Решаю geo_ege_p168_1...
   ✅ Ответ: Алжир
🧠 [470/675] Решаю geo_ege_p168_2...
   🗺️ Использую карту/таблицу для решения...
   ✅ Ответ: 231
🧠 [471/675] Решаю geo_ege_p168_3...
   ✅ Ответ: 123
🧠 [474/675] Решаю geo_ege_p170_6...
   ✅ Ответ: 125
🧠 [475/675] Решаю geo_ege_p170_7...
   🗺️ Использую карту/таблицу для решения...
   ✅ Ответ: 123
🧠 [476/675] Решаю geo_ege_p171_8...
   ✅ Ответ: 312
🧠 [477/675] Решаю geo_ege_p171_9...
   ✅ Ответ: 135
🧠 [478/675] Решаю geo_ege_p171_10...
   🗺️ Использую карту/таблицу для решения...
   ✅ Ответ: 14
🧠 [479/675] Решаю geo_ege_p172_11...
   🗺️ Использую карту/таблицу для решения...
   ✅ Ответ: 213
🧠 [480/675] Решаю geo_ege_p172_12...
   ✅ Ответ: 23
🧠 [481/675] Решаю geo_ege_p173_13...
   ✅ Ответ: 321
🧠 [482/675] Решаю geo_ege_p173_14...
   🗺️ Использую карту/таблицу для решения...
   ✅ Ответ: 21
🧠 [483/675] Решаю geo_ege_p173_15...
   ✅ Ответ: 11
🧠 [484/675] Решаю geo_ege_p175_19...
   🗺️ Использую карту/таблицу для решения...
   ✅ Ответ: 213
🧠 [485/675] Решаю geo_ege_p175_20...
   🗺️ Использую карту/таблицу для решения...
   ✅ Ответ: 134
🧠 [486/675] Решаю geo_ege_p176_20...
   🗺️ Использую карту/таблицу для решения...
   ✅ Ответ: 213
🧠 [487/675] Решаю geo_ege_p176_21...
   ✅ Ответ: Западная Сибирь
🧠 [488/675] Решаю geo_ege_p176_22...
   ✅ Ответ: Оборотное водоснабжение
🧠 [489/675] Решаю geo_ege_p177_23...
   ✅ Ответ: Потребительский
🧠 [490/675] Решаю geo_ege_p177_24...
   ✅ Ответ: Колумбия
🧠 [491/675] Решаю geo_ege_p177_25...
   ✅ Ответ: Буркина-Фасо
🧠 [492/675] Решаю geo_ege_p177_26...
   ✅ Ответ: 1 В декабре в Рио-де-Жанейро угол падения солнечных лучей больше, чем в Джакарте
2 В декабре в Рио-де-Жанейро продолжительность светового дня больше, чем в Джакарте
🧠 [493/675] Решаю geo_ege_p177_27...
   🗺️ Использую карту/таблицу для решения...
   ✅ Ответ: 3
🧠 [494/675] Решаю geo_ege_p177_28...
   ✅ Ответ: 60° з д
🧠 [495/675] Решаю geo_ege_p178_29...
   ✅ Ответ: 1 Энергетический фактор: производство алюминия является энергоёмким, а в Иркутской области работают крупные ГЭС, производящие дешёвую электроэнергию
2 Транспортный фактор: город Тайшет является крупным железнодорожным узлом на пересечении Транссибирской и Байкало-Амурской магистралей, что обеспечивает подвоз сырья и вывоз готовой продукции
🧠 [496/675] Решаю geo_ege_p179_1...
   ✅ Ответ: Свердловская
🧠 [497/675] Решаю geo_ege_p179_2...
   🗺️ Использую карту/таблицу для решения...
   ✅ Ответ: 123
🧠 [498/675] Решаю geo_ege_p179_3...
   ✅ Ответ: 132
🧠 [499/675] Решаю geo_ege_p181_6...
   ✅ Ответ: 156
🧠 [500/675] Решаю geo_ege_p181_7...
   🗺️ Использую карту/таблицу для решения...
   ✅ Ответ: 312
🧠 [501/675] Решаю geo_ege_p181_8...
   ✅ Ответ: 123
🧠 [505/675] Решаю geo_ege_p183_12...
   ✅ Ответ: 24
🧠 [506/675] Решаю geo_ege_p183_13...
   ✅ Ответ: 123
🧠 [507/675] Решаю geo_ege_p183_14...
   🗺️ Использую карту/таблицу для решения...
   ✅ Ответ: 17
🧠 [508/675] Решаю geo_ege_p184_15...
   ✅ Ответ: 285
🧠 [509/675] Решаю geo_ege_p184_16...
   🗺️ Использую карту/таблицу для решения...
   ✅ Ответ: 2,6
🧠 [510/675] Решаю geo_ege_p184_17...
   ✅ Ответ: Египет
🧠 [513/675] Решаю geo_ege_p186_20...
   🗺️ Использую карту/таблицу для решения...
   ✅ Ответ: 413
🧠 [514/675] Решаю geo_ege_p186_21...
   ✅ Ответ: Республика Карелия
🧠 [515/675] Решаю geo_ege_p186_22...
   ✅ Ответ: Населённый пункт, экономика которого зависит от деятельности одного крупного предприятия или одной отрасли хозяйства
🧠 [516/675] Решаю geo_ege_p186_23...
   ✅ Ответ: Положение в лесной зоне
🧠 [517/675] Решаю geo_ege_p187_24...
   ✅ Ответ: Чили 
1) В Чили ожидаемая продолжительность жизни выше (80 лет), чем в ЮАР (63 года)
2) В Чили показатель ВВП на душу населения выше (24 500 долл), чем в ЮАР (13 500 долл)
🧠 [518/675] Решаю geo_ege_p187_25...
   ✅ Ответ: Намибия
🧠 [519/675] Решаю geo_ege_p187_26...
   ✅ Ответ: 1 Наличие в стране огромных запасов угля
2 Преобладание угольных ТЭС в структуре электроэнергетики страны
🧠 [520/675] Решаю geo_ege_p187_27...
   🗺️ Использую карту/таблицу для решения...
   ✅ Ответ: 1 Участок 2
2 Участок расположен на крутом склоне
3 Поверхность участка не закреплена древесно-кустарниковой растительностью
🧠 [521/675] Решаю geo_ege_p188_28...
   ✅ Ответ: 25° з д
🧠 [522/675] Решаю geo_ege_p188_29...
   ✅ Ответ: 1 Развитие сельского хозяйства ведет к увеличению выбросов парниковых газов (например, метана в животноводстве или при выращивании риса), что способствует глобальному потеплению
2 Изменение климата (повышение температур, изменение режима осадков) влияет на урожайность сельскохозяйственных культур и приводит к смещению границ зон земледелия
🧠 [523/675] Решаю geo_ege_p189_1...
   ✅ Ответ: Пермский край
🧠 [524/675] Решаю geo_ege_p189_2...
   🗺️ Использую карту/таблицу для решения...
   ✅ Ответ: 123
🧠 [525/675] Решаю geo_ege_p189_3...
   ✅ Ответ: 312
🧠 [527/675] Решаю geo_ege_p192_7...
   🗺️ Использую карту/таблицу для решения...
   ✅ Ответ: 312
🧠 [528/675] Решаю geo_ege_p192_8...
   ✅ Ответ: 231
🧠 [529/675] Решаю geo_ege_p193_9...
   ✅ Ответ: 126
🧠 [530/675] Решаю geo_ege_p193_10...
   🗺️ Использую карту/таблицу для решения...
   ✅ Ответ: 123
🧠 [531/675] Решаю geo_ege_p194_11...
   🗺️ Использую карту/таблицу для решения...
   ✅ Ответ: 312
🧠 [532/675] Решаю geo_ege_p194_12...
   ✅ Ответ: 12
🧠 [533/675] Решаю geo_ege_p195_13...
   ✅ Ответ: 312
🧠 [534/675] Решаю geo_ege_p195_14...
   🗺️ Использую карту/таблицу для решения...
   ✅ Ответ: 17
🧠 [535/675] Решаю geo_ege_p195_15...
   ✅ Ответ: 139
🧠 [536/675] Решаю geo_ege_p197_19...
   🗺️ Использую карту/таблицу для решения...
   ✅ Ответ: 231
🧠 [537/675] Решаю geo_ege_p197_20...
   🗺️ Использую карту/таблицу для решения...
   ✅ Ответ: 245
🧠 [538/675] Решаю geo_ege_p198_20...
   🗺️ Использую карту/таблицу для решения...
   ✅ Ответ: 245
🧠 [539/675] Решаю geo_ege_p198_21...
   ✅ Ответ: Уральский
🧠 [540/675] Решаю geo_ege_p198_22...
   ✅ Ответ: Использование промышленных отходов (металлургических и золошлаковых) в качестве сырья
🧠 [541/675] Решаю geo_ege_p198_23...
   ✅ Ответ: 1 Развитие в регионе металлургической промышленности (наличие крупных металлургических предприятий)
2 Развитие в регионе тепловой электроэнергетики (наличие ТЭС, работающих на угле)
🧠 [542/675] Решаю geo_ege_p198_24...
   ✅ Ответ: Конго
🧠 [543/675] Решаю geo_ege_p199_25...
   ✅ Ответ: Бразилия
🧠 [544/675] Решаю geo_ege_p199_26...
   🗺️ Использую карту/таблицу для решения...
   ✅ Ответ: 2 Сокращение выбросов углекислого газа (парниковых газов)
3 Ослабление парникового эффекта
🧠 [545/675] Решаю geo_ege_p199_27...
   🗺️ Использую карту/таблицу для решения...
   ✅ Ответ: 1) Доля лиц пожилого возраста увеличится
2) К 2030 г прогнозируется снижение рождаемости (с 18 ‰ до 14 ‰)
3) К 2030 г прогнозируется увеличение средней продолжительности жизни (с 76 лет до 79 лет)
🧠 [546/675] Решаю geo_ege_p199_28...
   ✅ Ответ: 45° з д
🧠 [547/675] Решаю geo_ege_p199_29...
   ✅ Ответ: Выбрана точка зрения о связи обмеления рек с деятельностью человека:
1 Рост объёмов забора воды из малых рек для нужд сельского хозяйства (орошения), промышленности и жилищно-коммунального хозяйства
2 Вырубка лесов в долинах и бассейнах рек, что приводит к снижению уровня грунтовых вод, питающих реки, и нарушению режима стока
🧠 [548/675] Решаю geo_ege_p200_1...
   ✅ Ответ: Алжир
🧠 [549/675] Решаю geo_ege_p200_2...
   🗺️ Использую карту/таблицу для решения...
   ✅ Ответ: 321
🧠 [550/675] Решаю geo_ege_p200_3...
   ✅ Ответ: 132
🧠 [554/675] Решаю geo_ege_p202_7...
   🗺️ Использую карту/таблицу для решения...
   ✅ Ответ: 231
🧠 [555/675] Решаю geo_ege_p202_8...
   ✅ Ответ: 132
🧠 [556/675] Решаю geo_ege_p202_9...
   ✅ Ответ: 245
🧠 [559/675] Решаю geo_ege_p204_12...
   ✅ Ответ: 14
🧠 [560/675] Решаю geo_ege_p204_13...
   ✅ Ответ: 321
🧠 [561/675] Решаю geo_ege_p204_14...
   🗺️ Использую карту/таблицу для решения...
   ✅ Ответ: 12
🧠 [562/675] Решаю geo_ege_p205_15...
   ✅ Ответ: 250970
🧠 [563/675] Решаю geo_ege_p205_16...
   🗺️ Использую карту/таблицу для решения...
   ✅ Ответ: -1,4
🧠 [564/675] Решаю geo_ege_p205_17...
   ✅ Ответ: Аргентина
🧠 [565/675] Решаю geo_ege_p205_18...
   ✅ Ответ: Дагестан
🧠 [566/675] Решаю geo_ege_p206_19...
   🗺️ Использую карту/таблицу для решения...
   ✅ Ответ: 132
🧠 [567/675] Решаю geo_ege_p208_24...
   ✅ Ответ: Боливия
🧠 [568/675] Решаю geo_ege_p208_25...
   ✅ Ответ: Гамбия
🧠 [569/675] Решаю geo_ege_p208_26...
   ✅ Ответ: 1 Расположение города в межгорной котловине (способствует застою воздуха)
2 Наличие в городе крупных предприятий черной металлургии
🧠 [570/675] Решаю geo_ege_p208_27...
   🗺️ Использую карту/таблицу для решения...
   ✅ Ответ: B
🧠 [571/675] Решаю geo_ege_p208_28...
   🗺️ Использую карту/таблицу для решения...
   ✅ Ответ: Пункт B

Обоснование:
1 20 декабря Солнце раньше всего поднимется над горизонтом в пунктах, расположенных восточнее (пункты A и B находятся восточнее пункта C)
2 20 декабря в Северном полушарии (в зимний период) продолжительность светового дня увеличивается при движении с севера на юг, поэтому в пункте B, который находится южнее пункта A, Солнце поднимется раньше
🧠 [572/675] Решаю geo_ege_p209_29...
   ✅ Ответ: Аргументы в пользу положительного влияния:
1 Регулирование стока Нила позволило предотвратить катастрофические наводнения и обеспечило стабильное водоснабжение полей даже в засушливые годы
2 Переход к круглогодичному орошению позволил крестьянам собирать по два-три урожая в год и расширить площади обрабатываемых земель за счет освоения пустынных территорий
🧠 [573/675] Решаю geo_ege_p210_1...
   ✅ Ответ: Канада
🧠 [574/675] Решаю geo_ege_p210_2...
   🗺️ Использую карту/таблицу для решения...
   ✅ Ответ: 123
🧠 [575/675] Решаю geo_ege_p210_3...
   ✅ Ответ: 231
🧠 [579/675] Решаю geo_ege_p212_7...
   🗺️ Использую карту/таблицу для решения...
   ✅ Ответ: 123
🧠 [580/675] Решаю geo_ege_p212_8...
   ✅ Ответ: 213
🧠 [581/675] Решаю geo_ege_p212_9...
   ✅ Ответ: 236
🧠 [582/675] Решаю geo_ege_p213_10...
   🗺️ Использую карту/таблицу для решения...
   ✅ Ответ: 12
🧠 [583/675] Решаю geo_ege_p213_11...
   🗺️ Использую карту/таблицу для решения...
   ✅ Ответ: 123
🧠 [584/675] Решаю geo_ege_p214_12...
   ✅ Ответ: 245
🧠 [585/675] Решаю geo_ege_p214_13...
   ✅ Ответ: 123
🧠 [586/675] Решаю geo_ege_p214_14...
   🗺️ Использую карту/таблицу для решения...
   ✅ Ответ: 15
🧠 [587/675] Решаю geo_ege_p215_15...
   ✅ Ответ: 1077
🧠 [588/675] Решаю geo_ege_p215_16...
   🗺️ Использую карту/таблицу для решения...
   ✅ Ответ: 6,5
🧠 [589/675] Решаю geo_ege_p215_17...
   ✅ Ответ: Испания
🧠 [590/675] Решаю geo_ege_p216_18...
   ✅ Ответ: Астраханская
🧠 [591/675] Решаю geo_ege_p216_19...
   🗺️ Использую карту/таблицу для решения...
   ✅ Ответ: 231
🧠 [592/675] Решаю geo_ege_p217_20...
   🗺️ Использую карту/таблицу для решения...
   ✅ Ответ: 312
🧠 [593/675] Решаю geo_ege_p217_21...
   ✅ Ответ: Пермский край
🧠 [594/675] Решаю geo_ege_p217_22...
   ✅ Ответ: Основная химия
🧠 [595/675] Решаю geo_ege_p217_23...
   ✅ Ответ: Наличие крупных месторождений природного газа
🧠 [596/675] Решаю geo_ege_p218_24...
   ✅ Ответ: Уругвай
🧠 [597/675] Решаю geo_ege_p218_25...
   ✅ Ответ: Сенегал
🧠 [598/675] Решаю geo_ege_p218_26...
   ✅ Ответ: 1 Наличие лесных ресурсов
2 Хорошая обеспеченность водными ресурсами
🧠 [599/675] Решаю geo_ege_p218_27...
   🗺️ Использую карту/таблицу для решения...
   ✅ Ответ: 1) B
2) Пункт B расположен на наветренном склоне гор
3) В данных широтах преобладают северо-восточные пассаты, приносящие влажные воздушные массы с океана
🧠 [600/675] Решаю geo_ege_p220_1...
   ✅ Ответ: Кения
🧠 [601/675] Решаю geo_ege_p220_2...
   🗺️ Использую карту/таблицу для решения...
   ✅ Ответ: 321
🧠 [602/675] Решаю geo_ege_p220_3...
   ✅ Ответ: 213
🧠 [606/675] Решаю geo_ege_p222_7...
   🗺️ Использую карту/таблицу для решения...
   ✅ Ответ: 213
🧠 [607/675] Решаю geo_ege_p222_8...
   ✅ Ответ: 123
🧠 [608/675] Решаю geo_ege_p222_9...
   ✅ Ответ: 134
🧠 [609/675] Решаю geo_ege_p223_10...
   🗺️ Использую карту/таблицу для решения...
   ✅ Ответ: 12
🧠 [610/675] Решаю geo_ege_p223_11...
   🗺️ Использую карту/таблицу для решения...
   ✅ Ответ: 213
🧠 [611/675] Решаю geo_ege_p224_12...
   ✅ Ответ: 45
🧠 [612/675] Решаю geo_ege_p224_13...
   ✅ Ответ: 213
🧠 [613/675] Решаю geo_ege_p224_14...
   🗺️ Использую карту/таблицу для решения...
   ✅ Ответ: 23
🧠 [614/675] Решаю geo_ege_p226_19...
   🗺️ Использую карту/таблицу для решения...
   ✅ Ответ: 132
🧠 [615/675] Решаю geo_ege_p227_20...
   🗺️ Использую карту/таблицу для решения...
   ✅ Ответ: 314
🧠 [616/675] Решаю geo_ege_p228_21...
   ✅ Ответ: Восточная Сибирь
🧠 [617/675] Решаю geo_ege_p228_22...
   ✅ Ответ: 1 Работа Иркутской ГЭС (регулирование стока через плотину)
2 Вырубка лесов в бассейне озера (на водосборной площади)
🧠 [618/675] Решаю geo_ege_p228_23...
   ✅ Ответ: Закрытие или перепрофилирование экологически опасных производств (например, Байкальского целлюлозно-бумажного комбината)
🧠 [619/675] Решаю geo_ege_p228_24...
   ✅ Ответ: 1 Венесуэла
2 Ожидаемая продолжительность жизни в Венесуэле (72 года) выше, чем в Конго (65 лет)
3 ВВП на душу населения в Венесуэле (380 700 млн долл / 31,9 млн чел ≈ 11 934 доллара) выше, чем в Конго (28 100 млн долл / 5,3 млн чел ≈ 5 302 доллара)
🧠 [620/675] Решаю geo_ege_p228_25...
   ✅ Ответ: Эквадор
🧠 [621/675] Решаю geo_ege_p228_26...
   ✅ Ответ: 1 Наличие в городе действующего производства чугуна
2 Близость города к крупным потребителям металла
🧠 [622/675] Решаю geo_ege_p228_27...
   🗺️ Использую карту/таблицу для решения...
   ✅ Ответ: Горная система А
1 Горная система А расположена ближе к экватору (в более низких широтах)
2 Горная система А имеет бо́льшую высоту
🧠 [623/675] Решаю geo_ege_p229_28...
   🗺️ Использую карту/таблицу для решения...
   ✅ Ответ: Б
🧠 [624/675] Решаю geo_ege_p229_29...
   ✅ Ответ: 1 Увеличение продолжительности вегетационного периода (или возможность выращивания более теплолюбивых сельскохозяйственных культур)
2 Сокращение продолжительности отопительного периода (или экономия топлива/энергии на отопление зданий)
🧠 [625/675] Решаю geo_ege_p230_1...
   ✅ Ответ: Тюменская область
🧠 [626/675] Решаю geo_ege_p230_2...
   🗺️ Использую карту/таблицу для решения...
   ✅ Ответ: 123
🧠 [627/675] Решаю geo_ege_p230_3...
   ✅ Ответ: 321
🧠 [628/675] Решаю geo_ege_p231_4...
   ✅ Ответ: 123
🧠 [629/675] Решаю geo_ege_p231_5...
   ✅ Ответ: 216
🧠 [630/675] Решаю geo_ege_p231_6...
   ✅ Ответ: 345
🧠 [631/675] Решаю geo_ege_p232_7...
   🗺️ Использую карту/таблицу для решения...
   ✅ Ответ: 312
🧠 [632/675] Решаю geo_ege_p232_8...
   ✅ Ответ: 213
🧠 [633/675] Решаю geo_ege_p232_9...
   ✅ Ответ: 123
🧠 [634/675] Решаю geo_ege_p233_10...
   🗺️ Использую карту/таблицу для решения...
   ✅ Ответ: 124
🧠 [635/675] Решаю geo_ege_p233_11...
   🗺️ Использую карту/таблицу для решения...
   ✅ Ответ: 123
🧠 [636/675] Решаю geo_ege_p234_12...
   ✅ Ответ: 23
🧠 [637/675] Решаю geo_ege_p234_13...
   ✅ Ответ: 213
🧠 [638/675] Решаю geo_ege_p234_14...
   🗺️ Использую карту/таблицу для решения...
   ✅ Ответ: 3
🧠 [639/675] Решаю geo_ege_p236_19...
   🗺️ Использую карту/таблицу для решения...
   ✅ Ответ: 123
🧠 [640/675] Решаю geo_ege_p237_20...
   🗺️ Использую карту/таблицу для решения...
   ✅ Ответ: 542
🧠 [641/675] Решаю geo_ege_p237_21...
   ✅ Ответ: Восточная Сибирь
🧠 [642/675] Решаю geo_ege_p237_22...
   ✅ Ответ: Газопроводы
🧠 [643/675] Решаю geo_ege_p237_23...
   ✅ Ответ: Наличие дешёвой электроэнергии (Богучанская ГЭС), так как производство полимеров является энергоёмким
🧠 [644/675] Решаю geo_ege_p238_24...
   ✅ Ответ: Венесуэла
🧠 [645/675] Решаю geo_ege_p238_25...
   ✅ Ответ: Сенегал
🧠 [646/675] Решаю geo_ege_p238_26...
   🗺️ Использую карту/таблицу для решения...
   ✅ Ответ: 2 Снижение содержания углекислого газа в атмосфере
3 Ослабление парникового эффекта
🧠 [647/675] Решаю geo_ege_p238_27...
   🗺️ Использую карту/таблицу для решения...
   ✅ Ответ: 1) Темпы естественного прироста населения снизятся (станут отрицательными)
2) В детородный возраст будут вступать малочисленные поколения детей (текущие возрастные группы от 0 до 20 лет), что приведет к снижению рождаемости
3) Доля лиц пожилого возраста значительно увеличится (за счет перехода в эту категорию многочисленных групп населения в возрасте 40–60 лет), что приведет к росту смертности
🧠 [648/675] Решаю geo_ege_p239_28...
   ✅ Ответ: 57
🧠 [649/675] Решаю geo_ege_p239_29...
   ✅ Ответ: 1 В растениеводстве основным источником метана является выращивание риса на заливных полях (чеках), где в переувлажнённой почве происходит анаэробное разложение органических веществ
2 В животноводстве метан выделяется в процессе пищеварения (ферментации) у крупного рогатого скота, а также при хранении и разложении навоза
🧠 [650/675] Решаю geo_ege_p240_1...
   ✅ Ответ: Иран
🧠 [651/675] Решаю geo_ege_p240_2...
   🗺️ Использую карту/таблицу для решения...
   ✅ Ответ: 231
🧠 [652/675] Решаю geo_ege_p240_3...
   ✅ Ответ: 123
🧠 [653/675] Решаю geo_ege_p241_4...
   🗺️ Использую карту/таблицу для решения...
   ✅ Ответ: 234
🧠 [654/675] Решаю geo_ege_p241_5...
   ✅ Ответ: 235
🧠 [655/675] Решаю geo_ege_p242_6...
   ✅ Ответ: 135
🧠 [656/675] Решаю geo_ege_p242_7...
   🗺️ Использую карту/таблицу для решения...
   ✅ Ответ: 123
🧠 [660/675] Решаю geo_ege_p244_11...
   🗺️ Использую карту/таблицу для решения...
   ✅ Ответ: 231
🧠 [661/675] Решаю geo_ege_p244_12...
   ✅ Ответ: 24
🧠 [662/675] Решаю geo_ege_p245_13...
   ✅ Ответ: 132
🧠 [663/675] Решаю geo_ege_p245_14...
   🗺️ Использую карту/таблицу для решения...
   ✅ Ответ: 5
🧠 [664/675] Решаю geo_ege_p245_15...
   ✅ Ответ: 9,5
🧠 [665/675] Решаю geo_ege_p247_19...
   🗺️ Использую карту/таблицу для решения...
   ✅ Ответ: 231
🧠 [666/675] Решаю geo_ege_p248_20...
   🗺️ Использую карту/таблицу для решения...
   ✅ Ответ: 544
🧠 [667/675] Решаю geo_ege_p248_21...
   ✅ Ответ: Центральный
🧠 [668/675] Решаю geo_ege_p248_22...
   ✅ Ответ: Близость к потребителям
🧠 [669/675] Решаю geo_ege_p249_23...
   ✅ Ответ: Наличие в городе производства чугуна
🧠 [670/675] Решаю geo_ege_p249_24...
   ✅ Ответ: Парагвай
🧠 [671/675] Решаю geo_ege_p249_25...
   ✅ Ответ: 1) Доля сельского хозяйства в ВВП Ганы (19,7%) выше, чем в ВВП ЮАР (2,8%)
2) Доля сельского хозяйства в экспорте Ганы (2,4 / 13,8 × 100 ≈ 17,4%) выше, чем в экспорте ЮАР (10,4 / 94,4 × 100 ≈ 11,0%)
3) Гана
🧠 [672/675] Решаю geo_ege_p249_26...
   ✅ Ответ: 1 Холодное Перуанское течение
2 Область высокого атмосферного давления
🧠 [673/675] Решаю geo_ege_p249_27...
   ✅ Ответ: 1 Предсказуемость (регулярность) выработки электроэнергии
2 Независимость от погодных условий
🧠 [674/675] Решаю geo_ege_p249_28...
   ✅ Ответ: 45° в д
🧠 [675/675] Решаю geo_ege_p249_29...
   ✅ Ответ: Выбрана точка зрения об установке на автомобилях электрических двигателей 
1 При работе электродвигателей отсутствуют выбросы углекислого газа
2 Углекислый газ является парниковым газом, поэтому сокращение его выбросов способствует замедлению процесса глобального потепления
🎉 УРА! География полностью решена!
Traceback (most recent call last):
  File "/root/neuro-repetitor-bot/vk_repetitor_bot.py", line 17, in <module>
    longpoll = VkLongPoll(vk_session)
  File "/usr/local/lib/python3.10/dist-packages/vk_api/longpoll.py", line 511, in __init__
    self.update_longpoll_server()
  File "/usr/local/lib/python3.10/dist-packages/vk_api/longpoll.py", line 524, in update_longpoll_server
    response = self.vk.method('messages.getLongPollServer', values)
  File "/usr/local/lib/python3.10/dist-packages/vk_api/vk_api.py", line 934, in method
    raise error
vk_api.exceptions.ApiError: [5] User authorization failed: invalid access_token (4).
